../Libraries/ArduinoJoystickWithFFBLibrary/ffb_library.cpp:17:14:Wheel_Status ffb_init()	0	static
../Libraries/ArduinoJoystickWithFFBLibrary/ffb_library.cpp:26:6:void ffb_updateAxis(int32_t)	0	static
../Libraries/ArduinoJoystickWithFFBLibrary/ffb_library.cpp:31:10:uint8_t* FfbOnPIDBlockLoad()	0	static
../Libraries/ArduinoJoystickWithFFBLibrary/ffb_library.cpp:34:10:uint8_t* FfbOnPIDPool()	0	static
../Libraries/ArduinoJoystickWithFFBLibrary/ffb_library.cpp:37:10:uint8_t* FfbOnPIDStatus()	0	static
../Libraries/ArduinoJoystickWithFFBLibrary/ffb_library.cpp:40:6:void FfbOnUsbData(uint8_t*, uint8_t)	0	static
../Libraries/ArduinoJoystickWithFFBLibrary/ffb_library.cpp:43:6:void FfbOnCreateNewEffect(USB_FFBReport_CreateNewEffect_Feature_Data_t*)	0	static
../Libraries/ArduinoJoystickWithFFBLibrary/ffb_library.cpp:47:6:void ffb_getForces(int32_t*)	0	static
../Libraries/ArduinoJoystickWithFFBLibrary/ffb_library.cpp:49:1:cpp)	8	static
../Libraries/ArduinoJoystickWithFFBLibrary/ffb_library.cpp:49:1:cpp)	0	static
