../Libraries/ArduinoJoystickWithFFBLibrary/ffb_library.cpp:16:14:Wheel_Status ffb_init()	8	static
../Libraries/ArduinoJoystickWithFFBLibrary/ffb_library.cpp:23:6:void ffb_updateAxis(int32_t)	16	static
../Libraries/ArduinoJoystickWithFFBLibrary/ffb_library.cpp:29:10:uint8_t* FfbOnPIDBlockLoad()	8	static
../Libraries/ArduinoJoystickWithFFBLibrary/ffb_library.cpp:33:10:uint8_t* FfbOnPIDPool()	8	static
../Libraries/ArduinoJoystickWithFFBLibrary/ffb_library.cpp:37:10:uint8_t* FfbOnPIDStatus()	8	static
../Libraries/ArduinoJoystickWithFFBLibrary/ffb_library.cpp:41:6:void FfbOnUsbData(uint8_t*, uint8_t)	16	static
../Libraries/ArduinoJoystickWithFFBLibrary/ffb_library.cpp:44:6:void FfbOnCreateNewEffect(uint8_t*)	16	static
../Libraries/ArduinoJoystickWithFFBLibrary/ffb_library.cpp:48:6:void ffb_getForces(int32_t*)	16	static
../Libraries/ArduinoJoystickWithFFBLibrary/ffb_library.cpp:50:1:void __static_initialization_and_destruction_0()	16	static
../Libraries/ArduinoJoystickWithFFBLibrary/ffb_library.cpp:50:1:void __static_initialization_and_destruction_1()	8	static
../Libraries/ArduinoJoystickWithFFBLibrary/ffb_library.cpp:50:1:cpp)	8	static
../Libraries/ArduinoJoystickWithFFBLibrary/ffb_library.cpp:50:1:cpp)	8	static
