Archive member included to satisfy reference by file (symbol)

C:/Program Files/STMicroelectronics/STM32CubeIDE_1.16.0/STM32CubeIDE/plugins/com.st.stm32cube.ide.mcu.externaltools.gnu-tools-for-stm32.13.3.rel1.win32_1.0.0.202411081344/tools/bin/../lib/gcc/arm-none-eabi/13.3.1/../../../../arm-none-eabi/lib/thumb/v7-m/nofp\libm.a(libm_a-sf_cos.o)
                              ./Libraries/ArduinoJoystickWithFFBLibrary/FfbEngine.o (cosf)
C:/Program Files/STMicroelectronics/STM32CubeIDE_1.16.0/STM32CubeIDE/plugins/com.st.stm32cube.ide.mcu.externaltools.gnu-tools-for-stm32.13.3.rel1.win32_1.0.0.202411081344/tools/bin/../lib/gcc/arm-none-eabi/13.3.1/../../../../arm-none-eabi/lib/thumb/v7-m/nofp\libm.a(libm_a-sf_sin.o)
                              ./Libraries/ArduinoJoystickWithFFBLibrary/FfbEngine.o (sinf)
C:/Program Files/STMicroelectronics/STM32CubeIDE_1.16.0/STM32CubeIDE/plugins/com.st.stm32cube.ide.mcu.externaltools.gnu-tools-for-stm32.13.3.rel1.win32_1.0.0.202411081344/tools/bin/../lib/gcc/arm-none-eabi/13.3.1/../../../../arm-none-eabi/lib/thumb/v7-m/nofp\libm.a(libm_a-kf_cos.o)
                              C:/Program Files/STMicroelectronics/STM32CubeIDE_1.16.0/STM32CubeIDE/plugins/com.st.stm32cube.ide.mcu.externaltools.gnu-tools-for-stm32.13.3.rel1.win32_1.0.0.202411081344/tools/bin/../lib/gcc/arm-none-eabi/13.3.1/../../../../arm-none-eabi/lib/thumb/v7-m/nofp\libm.a(libm_a-sf_cos.o) (__kernel_cosf)
C:/Program Files/STMicroelectronics/STM32CubeIDE_1.16.0/STM32CubeIDE/plugins/com.st.stm32cube.ide.mcu.externaltools.gnu-tools-for-stm32.13.3.rel1.win32_1.0.0.202411081344/tools/bin/../lib/gcc/arm-none-eabi/13.3.1/../../../../arm-none-eabi/lib/thumb/v7-m/nofp\libm.a(libm_a-kf_sin.o)
                              C:/Program Files/STMicroelectronics/STM32CubeIDE_1.16.0/STM32CubeIDE/plugins/com.st.stm32cube.ide.mcu.externaltools.gnu-tools-for-stm32.13.3.rel1.win32_1.0.0.202411081344/tools/bin/../lib/gcc/arm-none-eabi/13.3.1/../../../../arm-none-eabi/lib/thumb/v7-m/nofp\libm.a(libm_a-sf_cos.o) (__kernel_sinf)
C:/Program Files/STMicroelectronics/STM32CubeIDE_1.16.0/STM32CubeIDE/plugins/com.st.stm32cube.ide.mcu.externaltools.gnu-tools-for-stm32.13.3.rel1.win32_1.0.0.202411081344/tools/bin/../lib/gcc/arm-none-eabi/13.3.1/../../../../arm-none-eabi/lib/thumb/v7-m/nofp\libm.a(libm_a-ef_rem_pio2.o)
                              C:/Program Files/STMicroelectronics/STM32CubeIDE_1.16.0/STM32CubeIDE/plugins/com.st.stm32cube.ide.mcu.externaltools.gnu-tools-for-stm32.13.3.rel1.win32_1.0.0.202411081344/tools/bin/../lib/gcc/arm-none-eabi/13.3.1/../../../../arm-none-eabi/lib/thumb/v7-m/nofp\libm.a(libm_a-sf_cos.o) (__ieee754_rem_pio2f)
C:/Program Files/STMicroelectronics/STM32CubeIDE_1.16.0/STM32CubeIDE/plugins/com.st.stm32cube.ide.mcu.externaltools.gnu-tools-for-stm32.13.3.rel1.win32_1.0.0.202411081344/tools/bin/../lib/gcc/arm-none-eabi/13.3.1/../../../../arm-none-eabi/lib/thumb/v7-m/nofp\libm.a(libm_a-sf_fabs.o)
                              C:/Program Files/STMicroelectronics/STM32CubeIDE_1.16.0/STM32CubeIDE/plugins/com.st.stm32cube.ide.mcu.externaltools.gnu-tools-for-stm32.13.3.rel1.win32_1.0.0.202411081344/tools/bin/../lib/gcc/arm-none-eabi/13.3.1/../../../../arm-none-eabi/lib/thumb/v7-m/nofp\libm.a(libm_a-ef_rem_pio2.o) (fabsf)
C:/Program Files/STMicroelectronics/STM32CubeIDE_1.16.0/STM32CubeIDE/plugins/com.st.stm32cube.ide.mcu.externaltools.gnu-tools-for-stm32.13.3.rel1.win32_1.0.0.202411081344/tools/bin/../lib/gcc/arm-none-eabi/13.3.1/../../../../arm-none-eabi/lib/thumb/v7-m/nofp\libm.a(libm_a-kf_rem_pio2.o)
                              C:/Program Files/STMicroelectronics/STM32CubeIDE_1.16.0/STM32CubeIDE/plugins/com.st.stm32cube.ide.mcu.externaltools.gnu-tools-for-stm32.13.3.rel1.win32_1.0.0.202411081344/tools/bin/../lib/gcc/arm-none-eabi/13.3.1/../../../../arm-none-eabi/lib/thumb/v7-m/nofp\libm.a(libm_a-ef_rem_pio2.o) (__kernel_rem_pio2f)
C:/Program Files/STMicroelectronics/STM32CubeIDE_1.16.0/STM32CubeIDE/plugins/com.st.stm32cube.ide.mcu.externaltools.gnu-tools-for-stm32.13.3.rel1.win32_1.0.0.202411081344/tools/bin/../lib/gcc/arm-none-eabi/13.3.1/../../../../arm-none-eabi/lib/thumb/v7-m/nofp\libm.a(libm_a-sf_scalbn.o)
                              C:/Program Files/STMicroelectronics/STM32CubeIDE_1.16.0/STM32CubeIDE/plugins/com.st.stm32cube.ide.mcu.externaltools.gnu-tools-for-stm32.13.3.rel1.win32_1.0.0.202411081344/tools/bin/../lib/gcc/arm-none-eabi/13.3.1/../../../../arm-none-eabi/lib/thumb/v7-m/nofp\libm.a(libm_a-kf_rem_pio2.o) (scalbnf)
C:/Program Files/STMicroelectronics/STM32CubeIDE_1.16.0/STM32CubeIDE/plugins/com.st.stm32cube.ide.mcu.externaltools.gnu-tools-for-stm32.13.3.rel1.win32_1.0.0.202411081344/tools/bin/../lib/gcc/arm-none-eabi/13.3.1/../../../../arm-none-eabi/lib/thumb/v7-m/nofp\libm.a(libm_a-sf_floor.o)
[...]
Memory Configuration

Name             Origin             Length             Attributes
RAM              0x20000000         0x00005000         xrw
FLASH            0x08000000         0x00010000         xr
*default*        0x00000000         0xffffffff

Linker script and memory map

LOAD C:/Program Files/STMicroelectronics/STM32CubeIDE_1.16.0/STM32CubeIDE/plugins/com.st.stm32cube.ide.mcu.externaltools.gnu-tools-for-stm32.13.3.rel1.win32_1.0.0.202411081344/tools/bin/../lib/gcc/arm-none-eabi/13.3.1/thumb/v7-m/nofp/crti.o
LOAD C:/Program Files/STMicroelectronics/STM32CubeIDE_1.16.0/STM32CubeIDE/plugins/com.st.stm32cube.ide.mcu.externaltools.gnu-tools-for-stm32.13.3.rel1.win32_1.0.0.202411081344/tools/bin/../lib/gcc/arm-none-eabi/13.3.1/thumb/v7-m/nofp/crtbegin.o
LOAD C:/Program Files/STMicroelectronics/STM32CubeIDE_1.16.0/STM32CubeIDE/plugins/com.st.stm32cube.ide.mcu.externaltools.gnu-tools-for-stm32.13.3.rel1.win32_1.0.0.202411081344/tools/bin/../lib/gcc/arm-none-eabi/13.3.1/../../../../arm-none-eabi/lib/thumb/v7-m/nofp/crt0.o
LOAD ./Core/Src/main.o
LOAD ./Core/Src/stm32f1xx_hal_msp.o
LOAD ./Core/Src/stm32f1xx_it.o
LOAD ./Core/Src/syscalls.o
LOAD ./Core/Src/sysmem.o
LOAD ./Core/Src/system_stm32f1xx.o
LOAD ./Core/Startup/startup_stm32f103c8tx.o
LOAD ./Drivers/STM32F1xx_HAL_Driver/Src/stm32f1xx_hal.o
LOAD ./Drivers/STM32F1xx_HAL_Driver/Src/stm32f1xx_hal_adc.o
LOAD ./Drivers/STM32F1xx_HAL_Driver/Src/stm32f1xx_hal_adc_ex.o
LOAD ./Drivers/STM32F1xx_HAL_Driver/Src/stm32f1xx_hal_cortex.o
LOAD ./Drivers/STM32F1xx_HAL_Driver/Src/stm32f1xx_hal_dma.o
LOAD ./Drivers/STM32F1xx_HAL_Driver/Src/stm32f1xx_hal_exti.o
LOAD ./Drivers/STM32F1xx_HAL_Driver/Src/stm32f1xx_hal_flash.o
LOAD ./Drivers/STM32F1xx_HAL_Driver/Src/stm32f1xx_hal_flash_ex.o
LOAD ./Drivers/STM32F1xx_HAL_Driver/Src/stm32f1xx_hal_gpio.o
LOAD ./Drivers/STM32F1xx_HAL_Driver/Src/stm32f1xx_hal_gpio_ex.o
LOAD ./Drivers/STM32F1xx_HAL_Driver/Src/stm32f1xx_hal_pcd.o
LOAD ./Drivers/STM32F1xx_HAL_Driver/Src/stm32f1xx_hal_pcd_ex.o
LOAD ./Drivers/STM32F1xx_HAL_Driver/Src/stm32f1xx_hal_pwr.o
LOAD ./Drivers/STM32F1xx_HAL_Driver/Src/stm32f1xx_hal_rcc.o
LOAD ./Drivers/STM32F1xx_HAL_Driver/Src/stm32f1xx_hal_rcc_ex.o
LOAD ./Drivers/STM32F1xx_HAL_Driver/Src/stm32f1xx_hal_spi.o
LOAD ./Drivers/STM32F1xx_HAL_Driver/Src/stm32f1xx_hal_tim.o
LOAD ./Drivers/STM32F1xx_HAL_Driver/Src/stm32f1xx_hal_tim_ex.o
LOAD ./Drivers/STM32F1xx_HAL_Driver/Src/stm32f1xx_ll_usb.o
LOAD ./Libraries/ArduinoJoystickWithFFBLibrary/FfbEngine.o
LOAD ./Libraries/ArduinoJoystickWithFFBLibrary/PIDReportHandler.o
LOAD ./Libraries/ArduinoJoystickWithFFBLibrary/ffb_library.o
LOAD ./Middlewares/ST/STM32_USB_Device_Library/Class/CustomHID/Src/usbd_customhid.o
LOAD ./Middlewares/ST/STM32_USB_Device_Library/Core/Src/usbd_core.o
LOAD ./Middlewares/ST/STM32_USB_Device_Library/Core/Src/usbd_ctlreq.o
LOAD ./Middlewares/ST/STM32_USB_Device_Library/Core/Src/usbd_ioreq.o
LOAD ./USB_DEVICE/App/usb_device.o
LOAD ./USB_DEVICE/App/usbd_custom_hid_if.o
LOAD ./USB_DEVICE/App/usbd_desc.o
LOAD ./USB_DEVICE/Target/usbd_conf.o
LOAD ./Wheel/Src/app_hid_desc.o
LOAD ./Wheel/Src/app_usb_device.o
LOAD ./Wheel/Src/hw_analog_input.o
LOAD ./Wheel/Src/hw_digital_input.o
LOAD ./Wheel/Src/hw_magnetometer.o
LOAD ./Wheel/Src/steeringwheel.o
LOAD ./Wheel/Src/sw_buttons.o
LOAD ./Wheel/Src/sw_sensor.o
LOAD ./Wheel/Src/sw_shifter.o
LOAD ./Wheel/Src/util.o
START GROUP
LOAD C:/Program Files/STMicroelectronics/STM32CubeIDE_1.16.0/STM32CubeIDE/plugins/com.st.stm32cube.ide.mcu.externaltools.gnu-tools-for-stm32.13.3.rel1.win32_1.0.0.202411081344/tools/bin/../lib/gcc/arm-none-eabi/13.3.1/../../../../arm-none-eabi/lib/thumb/v7-m/nofp\libstdc++_nano.a
LOAD C:/Program Files/STMicroelectronics/STM32CubeIDE_1.16.0/STM32CubeIDE/plugins/com.st.stm32cube.ide.mcu.externaltools.gnu-tools-for-stm32.13.3.rel1.win32_1.0.0.202411081344/tools/bin/../lib/gcc/arm-none-eabi/13.3.1/../../../../arm-none-eabi/lib/thumb/v7-m/nofp\libsupc++_nano.a
END GROUP
LOAD C:/Program Files/STMicroelectronics/STM32CubeIDE_1.16.0/STM32CubeIDE/plugins/com.st.stm32cube.ide.mcu.externaltools.gnu-tools-for-stm32.13.3.rel1.win32_1.0.0.202411081344/tools/bin/../lib/gcc/arm-none-eabi/13.3.1/../../../../arm-none-eabi/lib/thumb/v7-m/nofp\libstdc++_nano.a
LOAD C:/Program Files/STMicroelectronics/STM32CubeIDE_1.16.0/STM32CubeIDE/plugins/com.st.stm32cube.ide.mcu.externaltools.gnu-tools-for-stm32.13.3.rel1.win32_1.0.0.202411081344/tools/bin/../lib/gcc/arm-none-eabi/13.3.1/../../../../arm-none-eabi/lib/thumb/v7-m/nofp\libm.a
LOAD C:/Program Files/STMicroelectronics/STM32CubeIDE_1.16.0/STM32CubeIDE/plugins/com.st.stm32cube.ide.mcu.externaltools.gnu-tools-for-stm32.13.3.rel1.win32_1.0.0.202411081344/tools/bin/../lib/gcc/arm-none-eabi/13.3.1/../../../../arm-none-eabi/lib/thumb/v7-m/nofp\libc_nano.a
START GROUP
LOAD C:/Program Files/STMicroelectronics/STM32CubeIDE_1.16.0/STM32CubeIDE/plugins/com.st.stm32cube.ide.mcu.externaltools.gnu-tools-for-stm32.13.3.rel1.win32_1.0.0.202411081344/tools/bin/../lib/gcc/arm-none-eabi/13.3.1/thumb/v7-m/nofp\libgcc.a
LOAD C:/Program Files/STMicroelectronics/STM32CubeIDE_1.16.0/STM32CubeIDE/plugins/com.st.stm32cube.ide.mcu.externaltools.gnu-tools-for-stm32.13.3.rel1.win32_1.0.0.202411081344/tools/bin/../lib/gcc/arm-none-eabi/13.3.1/../../../../arm-none-eabi/lib/thumb/v7-m/nofp\libc_nano.a
END GROUP
START GROUP
LOAD C:/Program Files/STMicroelectronics/STM32CubeIDE_1.16.0/STM32CubeIDE/plugins/com.st.stm32cube.ide.mcu.externaltools.gnu-tools-for-stm32.13.3.rel1.win32_1.0.0.202411081344/tools/bin/../lib/gcc/arm-none-eabi/13.3.1/thumb/v7-m/nofp\libgcc.a
LOAD C:/Program Files/STMicroelectronics/STM32CubeIDE_1.16.0/STM32CubeIDE/plugins/com.st.stm32cube.ide.mcu.externaltools.gnu-tools-for-stm32.13.3.rel1.win32_1.0.0.202411081344/tools/bin/../lib/gcc/arm-none-eabi/13.3.1/../../../../arm-none-eabi/lib/thumb/v7-m/nofp\libc_nano.a
LOAD C:/Program Files/STMicroelectronics/STM32CubeIDE_1.16.0/STM32CubeIDE/plugins/com.st.stm32cube.ide.mcu.externaltools.gnu-tools-for-stm32.13.3.rel1.win32_1.0.0.202411081344/tools/bin/../lib/gcc/arm-none-eabi/13.3.1/../../../../arm-none-eabi/lib/thumb/v7-m/nofp\libnosys.a
END GROUP
START GROUP
LOAD C:/Program Files/STMicroelectronics/STM32CubeIDE_1.16.0/STM32CubeIDE/plugins/com.st.stm32cube.ide.mcu.externaltools.gnu-tools-for-stm32.13.3.rel1.win32_1.0.0.202411081344/tools/bin/../lib/gcc/arm-none-eabi/13.3.1/thumb/v7-m/nofp\libgcc.a
LOAD C:/Program Files/STMicroelectronics/STM32CubeIDE_1.16.0/STM32CubeIDE/plugins/com.st.stm32cube.ide.mcu.externaltools.gnu-tools-for-stm32.13.3.rel1.win32_1.0.0.202411081344/tools/bin/../lib/gcc/arm-none-eabi/13.3.1/../../../../arm-none-eabi/lib/thumb/v7-m/nofp\libc_nano.a
LOAD C:/Program Files/STMicroelectronics/STM32CubeIDE_1.16.0/STM32CubeIDE/plugins/com.st.stm32cube.ide.mcu.externaltools.gnu-tools-for-stm32.13.3.rel1.win32_1.0.0.202411081344/tools/bin/../lib/gcc/arm-none-eabi/13.3.1/../../../../arm-none-eabi/lib/thumb/v7-m/nofp\libnosys.a
END GROUP
LOAD C:/Program Files/STMicroelectronics/STM32CubeIDE_1.16.0/STM32CubeIDE/plugins/com.st.stm32cube.ide.mcu.externaltools.gnu-tools-for-stm32.13.3.rel1.win32_1.0.0.202411081344/tools/bin/../lib/gcc/arm-none-eabi/13.3.1/thumb/v7-m/nofp/crtend.o
LOAD C:/Program Files/STMicroelectronics/STM32CubeIDE_1.16.0/STM32CubeIDE/plugins/com.st.stm32cube.ide.mcu.externaltools.gnu-tools-for-stm32.13.3.rel1.win32_1.0.0.202411081344/tools/bin/../lib/gcc/arm-none-eabi/13.3.1/thumb/v7-m/nofp/crtn.o
                0x20005000                        _estack = (ORIGIN (RAM) + LENGTH (RAM))
                0x00000200                        _Min_Heap_Size = 0x200
                0x00000400                        _Min_Stack_Size = 0x400

.isr_vector     0x08000000      0x10c
                0x08000000                        . = ALIGN (0x4)
 *(.isr_vector)
 .isr_vector    0x08000000      0x10c ./Core/Startup/startup_stm32f103c8tx.o
                0x08000000                g_pfnVectors
                0x0800010c                        . = ALIGN (0x4)

.text           0x0800010c     0x7830
                0x0800010c                        . = ALIGN (0x4)
 *(.text)
 .text          0x0800010c       0x40 C:/Program Files/STMicroelectronics/STM32CubeIDE_1.16.0/STM32CubeIDE/plugins/com.st.stm32cube.ide.mcu.externaltools.gnu-tools-for-stm32.13.3.rel1.win32_1.0.0.202411081344/tools/bin/../lib/gcc/arm-none-eabi/13.3.1/thumb/v7-m/nofp/crtbegin.o
 .text          0x0800014c      0x21c C:/Program Files/STMicroelectronics/STM32CubeIDE_1.16.0/STM32CubeIDE/plugins/com.st.stm32cube.ide.mcu.externaltools.gnu-tools-for-stm32.13.3.rel1.win32_1.0.0.202411081344/tools/bin/../lib/gcc/arm-none-eabi/13.3.1/thumb/v7-m/nofp\libgcc.a(_arm_addsubsf3.o)
                0x0800014c                __aeabi_frsub
                0x08000154                __subsf3
                0x08000154                __aeabi_fsub
                0x08000158                __aeabi_fadd
                0x08000158                __addsf3
                0x080002b8                __aeabi_ui2f
                0x080002b8                __floatunsisf
                0x080002c0                __aeabi_i2f
                0x080002c0                __floatsisf
                0x080002dc                __aeabi_ul2f
                0x080002dc                __floatundisf
                0x080002ec                __aeabi_l2f
                0x080002ec                __floatdisf
 .text          0x08000368      0x2a0 C:/Program Files/STMicroelectronics/STM32CubeIDE_1.16.0/STM32CubeIDE/plugins/com.st.stm32cube.ide.mcu.externaltools.gnu-tools-for-stm32.13.3.rel1.win32_1.0.0.202411081344/tools/bin/../lib/gcc/arm-none-eabi/13.3.1/thumb/v7-m/nofp\libgcc.a(_arm_muldivsf3.o)
                0x08000368                __mulsf3
                0x08000368                __aeabi_fmul
                0x080004d0                __aeabi_fdiv
                0x080004d0                __divsf3
 .text          0x08000608       0xec C:/Program Files/STMicroelectronics/STM32CubeIDE_1.16.0/STM32CubeIDE/plugins/com.st.stm32cube.ide.mcu.externaltools.gnu-tools-for-stm32.13.3.rel1.win32_1.0.0.202411081344/tools/bin/../lib/gcc/arm-none-eabi/13.3.1/thumb/v7-m/nofp\libgcc.a(_arm_cmpsf2.o)
                0x08000608                __gesf2
                0x08000608                __gtsf2
                0x08000610                __lesf2
                0x08000610                __ltsf2
                0x08000618                __nesf2
                0x08000618                __eqsf2
                0x08000618                __cmpsf2
                0x08000678                __aeabi_cfrcmple
                0x08000680                __aeabi_cfcmpeq
                0x08000680                __aeabi_cfcmple
                0x08000690                __aeabi_fcmpeq
                0x080006a4                __aeabi_fcmplt
                0x080006b8                __aeabi_fcmple
                0x080006cc                __aeabi_fcmpge
                0x080006e0                __aeabi_fcmpgt
 .text          0x080006f4       0x4c C:/Program Files/STMicroelectronics/STM32CubeIDE_1.16.0/STM32CubeIDE/plugins/com.st.stm32cube.ide.mcu.externaltools.gnu-tools-for-stm32.13.3.rel1.win32_1.0.0.202411081344/tools/bin/../lib/gcc/arm-none-eabi/13.3.1/thumb/v7-m/nofp\libgcc.a(_arm_fixsfsi.o)
                0x080006f4                __aeabi_f2iz
                0x080006f4                __fixsfsi
 *(.text*)
 .text.MX_GPIO_Init
                0x08000740      0x136 ./Core/Src/main.o
 .text.MX_DMA_Init
                0x08000876       0x54 ./Core/Src/main.o
 .text.Error_Handler
                0x080008ca        0x4 ./Core/Src/main.o
                0x080008ca                Error_Handler
 .text.MX_SPI2_Init
                0x080008ce       0x46 ./Core/Src/main.o
 .text.MX_TIM4_Init
                0x08000914       0x78 ./Core/Src/main.o
 .text.MX_ADC1_Init
                0x0800098c       0xd8 ./Core/Src/main.o
 .text.MX_TIM3_Init
                0x08000a64       0x90 ./Core/Src/main.o
 .text.SystemClock_Config
                0x08000af4       0x88 ./Core/Src/main.o
                0x08000af4                SystemClock_Config
 .text.main     0x08000b7c       0x2c ./Core/Src/main.o
                0x08000b7c                main
 .text.HAL_MspInit
                0x08000ba8       0x44 ./Core/Src/stm32f1xx_hal_msp.o
                0x08000ba8                HAL_MspInit
 .text.HAL_ADC_MspInit
                0x08000bec       0xce ./Core/Src/stm32f1xx_hal_msp.o
                0x08000bec                HAL_ADC_MspInit
 .text.HAL_SPI_MspInit
                0x08000cba       0xfe ./Core/Src/stm32f1xx_hal_msp.o
                0x08000cba                HAL_SPI_MspInit
 .text.HAL_TIM_Base_MspInit
                0x08000db8       0x7c ./Core/Src/stm32f1xx_hal_msp.o
                0x08000db8                HAL_TIM_Base_MspInit
 .text.NMI_Handler
                0x08000e34        0x2 ./Core/Src/stm32f1xx_it.o
                0x08000e34                NMI_Handler
 .text.HardFault_Handler
                0x08000e36        0x2 ./Core/Src/stm32f1xx_it.o
                0x08000e36                HardFault_Handler
 .text.MemManage_Handler
                0x08000e38        0x2 ./Core/Src/stm32f1xx_it.o
                0x08000e38                MemManage_Handler
 .text.BusFault_Handler
                0x08000e3a        0x2 ./Core/Src/stm32f1xx_it.o
                0x08000e3a                BusFault_Handler
 .text.UsageFault_Handler
                0x08000e3c        0x2 ./Core/Src/stm32f1xx_it.o
                0x08000e3c                UsageFault_Handler
 .text.SVC_Handler
                0x08000e3e        0x2 ./Core/Src/stm32f1xx_it.o
                0x08000e3e                SVC_Handler
 .text.DebugMon_Handler
                0x08000e40        0x2 ./Core/Src/stm32f1xx_it.o
                0x08000e40                DebugMon_Handler
 .text.PendSV_Handler
                0x08000e42        0x2 ./Core/Src/stm32f1xx_it.o
                0x08000e42                PendSV_Handler
 .text.SysTick_Handler
                0x08000e44        0x8 ./Core/Src/stm32f1xx_it.o
                0x08000e44                SysTick_Handler
 .text.EXTI0_IRQHandler
                0x08000e4c        0xa ./Core/Src/stm32f1xx_it.o
                0x08000e4c                EXTI0_IRQHandler
 .text.EXTI1_IRQHandler
                0x08000e56        0xa ./Core/Src/stm32f1xx_it.o
                0x08000e56                EXTI1_IRQHandler
 .text.DMA1_Channel1_IRQHandler
                0x08000e60       0x10 ./Core/Src/stm32f1xx_it.o
                0x08000e60                DMA1_Channel1_IRQHandler
 .text.DMA1_Channel4_IRQHandler
                0x08000e70       0x10 ./Core/Src/stm32f1xx_it.o
                0x08000e70                DMA1_Channel4_IRQHandler
 .text.DMA1_Channel5_IRQHandler
                0x08000e80       0x10 ./Core/Src/stm32f1xx_it.o
                0x08000e80                DMA1_Channel5_IRQHandler
 .text.USB_LP_CAN1_RX0_IRQHandler
                0x08000e90       0x10 ./Core/Src/stm32f1xx_it.o
                0x08000e90                USB_LP_CAN1_RX0_IRQHandler
 .text.TIM3_IRQHandler
                0x08000ea0       0x10 ./Core/Src/stm32f1xx_it.o
                0x08000ea0                TIM3_IRQHandler
 .text.TIM4_IRQHandler
                0x08000eb0       0x10 ./Core/Src/stm32f1xx_it.o
                0x08000eb0                TIM4_IRQHandler
 .text.SystemInit
                0x08000ec0        0x2 ./Core/Src/system_stm32f1xx.o
                0x08000ec0                SystemInit
 *fill*         0x08000ec2        0x2 
 .text.Reset_Handler
                0x08000ec4       0x48 ./Core/Startup/startup_stm32f103c8tx.o
                0x08000ec4                Reset_Handler
 .text.Default_Handler
                0x08000f0c        0x2 ./Core/Startup/startup_stm32f103c8tx.o
                0x08000f0c                RTC_Alarm_IRQHandler
                0x08000f0c                EXTI2_IRQHandler
                0x08000f0c                TIM1_CC_IRQHandler
                0x08000f0c                PVD_IRQHandler
                0x08000f0c                EXTI3_IRQHandler
                0x08000f0c                I2C2_EV_IRQHandler
                0x08000f0c                ADC1_2_IRQHandler
                0x08000f0c                SPI1_IRQHandler
                0x08000f0c                TAMPER_IRQHandler
                0x08000f0c                USART3_IRQHandler
                0x08000f0c                RTC_IRQHandler
                0x08000f0c                DMA1_Channel7_IRQHandler
                0x08000f0c                CAN1_RX1_IRQHandler
                0x08000f0c                I2C1_EV_IRQHandler
                0x08000f0c                DMA1_Channel6_IRQHandler
                0x08000f0c                RCC_IRQHandler
                0x08000f0c                TIM1_TRG_COM_IRQHandler
                0x08000f0c                Default_Handler
                0x08000f0c                EXTI15_10_IRQHandler
                0x08000f0c                EXTI9_5_IRQHandler
                0x08000f0c                SPI2_IRQHandler
                0x08000f0c                EXTI4_IRQHandler
                0x08000f0c                USB_HP_CAN1_TX_IRQHandler
                0x08000f0c                DMA1_Channel3_IRQHandler
                0x08000f0c                TIM1_UP_IRQHandler
                0x08000f0c                WWDG_IRQHandler
                0x08000f0c                TIM2_IRQHandler
                0x08000f0c                TIM1_BRK_IRQHandler
                0x08000f0c                USART2_IRQHandler
                0x08000f0c                I2C2_ER_IRQHandler
                0x08000f0c                DMA1_Channel2_IRQHandler
                0x08000f0c                CAN1_SCE_IRQHandler
                0x08000f0c                FLASH_IRQHandler
                0x08000f0c                USART1_IRQHandler
                0x08000f0c                I2C1_ER_IRQHandler
                0x08000f0c                USBWakeUp_IRQHandler
 .text.HAL_InitTick
                0x08000f0e       0x50 ./Drivers/STM32F1xx_HAL_Driver/Src/stm32f1xx_hal.o
                0x08000f0e                HAL_InitTick
 .text.HAL_Init
                0x08000f5e       0x26 ./Drivers/STM32F1xx_HAL_Driver/Src/stm32f1xx_hal.o
                0x08000f5e                HAL_Init
 .text.HAL_IncTick
                0x08000f84       0x1a ./Drivers/STM32F1xx_HAL_Driver/Src/stm32f1xx_hal.o
                0x08000f84                HAL_IncTick
 .text.HAL_GetTick
                0x08000f9e        0xc ./Drivers/STM32F1xx_HAL_Driver/Src/stm32f1xx_hal.o
                0x08000f9e                HAL_GetTick
 .text.HAL_Delay
                0x08000faa       0x28 ./Drivers/STM32F1xx_HAL_Driver/Src/stm32f1xx_hal.o
                0x08000faa                HAL_Delay
 .text.ADC_DMAConvCplt
                0x08000fd2       0x52 ./Drivers/STM32F1xx_HAL_Driver/Src/stm32f1xx_hal_adc.o
                0x08000fd2                ADC_DMAConvCplt
 .text.HAL_ADC_ConvHalfCpltCallback
                0x08001024        0x2 ./Drivers/STM32F1xx_HAL_Driver/Src/stm32f1xx_hal_adc.o
                0x08001024                HAL_ADC_ConvHalfCpltCallback
 .text.ADC_DMAHalfConvCplt
                0x08001026        0xa ./Drivers/STM32F1xx_HAL_Driver/Src/stm32f1xx_hal_adc.o
                0x08001026                ADC_DMAHalfConvCplt
 .text.HAL_ADC_ErrorCallback
                0x08001030        0x2 ./Drivers/STM32F1xx_HAL_Driver/Src/stm32f1xx_hal_adc.o
                0x08001030                HAL_ADC_ErrorCallback
 .text.ADC_DMAError
                0x08001032       0x1a ./Drivers/STM32F1xx_HAL_Driver/Src/stm32f1xx_hal_adc.o
                0x08001032                ADC_DMAError
 .text.HAL_ADC_ConfigChannel
                0x0800104c      0x146 ./Drivers/STM32F1xx_HAL_Driver/Src/stm32f1xx_hal_adc.o
                0x0800104c                HAL_ADC_ConfigChannel
 .text.ADC_Enable
                0x08001192       0x8c ./Drivers/STM32F1xx_HAL_Driver/Src/stm32f1xx_hal_adc.o
                0x08001192                ADC_Enable
 .text.HAL_ADC_Start_DMA
                0x0800121e      0x154 ./Drivers/STM32F1xx_HAL_Driver/Src/stm32f1xx_hal_adc.o
                0x0800121e                HAL_ADC_Start_DMA
 .text.ADC_ConversionStop_Disable
                0x08001372       0x56 ./Drivers/STM32F1xx_HAL_Driver/Src/stm32f1xx_hal_adc.o
                0x08001372                ADC_ConversionStop_Disable
 .text.HAL_ADC_Init
                0x080013c8      0x10e ./Drivers/STM32F1xx_HAL_Driver/Src/stm32f1xx_hal_adc.o
                0x080013c8                HAL_ADC_Init
 .text.HAL_ADC_Stop_DMA
                0x080014d6       0x5e ./Drivers/STM32F1xx_HAL_Driver/Src/stm32f1xx_hal_adc.o
                0x080014d6                HAL_ADC_Stop_DMA
 .text.__NVIC_SetPriority
                0x08001534       0x2c ./Drivers/STM32F1xx_HAL_Driver/Src/stm32f1xx_hal_cortex.o
 .text.NVIC_EncodePriority
                0x08001560       0x3e ./Drivers/STM32F1xx_HAL_Driver/Src/stm32f1xx_hal_cortex.o
 .text.HAL_NVIC_SetPriorityGrouping
                0x0800159e       0x26 ./Drivers/STM32F1xx_HAL_Driver/Src/stm32f1xx_hal_cortex.o
                0x0800159e                HAL_NVIC_SetPriorityGrouping
 .text.HAL_NVIC_SetPriority
                0x080015c4       0x20 ./Drivers/STM32F1xx_HAL_Driver/Src/stm32f1xx_hal_cortex.o
                0x080015c4                HAL_NVIC_SetPriority
 .text.HAL_NVIC_EnableIRQ
                0x080015e4       0x1c ./Drivers/STM32F1xx_HAL_Driver/Src/stm32f1xx_hal_cortex.o
                0x080015e4                HAL_NVIC_EnableIRQ
 .text.HAL_SYSTICK_Config
                0x08001600       0x2a ./Drivers/STM32F1xx_HAL_Driver/Src/stm32f1xx_hal_cortex.o
                0x08001600                HAL_SYSTICK_Config
 .text.DMA_SetConfig
                0x0800162a       0x2c ./Drivers/STM32F1xx_HAL_Driver/Src/stm32f1xx_hal_dma.o
 .text.HAL_DMA_Init
                0x08001656       0x6e ./Drivers/STM32F1xx_HAL_Driver/Src/stm32f1xx_hal_dma.o
                0x08001656                HAL_DMA_Init
 .text.HAL_DMA_Start_IT
                0x080016c4       0x76 ./Drivers/STM32F1xx_HAL_Driver/Src/stm32f1xx_hal_dma.o
                0x080016c4                HAL_DMA_Start_IT
 .text.HAL_DMA_Abort
                0x0800173a       0x46 ./Drivers/STM32F1xx_HAL_Driver/Src/stm32f1xx_hal_dma.o
                0x0800173a                HAL_DMA_Abort
 .text.HAL_DMA_IRQHandler
                0x08001780      0x172 ./Drivers/STM32F1xx_HAL_Driver/Src/stm32f1xx_hal_dma.o
                0x08001780                HAL_DMA_IRQHandler
 *fill*         0x080018f2        0x2 
 .text.HAL_GPIO_Init
                0x080018f4      0x26c ./Drivers/STM32F1xx_HAL_Driver/Src/stm32f1xx_hal_gpio.o
                0x080018f4                HAL_GPIO_Init
 .text.HAL_GPIO_ReadPin
                0x08001b60        0xe ./Drivers/STM32F1xx_HAL_Driver/Src/stm32f1xx_hal_gpio.o
                0x08001b60                HAL_GPIO_ReadPin
 .text.HAL_GPIO_WritePin
                0x08001b6e        0xc ./Drivers/STM32F1xx_HAL_Driver/Src/stm32f1xx_hal_gpio.o
                0x08001b6e                HAL_GPIO_WritePin
 .text.HAL_GPIO_EXTI_IRQHandler
                0x08001b7a       0x22 ./Drivers/STM32F1xx_HAL_Driver/Src/stm32f1xx_hal_gpio.o
                0x08001b7a                HAL_GPIO_EXTI_IRQHandler
 .text.HAL_PCD_EP_DB_Receive
                0x08001b9c      0x11c ./Drivers/STM32F1xx_HAL_Driver/Src/stm32f1xx_hal_pcd.o
 .text.HAL_PCD_Init
                0x08001cb8       0xe8 ./Drivers/STM32F1xx_HAL_Driver/Src/stm32f1xx_hal_pcd.o
                0x08001cb8                HAL_PCD_Init
 .text.HAL_PCD_Start
                0x08001da0       0x32 ./Drivers/STM32F1xx_HAL_Driver/Src/stm32f1xx_hal_pcd.o
                0x08001da0                HAL_PCD_Start
 .text.HAL_PCD_EP_DB_Transmit
                0x08001dd2      0x424 ./Drivers/STM32F1xx_HAL_Driver/Src/stm32f1xx_hal_pcd.o
 .text.PCD_EP_ISR_Handler
                0x080021f6      0x554 ./Drivers/STM32F1xx_HAL_Driver/Src/stm32f1xx_hal_pcd.o
 .text.HAL_PCD_SetAddress
                0x0800274a       0x26 ./Drivers/STM32F1xx_HAL_Driver/Src/stm32f1xx_hal_pcd.o
                0x0800274a                HAL_PCD_SetAddress
 .text.HAL_PCD_IRQHandler
                0x08002770      0x1b0 ./Drivers/STM32F1xx_HAL_Driver/Src/stm32f1xx_hal_pcd.o
                0x08002770                HAL_PCD_IRQHandler
 .text.HAL_PCD_EP_Open
                0x08002920       0x84 ./Drivers/STM32F1xx_HAL_Driver/Src/stm32f1xx_hal_pcd.o
                0x08002920                HAL_PCD_EP_Open
 .text.HAL_PCD_EP_Close
                0x080029a4       0x6c ./Drivers/STM32F1xx_HAL_Driver/Src/stm32f1xx_hal_pcd.o
                0x080029a4                HAL_PCD_EP_Close
 .text.HAL_PCD_EP_Receive
                0x08002a10       0x3a ./Drivers/STM32F1xx_HAL_Driver/Src/stm32f1xx_hal_pcd.o
                0x08002a10                HAL_PCD_EP_Receive
 .text.HAL_PCD_EP_Transmit
                0x08002a4a       0x4c ./Drivers/STM32F1xx_HAL_Driver/Src/stm32f1xx_hal_pcd.o
                0x08002a4a                HAL_PCD_EP_Transmit
 .text.HAL_PCD_EP_SetStall
                0x08002a96       0x80 ./Drivers/STM32F1xx_HAL_Driver/Src/stm32f1xx_hal_pcd.o
                0x08002a96                HAL_PCD_EP_SetStall
 .text.HAL_PCD_EP_ClrStall
                0x08002b16       0x7e ./Drivers/STM32F1xx_HAL_Driver/Src/stm32f1xx_hal_pcd.o
                0x08002b16                HAL_PCD_EP_ClrStall
 .text.HAL_PCDEx_PMAConfig
                0x08002b94       0x38 ./Drivers/STM32F1xx_HAL_Driver/Src/stm32f1xx_hal_pcd_ex.o
                0x08002b94                HAL_PCDEx_PMAConfig
 .text.RCC_Delay
                0x08002bcc       0x30 ./Drivers/STM32F1xx_HAL_Driver/Src/stm32f1xx_hal_rcc.o
 .text.HAL_RCC_OscConfig
                0x08002bfc      0x4f4 ./Drivers/STM32F1xx_HAL_Driver/Src/stm32f1xx_hal_rcc.o
                0x08002bfc                HAL_RCC_OscConfig
 .text.HAL_RCC_GetSysClockFreq
                0x080030f0       0x68 ./Drivers/STM32F1xx_HAL_Driver/Src/stm32f1xx_hal_rcc.o
                0x080030f0                HAL_RCC_GetSysClockFreq
 .text.HAL_RCC_ClockConfig
                0x08003158      0x1c4 ./Drivers/STM32F1xx_HAL_Driver/Src/stm32f1xx_hal_rcc.o
                0x08003158                HAL_RCC_ClockConfig
 .text.HAL_RCCEx_PeriphCLKConfig
                0x0800331c      0x158 ./Drivers/STM32F1xx_HAL_Driver/Src/stm32f1xx_hal_rcc_ex.o
                0x0800331c                HAL_RCCEx_PeriphCLKConfig
 .text.SPI_WaitFlagStateUntilTimeout
                0x08003474       0xca ./Drivers/STM32F1xx_HAL_Driver/Src/stm32f1xx_hal_spi.o
 .text.SPI_EndRxTxTransaction
                0x0800353e       0x44 ./Drivers/STM32F1xx_HAL_Driver/Src/stm32f1xx_hal_spi.o
 .text.SPI_EndRxTransaction
                0x08003582       0x74 ./Drivers/STM32F1xx_HAL_Driver/Src/stm32f1xx_hal_spi.o
 .text.HAL_SPI_Init
                0x080035f6       0xb6 ./Drivers/STM32F1xx_HAL_Driver/Src/stm32f1xx_hal_spi.o
                0x080035f6                HAL_SPI_Init
 .text.HAL_SPI_Transmit
                0x080036ac      0x1c4 ./Drivers/STM32F1xx_HAL_Driver/Src/stm32f1xx_hal_spi.o
                0x080036ac                HAL_SPI_Transmit
 .text.HAL_SPI_TransmitReceive_DMA
                0x08003870      0x168 ./Drivers/STM32F1xx_HAL_Driver/Src/stm32f1xx_hal_spi.o
                0x08003870                HAL_SPI_TransmitReceive_DMA
 .text.HAL_SPI_RxCpltCallback
                0x080039d8        0x2 ./Drivers/STM32F1xx_HAL_Driver/Src/stm32f1xx_hal_spi.o
                0x080039d8                HAL_SPI_RxCpltCallback
 .text.HAL_SPI_RxHalfCpltCallback
                0x080039da        0x2 ./Drivers/STM32F1xx_HAL_Driver/Src/stm32f1xx_hal_spi.o
                0x080039da                HAL_SPI_RxHalfCpltCallback
 .text.SPI_DMAHalfReceiveCplt
                0x080039dc        0xa ./Drivers/STM32F1xx_HAL_Driver/Src/stm32f1xx_hal_spi.o
 .text.HAL_SPI_TxRxHalfCpltCallback
                0x080039e6        0x2 ./Drivers/STM32F1xx_HAL_Driver/Src/stm32f1xx_hal_spi.o
                0x080039e6                HAL_SPI_TxRxHalfCpltCallback
 .text.SPI_DMAHalfTransmitReceiveCplt
                0x080039e8        0xa ./Drivers/STM32F1xx_HAL_Driver/Src/stm32f1xx_hal_spi.o
 .text.HAL_SPI_ErrorCallback
                0x080039f2        0x2 ./Drivers/STM32F1xx_HAL_Driver/Src/stm32f1xx_hal_spi.o
                0x080039f2                HAL_SPI_ErrorCallback
 .text.SPI_DMAError
                0x080039f4       0x22 ./Drivers/STM32F1xx_HAL_Driver/Src/stm32f1xx_hal_spi.o
 .text.SPI_DMAReceiveCplt
                0x08003a16       0x6e ./Drivers/STM32F1xx_HAL_Driver/Src/stm32f1xx_hal_spi.o
 .text.SPI_DMATransmitReceiveCplt
                0x08003a84       0x5c ./Drivers/STM32F1xx_HAL_Driver/Src/stm32f1xx_hal_spi.o
 .text.TIM_TI1_ConfigInputStage
                0x08003ae0       0x24 ./Drivers/STM32F1xx_HAL_Driver/Src/stm32f1xx_hal_tim.o
 .text.TIM_TI2_ConfigInputStage
                0x08003b04       0x26 ./Drivers/STM32F1xx_HAL_Driver/Src/stm32f1xx_hal_tim.o
 .text.TIM_ITRx_SetConfig
                0x08003b2a       0x10 ./Drivers/STM32F1xx_HAL_Driver/Src/stm32f1xx_hal_tim.o
 .text.HAL_TIM_Base_Start_IT
                0x08003b3a       0x70 ./Drivers/STM32F1xx_HAL_Driver/Src/stm32f1xx_hal_tim.o
                0x08003b3a                HAL_TIM_Base_Start_IT
 .text.HAL_TIM_Base_Stop_IT
                0x08003baa       0x32 ./Drivers/STM32F1xx_HAL_Driver/Src/stm32f1xx_hal_tim.o
                0x08003baa                HAL_TIM_Base_Stop_IT
 .text.HAL_TIM_OC_DelayElapsedCallback
                0x08003bdc        0x2 ./Drivers/STM32F1xx_HAL_Driver/Src/stm32f1xx_hal_tim.o
                0x08003bdc                HAL_TIM_OC_DelayElapsedCallback
 .text.HAL_TIM_IC_CaptureCallback
                0x08003bde        0x2 ./Drivers/STM32F1xx_HAL_Driver/Src/stm32f1xx_hal_tim.o
                0x08003bde                HAL_TIM_IC_CaptureCallback
 .text.HAL_TIM_PWM_PulseFinishedCallback
                0x08003be0        0x2 ./Drivers/STM32F1xx_HAL_Driver/Src/stm32f1xx_hal_tim.o
                0x08003be0                HAL_TIM_PWM_PulseFinishedCallback
 .text.HAL_TIM_TriggerCallback
                0x08003be2        0x2 ./Drivers/STM32F1xx_HAL_Driver/Src/stm32f1xx_hal_tim.o
                0x08003be2                HAL_TIM_TriggerCallback
 .text.HAL_TIM_IRQHandler
                0x08003be4      0x15e ./Drivers/STM32F1xx_HAL_Driver/Src/stm32f1xx_hal_tim.o
                0x08003be4                HAL_TIM_IRQHandler
 .text.TIM_Base_SetConfig
                0x08003d42       0xa0 ./Drivers/STM32F1xx_HAL_Driver/Src/stm32f1xx_hal_tim.o
                0x08003d42                TIM_Base_SetConfig
 .text.HAL_TIM_Base_Init
                0x08003de2       0x58 ./Drivers/STM32F1xx_HAL_Driver/Src/stm32f1xx_hal_tim.o
                0x08003de2                HAL_TIM_Base_Init
 .text.TIM_ETR_SetConfig
                0x08003e3a       0x18 ./Drivers/STM32F1xx_HAL_Driver/Src/stm32f1xx_hal_tim.o
                0x08003e3a                TIM_ETR_SetConfig
 .text.HAL_TIM_ConfigClockSource
                0x08003e52       0xfe ./Drivers/STM32F1xx_HAL_Driver/Src/stm32f1xx_hal_tim.o
                0x08003e52                HAL_TIM_ConfigClockSource
 .text.HAL_TIMEx_MasterConfigSynchronization
                0x08003f50       0x74 ./Drivers/STM32F1xx_HAL_Driver/Src/stm32f1xx_hal_tim_ex.o
                0x08003f50                HAL_TIMEx_MasterConfigSynchronization
 .text.HAL_TIMEx_CommutCallback
                0x08003fc4        0x2 ./Drivers/STM32F1xx_HAL_Driver/Src/stm32f1xx_hal_tim_ex.o
                0x08003fc4                HAL_TIMEx_CommutCallback
 .text.HAL_TIMEx_BreakCallback
                0x08003fc6        0x2 ./Drivers/STM32F1xx_HAL_Driver/Src/stm32f1xx_hal_tim_ex.o
                0x08003fc6                HAL_TIMEx_BreakCallback
 .text.USB_CoreInit
                0x08003fc8        0xe ./Drivers/STM32F1xx_HAL_Driver/Src/stm32f1xx_ll_usb.o
                0x08003fc8                USB_CoreInit
 .text.USB_EnableGlobalInt
                0x08003fd6       0x12 ./Drivers/STM32F1xx_HAL_Driver/Src/stm32f1xx_ll_usb.o
                0x08003fd6                USB_EnableGlobalInt
 .text.USB_DisableGlobalInt
                0x08003fe8       0x14 ./Drivers/STM32F1xx_HAL_Driver/Src/stm32f1xx_ll_usb.o
                0x08003fe8                USB_DisableGlobalInt
 .text.USB_SetCurrentMode
                0x08003ffc        0x4 ./Drivers/STM32F1xx_HAL_Driver/Src/stm32f1xx_ll_usb.o
                0x08003ffc                USB_SetCurrentMode
 .text.USB_DevInit
                0x08004000       0x22 ./Drivers/STM32F1xx_HAL_Driver/Src/stm32f1xx_ll_usb.o
                0x08004000                USB_DevInit
 .text.USB_ActivateEndpoint
                0x08004022      0x3ca ./Drivers/STM32F1xx_HAL_Driver/Src/stm32f1xx_ll_usb.o
                0x08004022                USB_ActivateEndpoint
 .text.USB_DeactivateEndpoint
                0x080043ec      0x1d6 ./Drivers/STM32F1xx_HAL_Driver/Src/stm32f1xx_ll_usb.o
                0x080043ec                USB_DeactivateEndpoint
 .text.USB_EPSetStall
                0x080045c2       0x4a ./Drivers/STM32F1xx_HAL_Driver/Src/stm32f1xx_ll_usb.o
                0x080045c2                USB_EPSetStall
 .text.USB_EPClearStall
                0x0800460c       0xa2 ./Drivers/STM32F1xx_HAL_Driver/Src/stm32f1xx_ll_usb.o
                0x0800460c                USB_EPClearStall
 .text.USB_SetDevAddress
                0x080046ae        0xc ./Drivers/STM32F1xx_HAL_Driver/Src/stm32f1xx_ll_usb.o
                0x080046ae                USB_SetDevAddress
 .text.USB_DevConnect
                0x080046ba        0x4 ./Drivers/STM32F1xx_HAL_Driver/Src/stm32f1xx_ll_usb.o
                0x080046ba                USB_DevConnect
 .text.USB_DevDisconnect
                0x080046be        0x4 ./Drivers/STM32F1xx_HAL_Driver/Src/stm32f1xx_ll_usb.o
                0x080046be                USB_DevDisconnect
 .text.USB_ReadInterrupts
                0x080046c2        0x8 ./Drivers/STM32F1xx_HAL_Driver/Src/stm32f1xx_ll_usb.o
                0x080046c2                USB_ReadInterrupts
 .text.USB_EP0_OutStart
                0x080046ca        0x4 ./Drivers/STM32F1xx_HAL_Driver/Src/stm32f1xx_ll_usb.o
                0x080046ca                USB_EP0_OutStart
 .text.USB_WritePMA
                0x080046ce       0x26 ./Drivers/STM32F1xx_HAL_Driver/Src/stm32f1xx_ll_usb.o
                0x080046ce                USB_WritePMA
 .text.USB_EPStartXfer
                0x080046f4      0x7ce ./Drivers/STM32F1xx_HAL_Driver/Src/stm32f1xx_ll_usb.o
                0x080046f4                USB_EPStartXfer
 .text.USB_ReadPMA
                0x08004ec2       0x30 ./Drivers/STM32F1xx_HAL_Driver/Src/stm32f1xx_ll_usb.o
                0x08004ec2                USB_ReadPMA
 *fill*         0x08004ef2        0x2 
 .text._ZN16PIDReportHandlerC2Ev
                0x08004ef4       0x54 ./Libraries/ArduinoJoystickWithFFBLibrary/PIDReportHandler.o
                0x08004ef4                PIDReportHandler::PIDReportHandler()
                0x08004ef4                PIDReportHandler::PIDReportHandler()
 .text._ZN16PIDReportHandlerD2Ev
                0x08004f48       0x18 ./Libraries/ArduinoJoystickWithFFBLibrary/PIDReportHandler.o
                0x08004f48                PIDReportHandler::~PIDReportHandler()
                0x08004f48                PIDReportHandler::~PIDReportHandler()
 .text._ZN16PIDReportHandler17GetNextFreeEffectEv
                0x08004f60       0x92 ./Libraries/ArduinoJoystickWithFFBLibrary/PIDReportHandler.o
                0x08004f60                PIDReportHandler::GetNextFreeEffect()
 .text._ZN16PIDReportHandler14StopAllEffectsEv
                0x08004ff2       0x2e ./Libraries/ArduinoJoystickWithFFBLibrary/PIDReportHandler.o
                0x08004ff2                PIDReportHandler::StopAllEffects()
 .text._ZN16PIDReportHandler11StartEffectEh
                0x08005020       0x52 ./Libraries/ArduinoJoystickWithFFBLibrary/PIDReportHandler.o
                0x08005020                PIDReportHandler::StartEffect(unsigned char)
 .text._ZN16PIDReportHandler10StopEffectEh
                0x08005072       0x52 ./Libraries/ArduinoJoystickWithFFBLibrary/PIDReportHandler.o
                0x08005072                PIDReportHandler::StopEffect(unsigned char)
 .text._ZN16PIDReportHandler10FreeEffectEh
                0x080050c4       0x48 ./Libraries/ArduinoJoystickWithFFBLibrary/PIDReportHandler.o
                0x080050c4                PIDReportHandler::FreeEffect(unsigned char)
 .text._ZN16PIDReportHandler14FreeAllEffectsEv
                0x0800510c       0x30 ./Libraries/ArduinoJoystickWithFFBLibrary/PIDReportHandler.o
                0x0800510c                PIDReportHandler::FreeAllEffects()
 .text._ZN16PIDReportHandler15EffectOperationEP43USB_FFBReport_EffectOperation_Output_Data_t
                0x0800513c       0xa8 ./Libraries/ArduinoJoystickWithFFBLibrary/PIDReportHandler.o
                0x0800513c                PIDReportHandler::EffectOperation(USB_FFBReport_EffectOperation_Output_Data_t*)
 .text._ZN16PIDReportHandler9BlockFreeEP37USB_FFBReport_BlockFree_Output_Data_t
                0x080051e4       0x30 ./Libraries/ArduinoJoystickWithFFBLibrary/PIDReportHandler.o
                0x080051e4                PIDReportHandler::BlockFree(USB_FFBReport_BlockFree_Output_Data_t*)
 .text._ZN16PIDReportHandler13DeviceControlEP41USB_FFBReport_DeviceControl_Output_Data_t
                0x08005214       0x8a ./Libraries/ArduinoJoystickWithFFBLibrary/PIDReportHandler.o
                0x08005214                PIDReportHandler::DeviceControl(USB_FFBReport_DeviceControl_Output_Data_t*)
 .text._ZN16PIDReportHandler10DeviceGainEP38USB_FFBReport_DeviceGain_Output_Data_t
                0x0800529e       0x1e ./Libraries/ArduinoJoystickWithFFBLibrary/PIDReportHandler.o
                0x0800529e                PIDReportHandler::DeviceGain(USB_FFBReport_DeviceGain_Output_Data_t*)
 .text._ZN16PIDReportHandler14SetCustomForceEP42USB_FFBReport_SetCustomForce_Output_Data_t
                0x080052bc       0x14 ./Libraries/ArduinoJoystickWithFFBLibrary/PIDReportHandler.o
                0x080052bc                PIDReportHandler::SetCustomForce(USB_FFBReport_SetCustomForce_Output_Data_t*)
 .text._ZN16PIDReportHandler18SetCustomForceDataEP46USB_FFBReport_SetCustomForceData_Output_Data_t
                0x080052d0       0x14 ./Libraries/ArduinoJoystickWithFFBLibrary/PIDReportHandler.o
                0x080052d0                PIDReportHandler::SetCustomForceData(USB_FFBReport_SetCustomForceData_Output_Data_t*)
 .text._ZN16PIDReportHandler22SetDownloadForceSampleEP50USB_FFBReport_SetDownloadForceSample_Output_Data_t
                0x080052e4       0x14 ./Libraries/ArduinoJoystickWithFFBLibrary/PIDReportHandler.o
                0x080052e4                PIDReportHandler::SetDownloadForceSample(USB_FFBReport_SetDownloadForceSample_Output_Data_t*)
 .text._ZN16PIDReportHandler9SetEffectEP37USB_FFBReport_SetEffect_Output_Data_t
                0x080052f8       0x52 ./Libraries/ArduinoJoystickWithFFBLibrary/PIDReportHandler.o
                0x080052f8                PIDReportHandler::SetEffect(USB_FFBReport_SetEffect_Output_Data_t*)
 .text._ZN16PIDReportHandler11SetEnvelopeEP39USB_FFBReport_SetEnvelope_Output_Data_tPV12TEffectState
                0x0800534a       0x3e ./Libraries/ArduinoJoystickWithFFBLibrary/PIDReportHandler.o
                0x0800534a                PIDReportHandler::SetEnvelope(USB_FFBReport_SetEnvelope_Output_Data_t*, TEffectState volatile*)
 .text._ZN16PIDReportHandler12SetConditionEP40USB_FFBReport_SetCondition_Output_Data_tPV12TEffectState
                0x08005388       0xc0 ./Libraries/ArduinoJoystickWithFFBLibrary/PIDReportHandler.o
                0x08005388                PIDReportHandler::SetCondition(USB_FFBReport_SetCondition_Output_Data_t*, TEffectState volatile*)
 .text._ZN16PIDReportHandler11SetPeriodicEP39USB_FFBReport_SetPeriodic_Output_Data_tPV12TEffectState
                0x08005448       0x3c ./Libraries/ArduinoJoystickWithFFBLibrary/PIDReportHandler.o
                0x08005448                PIDReportHandler::SetPeriodic(USB_FFBReport_SetPeriodic_Output_Data_t*, TEffectState volatile*)
 .text._ZN16PIDReportHandler16SetConstantForceEP44USB_FFBReport_SetConstantForce_Output_Data_tPV12TEffectState
                0x08005484       0x20 ./Libraries/ArduinoJoystickWithFFBLibrary/PIDReportHandler.o
                0x08005484                PIDReportHandler::SetConstantForce(USB_FFBReport_SetConstantForce_Output_Data_t*, TEffectState volatile*)
 .text._ZN16PIDReportHandler12SetRampForceEP40USB_FFBReport_SetRampForce_Output_Data_tPV12TEffectState
                0x080054a4       0x2a ./Libraries/ArduinoJoystickWithFFBLibrary/PIDReportHandler.o
                0x080054a4                PIDReportHandler::SetRampForce(USB_FFBReport_SetRampForce_Output_Data_t*, TEffectState volatile*)
 .text._ZN16PIDReportHandler15CreateNewEffectEP44USB_FFBReport_CreateNewEffect_Feature_Data_t
                0x080054ce       0x86 ./Libraries/ArduinoJoystickWithFFBLibrary/PIDReportHandler.o
                0x080054ce                PIDReportHandler::CreateNewEffect(USB_FFBReport_CreateNewEffect_Feature_Data_t*)
 .text._ZN16PIDReportHandler13UppackUsbDataEPht
                0x08005554      0x124 ./Libraries/ArduinoJoystickWithFFBLibrary/PIDReportHandler.o
                0x08005554                PIDReportHandler::UppackUsbData(unsigned char*, unsigned short)
 .text._ZN16PIDReportHandler10getPIDPoolEv
                0x08005678       0x3e ./Libraries/ArduinoJoystickWithFFBLibrary/PIDReportHandler.o
                0x08005678                PIDReportHandler::getPIDPool()
 .text._ZN16PIDReportHandler15getPIDBlockLoadEv
                0x080056b6       0x18 ./Libraries/ArduinoJoystickWithFFBLibrary/PIDReportHandler.o
                0x080056b6                PIDReportHandler::getPIDBlockLoad()
 .text._ZN16PIDReportHandler12getPIDStatusEv
                0x080056ce       0x18 ./Libraries/ArduinoJoystickWithFFBLibrary/PIDReportHandler.o
                0x080056ce                PIDReportHandler::getPIDStatus()
 .text._ZN9FfbEngineC2EP16PIDReportHandler
                0x080056e6       0x1c ./Libraries/ArduinoJoystickWithFFBLibrary/ffb_library.o
                0x080056e6                FfbEngine::FfbEngine(PIDReportHandler*)
                0x080056e6                FfbEngine::FfbEngine(PIDReportHandler*)
 *fill*         0x08005702        0x2 
 .text.FfbOnPIDBlockLoad
                0x08005704       0x14 ./Libraries/ArduinoJoystickWithFFBLibrary/ffb_library.o
                0x08005704                FfbOnPIDBlockLoad
 .text.FfbOnPIDPool
                0x08005718       0x14 ./Libraries/ArduinoJoystickWithFFBLibrary/ffb_library.o
                0x08005718                FfbOnPIDPool
 .text.FfbOnPIDStatus
                0x0800572c       0x14 ./Libraries/ArduinoJoystickWithFFBLibrary/ffb_library.o
                0x0800572c                FfbOnPIDStatus
 .text.FfbOnUsbData
                0x08005740       0x28 ./Libraries/ArduinoJoystickWithFFBLibrary/ffb_library.o
                0x08005740                FfbOnUsbData
 .text.FfbOnCreateNewEffect
                0x08005768       0x1c ./Libraries/ArduinoJoystickWithFFBLibrary/ffb_library.o
                0x08005768                FfbOnCreateNewEffect
 .text._Z41__static_initialization_and_destruction_0v
                0x08005784       0x20 ./Libraries/ArduinoJoystickWithFFBLibrary/ffb_library.o
 .text._Z41__static_initialization_and_destruction_1v
                0x080057a4       0x14 ./Libraries/ArduinoJoystickWithFFBLibrary/ffb_library.o
 .text._GLOBAL__sub_I_ffb_init
                0x080057b8        0xa ./Libraries/ArduinoJoystickWithFFBLibrary/ffb_library.o
 .text._GLOBAL__sub_D_ffb_init
                0x080057c2        0xa ./Libraries/ArduinoJoystickWithFFBLibrary/ffb_library.o
 .text.USBD_CUSTOM_HID_GetFSCfgDesc
                0x080057cc        0xe ./Middlewares/ST/STM32_USB_Device_Library/Class/CustomHID/Src/usbd_customhid.o
 .text.USBD_CUSTOM_HID_GetHSCfgDesc
                0x080057da        0xe ./Middlewares/ST/STM32_USB_Device_Library/Class/CustomHID/Src/usbd_customhid.o
 .text.USBD_CUSTOM_HID_GetOtherSpeedCfgDesc
                0x080057e8        0xe ./Middlewares/ST/STM32_USB_Device_Library/Class/CustomHID/Src/usbd_customhid.o
 .text.USBD_CUSTOM_HID_DataIn
                0x080057f6        0xa ./Middlewares/ST/STM32_USB_Device_Library/Class/CustomHID/Src/usbd_customhid.o
 .text.USBD_CUSTOM_HID_EP0_RxReady
                0x08005800       0x22 ./Middlewares/ST/STM32_USB_Device_Library/Class/CustomHID/Src/usbd_customhid.o
 .text.USBD_CUSTOM_HID_GetDeviceQualifierDesc
                0x08005822        0xe ./Middlewares/ST/STM32_USB_Device_Library/Class/CustomHID/Src/usbd_customhid.o
 .text.USBD_CUSTOM_HID_DataOut
                0x08005830       0x24 ./Middlewares/ST/STM32_USB_Device_Library/Class/CustomHID/Src/usbd_customhid.o
 .text.USBD_CUSTOM_HID_Setup
                0x08005854      0x15a ./Middlewares/ST/STM32_USB_Device_Library/Class/CustomHID/Src/usbd_customhid.o
 .text.USBD_CUSTOM_HID_DeInit
                0x080059ae       0x38 ./Middlewares/ST/STM32_USB_Device_Library/Class/CustomHID/Src/usbd_customhid.o
 .text.USBD_CUSTOM_HID_Init
                0x080059e6       0x54 ./Middlewares/ST/STM32_USB_Device_Library/Class/CustomHID/Src/usbd_customhid.o
 .text.USBD_CUSTOM_HID_SendReport
                0x08005a3a       0x2c ./Middlewares/ST/STM32_USB_Device_Library/Class/CustomHID/Src/usbd_customhid.o
                0x08005a3a                USBD_CUSTOM_HID_SendReport
 .text.USBD_CUSTOM_HID_RegisterInterface
                0x08005a66        0xe ./Middlewares/ST/STM32_USB_Device_Library/Class/CustomHID/Src/usbd_customhid.o
                0x08005a66                USBD_CUSTOM_HID_RegisterInterface
 .text.USBD_Init
                0x08005a74       0x2e ./Middlewares/ST/STM32_USB_Device_Library/Core/Src/usbd_core.o
                0x08005a74                USBD_Init
 .text.USBD_RegisterClass
                0x08005aa2        0xe ./Middlewares/ST/STM32_USB_Device_Library/Core/Src/usbd_core.o
                0x08005aa2                USBD_RegisterClass
 .text.USBD_Start
                0x08005ab0        0xa ./Middlewares/ST/STM32_USB_Device_Library/Core/Src/usbd_core.o
                0x08005ab0                USBD_Start
 .text.USBD_SetClassConfig
                0x08005aba       0x18 ./Middlewares/ST/STM32_USB_Device_Library/Core/Src/usbd_core.o
                0x08005aba                USBD_SetClassConfig
 .text.USBD_ClrClassConfig
                0x08005ad2        0xe ./Middlewares/ST/STM32_USB_Device_Library/Core/Src/usbd_core.o
                0x08005ad2                USBD_ClrClassConfig
 .text.USBD_LL_SetupStage
                0x08005ae0       0x5a ./Middlewares/ST/STM32_USB_Device_Library/Core/Src/usbd_core.o
                0x08005ae0                USBD_LL_SetupStage
 .text.USBD_LL_DataOutStage
                0x08005b3a       0x8c ./Middlewares/ST/STM32_USB_Device_Library/Core/Src/usbd_core.o
                0x08005b3a                USBD_LL_DataOutStage
 .text.USBD_LL_DataInStage
                0x08005bc6       0xd0 ./Middlewares/ST/STM32_USB_Device_Library/Core/Src/usbd_core.o
                0x08005bc6                USBD_LL_DataInStage
 .text.USBD_LL_Reset
                0x08005c96       0x50 ./Middlewares/ST/STM32_USB_Device_Library/Core/Src/usbd_core.o
                0x08005c96                USBD_LL_Reset
 .text.USBD_LL_SetSpeed
                0x08005ce6        0x6 ./Middlewares/ST/STM32_USB_Device_Library/Core/Src/usbd_core.o
                0x08005ce6                USBD_LL_SetSpeed
 .text.USBD_LL_Suspend
                0x08005cec       0x12 ./Middlewares/ST/STM32_USB_Device_Library/Core/Src/usbd_core.o
                0x08005cec                USBD_LL_Suspend
 .text.USBD_LL_Resume
                0x08005cfe       0x16 ./Middlewares/ST/STM32_USB_Device_Library/Core/Src/usbd_core.o
                0x08005cfe                USBD_LL_Resume
 .text.USBD_LL_SOF
                0x08005d14       0x1c ./Middlewares/ST/STM32_USB_Device_Library/Core/Src/usbd_core.o
                0x08005d14                USBD_LL_SOF
 .text.USBD_GetLen
                0x08005d30       0x14 ./Middlewares/ST/STM32_USB_Device_Library/Core/Src/usbd_ctlreq.o
 .text.USBD_SetFeature
                0x08005d44       0x14 ./Middlewares/ST/STM32_USB_Device_Library/Core/Src/usbd_ctlreq.o
 .text.USBD_ParseSetupRequest
                0x08005d58       0x28 ./Middlewares/ST/STM32_USB_Device_Library/Core/Src/usbd_ctlreq.o
                0x08005d58                USBD_ParseSetupRequest
 .text.USBD_CtlError
                0x08005d80       0x14 ./Middlewares/ST/STM32_USB_Device_Library/Core/Src/usbd_ctlreq.o
                0x08005d80                USBD_CtlError
 .text.USBD_GetDescriptor
                0x08005d94      0x186 ./Middlewares/ST/STM32_USB_Device_Library/Core/Src/usbd_ctlreq.o
 .text.USBD_SetAddress
                0x08005f1a       0x4e ./Middlewares/ST/STM32_USB_Device_Library/Core/Src/usbd_ctlreq.o
 .text.USBD_SetConfig
                0x08005f68       0xbc ./Middlewares/ST/STM32_USB_Device_Library/Core/Src/usbd_ctlreq.o
 .text.USBD_GetConfig
                0x08006024       0x3e ./Middlewares/ST/STM32_USB_Device_Library/Core/Src/usbd_ctlreq.o
 .text.USBD_GetStatus
                0x08006062       0x38 ./Middlewares/ST/STM32_USB_Device_Library/Core/Src/usbd_ctlreq.o
 .text.USBD_ClrFeature
                0x0800609a       0x26 ./Middlewares/ST/STM32_USB_Device_Library/Core/Src/usbd_ctlreq.o
 .text.USBD_StdDevReq
                0x080060c0       0x68 ./Middlewares/ST/STM32_USB_Device_Library/Core/Src/usbd_ctlreq.o
                0x080060c0                USBD_StdDevReq
 .text.USBD_StdItfReq
                0x08006128       0x60 ./Middlewares/ST/STM32_USB_Device_Library/Core/Src/usbd_ctlreq.o
                0x08006128                USBD_StdItfReq
 .text.USBD_StdEPReq
                0x08006188      0x1e2 ./Middlewares/ST/STM32_USB_Device_Library/Core/Src/usbd_ctlreq.o
                0x08006188                USBD_StdEPReq
 .text.USBD_GetString
                0x0800636a       0x3a ./Middlewares/ST/STM32_USB_Device_Library/Core/Src/usbd_ctlreq.o
                0x0800636a                USBD_GetString
 .text.USBD_CtlSendData
                0x080063a4       0x1a ./Middlewares/ST/STM32_USB_Device_Library/Core/Src/usbd_ioreq.o
                0x080063a4                USBD_CtlSendData
 .text.USBD_CtlContinueSendData
                0x080063be       0x10 ./Middlewares/ST/STM32_USB_Device_Library/Core/Src/usbd_ioreq.o
                0x080063be                USBD_CtlContinueSendData
 .text.USBD_CtlPrepareRx
                0x080063ce       0x1e ./Middlewares/ST/STM32_USB_Device_Library/Core/Src/usbd_ioreq.o
                0x080063ce                USBD_CtlPrepareRx
 .text.USBD_CtlContinueRx
                0x080063ec       0x10 ./Middlewares/ST/STM32_USB_Device_Library/Core/Src/usbd_ioreq.o
                0x080063ec                USBD_CtlContinueRx
 .text.USBD_CtlSendStatus
                0x080063fc       0x16 ./Middlewares/ST/STM32_USB_Device_Library/Core/Src/usbd_ioreq.o
                0x080063fc                USBD_CtlSendStatus
 .text.USBD_CtlReceiveStatus
                0x08006412       0x16 ./Middlewares/ST/STM32_USB_Device_Library/Core/Src/usbd_ioreq.o
                0x08006412                USBD_CtlReceiveStatus
 .text.MX_USB_DEVICE_Init
                0x08006428       0x80 ./USB_DEVICE/App/usb_device.o
                0x08006428                MX_USB_DEVICE_Init
 .text.CUSTOM_HID_Init_FS
                0x080064a8        0x4 ./USB_DEVICE/App/usbd_custom_hid_if.o
 .text.CUSTOM_HID_DeInit_FS
                0x080064ac        0x4 ./USB_DEVICE/App/usbd_custom_hid_if.o
 .text.CUSTOM_HID_OutEvent_FS
                0x080064b0        0x4 ./USB_DEVICE/App/usbd_custom_hid_if.o
 .text.USBD_FS_DeviceDescriptor
                0x080064b4        0xe ./USB_DEVICE/App/usbd_desc.o
                0x080064b4                USBD_FS_DeviceDescriptor
 .text.USBD_FS_LangIDStrDescriptor
                0x080064c2        0xe ./USB_DEVICE/App/usbd_desc.o
                0x080064c2                USBD_FS_LangIDStrDescriptor
 .text.IntToUnicode
                0x080064d0       0x46 ./USB_DEVICE/App/usbd_desc.o
 .text.Get_SerialNum
                0x08006516       0x3a ./USB_DEVICE/App/usbd_desc.o
 .text.USBD_FS_SerialStrDescriptor
                0x08006550       0x14 ./USB_DEVICE/App/usbd_desc.o
                0x08006550                USBD_FS_SerialStrDescriptor
 .text.USBD_FS_ProductStrDescriptor
                0x08006564       0x3a ./USB_DEVICE/App/usbd_desc.o
                0x08006564                USBD_FS_ProductStrDescriptor
 .text.USBD_FS_ManufacturerStrDescriptor
                0x0800659e       0x1e ./USB_DEVICE/App/usbd_desc.o
                0x0800659e                USBD_FS_ManufacturerStrDescriptor
 .text.USBD_FS_ConfigStrDescriptor
                0x080065bc       0x3a ./USB_DEVICE/App/usbd_desc.o
                0x080065bc                USBD_FS_ConfigStrDescriptor
 .text.USBD_FS_InterfaceStrDescriptor
                0x080065f6       0x3a ./USB_DEVICE/App/usbd_desc.o
                0x080065f6                USBD_FS_InterfaceStrDescriptor
 .text.USBD_Get_USB_Status
                0x08006630       0x14 ./USB_DEVICE/Target/usbd_conf.o
 .text.HAL_PCD_MspInit
                0x08006644       0x44 ./USB_DEVICE/Target/usbd_conf.o
                0x08006644                HAL_PCD_MspInit
 .text.HAL_PCD_SetupStageCallback
                0x08006688       0x10 ./USB_DEVICE/Target/usbd_conf.o
                0x08006688                HAL_PCD_SetupStageCallback
 .text.HAL_PCD_DataOutStageCallback
                0x08006698       0x18 ./USB_DEVICE/Target/usbd_conf.o
                0x08006698                HAL_PCD_DataOutStageCallback
 .text.HAL_PCD_DataInStageCallback
                0x080066b0       0x16 ./USB_DEVICE/Target/usbd_conf.o
                0x080066b0                HAL_PCD_DataInStageCallback
 .text.HAL_PCD_SOFCallback
                0x080066c6        0xc ./USB_DEVICE/Target/usbd_conf.o
                0x080066c6                HAL_PCD_SOFCallback
 .text.HAL_PCD_ResetCallback
                0x080066d2       0x24 ./USB_DEVICE/Target/usbd_conf.o
                0x080066d2                HAL_PCD_ResetCallback
 .text.HAL_PCD_SuspendCallback
                0x080066f6       0x22 ./USB_DEVICE/Target/usbd_conf.o
                0x080066f6                HAL_PCD_SuspendCallback
 .text.HAL_PCD_ResumeCallback
                0x08006718        0xc ./USB_DEVICE/Target/usbd_conf.o
                0x08006718                HAL_PCD_ResumeCallback
 .text.USBD_LL_Init
                0x08006724       0x76 ./USB_DEVICE/Target/usbd_conf.o
                0x08006724                USBD_LL_Init
 .text.USBD_LL_Start
                0x0800679a       0x10 ./USB_DEVICE/Target/usbd_conf.o
                0x0800679a                USBD_LL_Start
 .text.USBD_LL_OpenEP
                0x080067aa       0x16 ./USB_DEVICE/Target/usbd_conf.o
                0x080067aa                USBD_LL_OpenEP
 .text.USBD_LL_CloseEP
                0x080067c0       0x10 ./USB_DEVICE/Target/usbd_conf.o
                0x080067c0                USBD_LL_CloseEP
 .text.USBD_LL_StallEP
                0x080067d0       0x10 ./USB_DEVICE/Target/usbd_conf.o
                0x080067d0                USBD_LL_StallEP
 .text.USBD_LL_ClearStallEP
                0x080067e0       0x10 ./USB_DEVICE/Target/usbd_conf.o
                0x080067e0                USBD_LL_ClearStallEP
 .text.USBD_LL_IsStallEP
                0x080067f0       0x2c ./USB_DEVICE/Target/usbd_conf.o
                0x080067f0                USBD_LL_IsStallEP
 .text.USBD_LL_SetUSBAddress
                0x0800681c       0x10 ./USB_DEVICE/Target/usbd_conf.o
                0x0800681c                USBD_LL_SetUSBAddress
 .text.USBD_LL_Transmit
                0x0800682c       0x10 ./USB_DEVICE/Target/usbd_conf.o
                0x0800682c                USBD_LL_Transmit
 .text.USBD_LL_PrepareReceive
                0x0800683c       0x10 ./USB_DEVICE/Target/usbd_conf.o
                0x0800683c                USBD_LL_PrepareReceive
 .text.USBD_static_malloc
                0x0800684c        0xa ./USB_DEVICE/Target/usbd_conf.o
                0x0800684c                USBD_static_malloc
 .text.USBD_static_free
                0x08006856        0x2 ./USB_DEVICE/Target/usbd_conf.o
                0x08006856                USBD_static_free
 .text.HAL_PCDEx_SetConnectionState
                0x08006858        0x2 ./USB_DEVICE/Target/usbd_conf.o
                0x08006858                HAL_PCDEx_SetConnectionState
 .text.hat_switch_from_msb
                0x0800685a       0x3a ./Wheel/Src/app_usb_device.o
 .text.app_usb_SOF_CB
                0x08006894       0x54 ./Wheel/Src/app_usb_device.o
 .text.app_usb_DataInStage_CB
                0x080068e8       0x22 ./Wheel/Src/app_usb_device.o
 .text.app_usb_EP0_recieve_CB
                0x0800690a       0x3c ./Wheel/Src/app_usb_device.o
 .text.app_usb_DataOutStage_CB
                0x08006946       0x28 ./Wheel/Src/app_usb_device.o
 .text.app_usb_hid_init
                0x0800696e       0x14 ./Wheel/Src/app_usb_device.o
                0x0800696e                app_usb_hid_init
 .text.app_usb_start
                0x08006982       0x52 ./Wheel/Src/app_usb_device.o
                0x08006982                app_usb_start
 .text.app_usb_start_deferred_processing
                0x080069d4       0x42 ./Wheel/Src/app_usb_device.o
                0x080069d4                app_usb_start_deferred_processing
 .text.app_usb_hid_send_report
                0x08006a16       0x96 ./Wheel/Src/app_usb_device.o
                0x08006a16                app_usb_hid_send_report
 .text.USB_HID_PID_CTL_PARSER
                0x08006aac       0xf8 ./Wheel/Src/app_usb_device.o
                0x08006aac                USB_HID_PID_CTL_PARSER
 .text.Analog_INIT
                0x08006ba4        0xe ./Wheel/Src/hw_analog_input.o
 .text.Pedals_INIT
                0x08006bb2        0xe ./Wheel/Src/hw_analog_input.o
 .text.Pedals_GetState
                0x08006bc0       0x1e ./Wheel/Src/hw_analog_input.o
 .text.Analog_Stop
                0x08006bde        0xc ./Wheel/Src/hw_analog_input.o
 .text.Analog_DeINIT
                0x08006bea       0x28 ./Wheel/Src/hw_analog_input.o
 .text.Analog_Start_CONTINIOUS_SCAN_DMA
                0x08006c12       0x12 ./Wheel/Src/hw_analog_input.o
 .text.Pedals_DeINIT
                0x08006c24       0x1a ./Wheel/Src/hw_analog_input.o
 .text.DigitalInput_INIT
                0x08006c3e       0x32 ./Wheel/Src/hw_digital_input.o
 .text.DigitalInput_DeINIT
                0x08006c70        0xe ./Wheel/Src/hw_digital_input.o
 .text.DigitalInput_ReadState
                0x08006c7e       0x60 ./Wheel/Src/hw_digital_input.o
 .text.MLX90363_INIT
                0x08006cde       0x32 ./Wheel/Src/hw_magnetometer.o
 .text.calculate_crc
                0x08006d10       0x3a ./Wheel/Src/hw_magnetometer.o
 .text.set_Tx_GET1
                0x08006d4a       0x32 ./Wheel/Src/hw_magnetometer.o
 .text.set_Tx_NOP
                0x08006d7c       0x32 ./Wheel/Src/hw_magnetometer.o
 .text.getData  0x08006dae       0xa0 ./Wheel/Src/hw_magnetometer.o
 .text.MLX90363_TxRxDone_CB
                0x08006e4e       0x1e ./Wheel/Src/hw_magnetometer.o
 .text.MLX90363_TransmitRecieve_DMA
                0x08006e6c       0x36 ./Wheel/Src/hw_magnetometer.o
 .text.MLX90363_Stop
                0x08006ea2        0xc ./Wheel/Src/hw_magnetometer.o
 .text.MLX90363_DeINIT
                0x08006eae       0x18 ./Wheel/Src/hw_magnetometer.o
 .text.transmit_blocking
                0x08006ec6       0x2a ./Wheel/Src/hw_magnetometer.o
 .text.reset_roll_counter
                0x08006ef0       0x24 ./Wheel/Src/hw_magnetometer.o
 .text.MLX90363_Start_TIM
                0x08006f14       0x28 ./Wheel/Src/hw_magnetometer.o
 .text.init_analog
                0x08006f3c       0x60 ./Wheel/Src/steeringwheel.o
 .text.configure_software_exti
                0x08006f9c       0x46 ./Wheel/Src/steeringwheel.o
 .text.init_wheel_handle
                0x08006fe2       0x3c ./Wheel/Src/steeringwheel.o
 .text.init_buttons
                0x0800701e       0x7e ./Wheel/Src/steeringwheel.o
 .text.init_sensor
                0x0800709c       0x78 ./Wheel/Src/steeringwheel.o
 .text.wheel_startup
                0x08007114       0xa2 ./Wheel/Src/steeringwheel.o
                0x08007114                wheel_startup
 .text.wheel_get_all_component_states
                0x080071b6       0x6c ./Wheel/Src/steeringwheel.o
                0x080071b6                wheel_get_all_component_states
 .text.HAL_GPIO_EXTI_Callback
                0x08007222       0x2e ./Wheel/Src/steeringwheel.o
                0x08007222                HAL_GPIO_EXTI_Callback
 .text.HAL_ADC_ConvCpltCallback
                0x08007250        0x2 ./Wheel/Src/steeringwheel.o
                0x08007250                HAL_ADC_ConvCpltCallback
 .text.HAL_SPI_TxRxCpltCallback
                0x08007252       0x30 ./Wheel/Src/steeringwheel.o
                0x08007252                HAL_SPI_TxRxCpltCallback
 .text.HAL_TIM_PeriodElapsedCallback
                0x08007282       0x50 ./Wheel/Src/steeringwheel.o
                0x08007282                HAL_TIM_PeriodElapsedCallback
 .text.Buttons_INIT
                0x080072d2       0x1e ./Wheel/Src/sw_buttons.o
 .text.Buttons_DeINIT
                0x080072f0       0x1c ./Wheel/Src/sw_buttons.o
 .text.get_debounced_state
                0x0800730c      0x1b2 ./Wheel/Src/sw_buttons.o
 .text.get_current_knob_state
                0x080074be       0x34 ./Wheel/Src/sw_buttons.o
 .text.Buttons_GetState
                0x080074f2       0x12 ./Wheel/Src/sw_buttons.o
 .text.read_knob_button_state
                0x08007504       0xe0 ./Wheel/Src/sw_buttons.o
 .text.update_knob_button_state
                0x080075e4       0x30 ./Wheel/Src/sw_buttons.o
 .text.Buttons_Update
                0x08007614       0x46 ./Wheel/Src/sw_buttons.o
 .text.Buttons_Stop
                0x0800765a        0xe ./Wheel/Src/sw_buttons.o
 .text.Buttons_Start_TIM
                0x08007668        0xe ./Wheel/Src/sw_buttons.o
 .text.Sensor_INIT
                0x08007676       0x1a ./Wheel/Src/sw_sensor.o
 .text.Sensor_DeINIT
                0x08007690       0x14 ./Wheel/Src/sw_sensor.o
 .text.calculate_magnet_rotations
                0x080076a4       0x26 ./Wheel/Src/sw_sensor.o
 .text.Sensor_Update
                0x080076ca       0x22 ./Wheel/Src/sw_sensor.o
 .text.get_steering_pos
                0x080076ec       0x4c ./Wheel/Src/sw_sensor.o
 .text.Sensor_GetAxis
                0x08007738       0x76 ./Wheel/Src/sw_sensor.o
 .text.Shifter_INIT
                0x080077ae       0x2c ./Wheel/Src/sw_shifter.o
 .text.Shifter_getSpeed
                0x080077da       0xd6 ./Wheel/Src/sw_shifter.o
 .text.Shifter_DeINIT
                0x080078b0       0x1a ./Wheel/Src/sw_shifter.o
 .text.memset   0x080078ca       0x10 C:/Program Files/STMicroelectronics/STM32CubeIDE_1.16.0/STM32CubeIDE/plugins/com.st.stm32cube.ide.mcu.externaltools.gnu-tools-for-stm32.13.3.rel1.win32_1.0.0.202411081344/tools/bin/../lib/gcc/arm-none-eabi/13.3.1/../../../../arm-none-eabi/lib/thumb/v7-m/nofp\libc_nano.a(libc_a-memset.o)
                0x080078ca                memset
 *fill*         0x080078da        0x2 
 .text.__libc_init_array
                0x080078dc       0x48 C:/Program Files/STMicroelectronics/STM32CubeIDE_1.16.0/STM32CubeIDE/plugins/com.st.stm32cube.ide.mcu.externaltools.gnu-tools-for-stm32.13.3.rel1.win32_1.0.0.202411081344/tools/bin/../lib/gcc/arm-none-eabi/13.3.1/../../../../arm-none-eabi/lib/thumb/v7-m/nofp\libc_nano.a(libc_a-init.o)
                0x080078dc                __libc_init_array
 *(.glue_7)
 .glue_7        0x08007924        0x0 linker stubs
 *(.glue_7t)
 .glue_7t       0x08007924        0x0 linker stubs
 *(.eh_frame)
 .eh_frame      0x08007924        0x0 C:/Program Files/STMicroelectronics/STM32CubeIDE_1.16.0/STM32CubeIDE/plugins/com.st.stm32cube.ide.mcu.externaltools.gnu-tools-for-stm32.13.3.rel1.win32_1.0.0.202411081344/tools/bin/../lib/gcc/arm-none-eabi/13.3.1/thumb/v7-m/nofp/crtbegin.o
 *(.init)
 .init          0x08007924        0x4 C:/Program Files/STMicroelectronics/STM32CubeIDE_1.16.0/STM32CubeIDE/plugins/com.st.stm32cube.ide.mcu.externaltools.gnu-tools-for-stm32.13.3.rel1.win32_1.0.0.202411081344/tools/bin/../lib/gcc/arm-none-eabi/13.3.1/thumb/v7-m/nofp/crti.o
                0x08007924                _init
 .init          0x08007928        0x8 C:/Program Files/STMicroelectronics/STM32CubeIDE_1.16.0/STM32CubeIDE/plugins/com.st.stm32cube.ide.mcu.externaltools.gnu-tools-for-stm32.13.3.rel1.win32_1.0.0.202411081344/tools/bin/../lib/gcc/arm-none-eabi/13.3.1/thumb/v7-m/nofp/crtn.o
 *(.fini)
 .fini          0x08007930        0x4 C:/Program Files/STMicroelectronics/STM32CubeIDE_1.16.0/STM32CubeIDE/plugins/com.st.stm32cube.ide.mcu.externaltools.gnu-tools-for-stm32.13.3.rel1.win32_1.0.0.202411081344/tools/bin/../lib/gcc/arm-none-eabi/13.3.1/thumb/v7-m/nofp/crti.o
                0x08007930                _fini
 .fini          0x08007934        0x8 C:/Program Files/STMicroelectronics/STM32CubeIDE_1.16.0/STM32CubeIDE/plugins/com.st.stm32cube.ide.mcu.externaltools.gnu-tools-for-stm32.13.3.rel1.win32_1.0.0.202411081344/tools/bin/../lib/gcc/arm-none-eabi/13.3.1/thumb/v7-m/nofp/crtn.o
                0x0800793c                        . = ALIGN (0x4)
                0x0800793c                        _etext = .

.vfp11_veneer   0x0800793c        0x0
 .vfp11_veneer  0x0800793c        0x0 linker stubs

.v4_bx          0x0800793c        0x0
 .v4_bx         0x0800793c        0x0 linker stubs

.iplt           0x0800793c        0x0
 .iplt          0x0800793c        0x0 C:/Program Files/STMicroelectronics/STM32CubeIDE_1.16.0/STM32CubeIDE/plugins/com.st.stm32cube.ide.mcu.externaltools.gnu-tools-for-stm32.13.3.rel1.win32_1.0.0.202411081344/tools/bin/../lib/gcc/arm-none-eabi/13.3.1/thumb/v7-m/nofp/crtbegin.o

.rodata         0x0800793c      0x1d8
                0x0800793c                        . = ALIGN (0x4)
 *(.rodata)
 .rodata        0x0800793c        0x3 ./Libraries/ArduinoJoystickWithFFBLibrary/PIDReportHandler.o
 *fill*         0x0800793f        0x1 
 .rodata        0x08007940        0x8 ./Wheel/Src/sw_buttons.o
 *(.rodata*)
 .rodata.AHBPrescTable
                0x08007948       0x10 ./Core/Src/system_stm32f1xx.o
                0x08007948                AHBPrescTable
 .rodata.aPredivFactorTable.0
                0x08007958        0x2 ./Drivers/STM32F1xx_HAL_Driver/Src/stm32f1xx_hal_rcc.o
 *fill*         0x0800795a        0x2 
 .rodata.aPLLMULFactorTable.1
                0x0800795c       0x10 ./Drivers/STM32F1xx_HAL_Driver/Src/stm32f1xx_hal_rcc.o
 .rodata.USBD_FS_ProductStrDescriptor.str1.4
                0x0800796c       0x5d ./USB_DEVICE/App/usbd_desc.o
                                 0x1d (size before relaxing)
 .rodata.USBD_FS_ManufacturerStrDescriptor.str1.4
                0x080079c9       0x13 ./USB_DEVICE/App/usbd_desc.o
 .rodata.USBD_FS_ConfigStrDescriptor.str1.4
                0x080079c9       0x12 ./USB_DEVICE/App/usbd_desc.o
 .rodata.USBD_FS_InterfaceStrDescriptor.str1.4
                0x080079c9       0x15 ./USB_DEVICE/App/usbd_desc.o
 *fill*         0x080079c9        0x3 
 .rodata.hat_table.0
                0x080079cc        0x9 ./Wheel/Src/app_usb_device.o
 *fill*         0x080079d5        0x3 
 .rodata.cba_256_TAB
                0x080079d8      0x100 ./Wheel/Src/hw_magnetometer.o
 .rodata.left_sequence_backwards
                0x08007ad8       0x14 ./Wheel/Src/sw_buttons.o
                0x08007ad8                left_sequence_backwards
 .rodata.right_sequence_backwards
                0x08007aec       0x14 ./Wheel/Src/sw_buttons.o
                0x08007aec                right_sequence_backwards
 .rodata.speed_table.0
                0x08007b00       0x14 ./Wheel/Src/sw_shifter.o
                0x08007b14                        . = ALIGN (0x4)

.ARM.extab      0x08007b14        0x0
                0x08007b14                        . = ALIGN (0x4)
 *(.ARM.extab* .gnu.linkonce.armextab.*)
                0x08007b14                        . = ALIGN (0x4)

.ARM            0x08007b14        0x0
                0x08007b14                        . = ALIGN (0x4)
                0x08007b14                        __exidx_start = .
 *(.ARM.exidx*)
                0x08007b14                        __exidx_end = .
                0x08007b14                        . = ALIGN (0x4)

.preinit_array  0x08007b14        0x0
                0x08007b14                        . = ALIGN (0x4)
                0x08007b14                        PROVIDE (__preinit_array_start = .)
 *(.preinit_array*)
                0x08007b14                        PROVIDE (__preinit_array_end = .)
                0x08007b14                        . = ALIGN (0x4)

.init_array     0x08007b14        0x8
                0x08007b14                        . = ALIGN (0x4)
                0x08007b14                        PROVIDE (__init_array_start = .)
 *(SORT_BY_NAME(.init_array.*))
 *(.init_array*)
 .init_array    0x08007b14        0x4 C:/Program Files/STMicroelectronics/STM32CubeIDE_1.16.0/STM32CubeIDE/plugins/com.st.stm32cube.ide.mcu.externaltools.gnu-tools-for-stm32.13.3.rel1.win32_1.0.0.202411081344/tools/bin/../lib/gcc/arm-none-eabi/13.3.1/thumb/v7-m/nofp/crtbegin.o
 .init_array    0x08007b18        0x4 ./Libraries/ArduinoJoystickWithFFBLibrary/ffb_library.o
                0x08007b1c                        PROVIDE (__init_array_end = .)
                0x08007b1c                        . = ALIGN (0x4)

.fini_array     0x08007b1c        0x8
                0x08007b1c                        . = ALIGN (0x4)
                [!provide]                        PROVIDE (__fini_array_start = .)
 *(SORT_BY_NAME(.fini_array.*))
 *(.fini_array*)
 .fini_array    0x08007b1c        0x4 C:/Program Files/STMicroelectronics/STM32CubeIDE_1.16.0/STM32CubeIDE/plugins/com.st.stm32cube.ide.mcu.externaltools.gnu-tools-for-stm32.13.3.rel1.win32_1.0.0.202411081344/tools/bin/../lib/gcc/arm-none-eabi/13.3.1/thumb/v7-m/nofp/crtbegin.o
 .fini_array    0x08007b20        0x4 ./Libraries/ArduinoJoystickWithFFBLibrary/ffb_library.o
                [!provide]                        PROVIDE (__fini_array_end = .)
                0x08007b24                        . = ALIGN (0x4)
                0x08007b24                        _sidata = LOADADDR (.data)

.rel.dyn        0x08007b24        0x0
 .rel.iplt      0x08007b24        0x0 C:/Program Files/STMicroelectronics/STM32CubeIDE_1.16.0/STM32CubeIDE/plugins/com.st.stm32cube.ide.mcu.externaltools.gnu-tools-for-stm32.13.3.rel1.win32_1.0.0.202411081344/tools/bin/../lib/gcc/arm-none-eabi/13.3.1/thumb/v7-m/nofp/crtbegin.o

.data           0x20000000      0xfa0 load address 0x08007b24
                0x20000000                        . = ALIGN (0x4)
                0x20000000                        _sdata = .
 *(.data)
 *(.data*)
 .data.SystemCoreClock
                0x20000000        0x4 ./Core/Src/system_stm32f1xx.o
                0x20000000                SystemCoreClock
 .data.uwTickFreq
                0x20000004        0x1 ./Drivers/STM32F1xx_HAL_Driver/Src/stm32f1xx_hal.o
                0x20000004                uwTickFreq
 *fill*         0x20000005        0x3 
 .data.uwTickPrio
                0x20000008        0x4 ./Drivers/STM32F1xx_HAL_Driver/Src/stm32f1xx_hal.o
                0x20000008                uwTickPrio
 .data.USBD_CUSTOM_HID_DeviceQualifierDesc
                0x2000000c        0xa ./Middlewares/ST/STM32_USB_Device_Library/Class/CustomHID/Src/usbd_customhid.o
 *fill*         0x20000016        0x2 
 .data.USBD_CUSTOM_HID_Desc
                0x20000018        0x9 ./Middlewares/ST/STM32_USB_Device_Library/Class/CustomHID/Src/usbd_customhid.o
 *fill*         0x20000021        0x3 
 .data.USBD_CUSTOM_HID_OtherSpeedCfgDesc
                0x20000024       0x29 ./Middlewares/ST/STM32_USB_Device_Library/Class/CustomHID/Src/usbd_customhid.o
 *fill*         0x2000004d        0x3 
 .data.USBD_CUSTOM_HID_CfgHSDesc
                0x20000050       0x29 ./Middlewares/ST/STM32_USB_Device_Library/Class/CustomHID/Src/usbd_customhid.o
 *fill*         0x20000079        0x3 
 .data.USBD_CUSTOM_HID_CfgFSDesc
                0x2000007c       0x29 ./Middlewares/ST/STM32_USB_Device_Library/Class/CustomHID/Src/usbd_customhid.o
 *fill*         0x200000a5        0x3 
 .data.USBD_CUSTOM_HID
                0x200000a8       0x38 ./Middlewares/ST/STM32_USB_Device_Library/Class/CustomHID/Src/usbd_customhid.o
                0x200000a8                USBD_CUSTOM_HID
 .data.USBD_CustomHID_fops_FS
                0x200000e0       0x10 ./USB_DEVICE/App/usbd_custom_hid_if.o
                0x200000e0                USBD_CustomHID_fops_FS
 .data.CUSTOM_HID_ReportDesc_FS
                0x200000f0      0x502 ./USB_DEVICE/App/usbd_custom_hid_if.o
 *fill*         0x200005f2        0x2 
 .data.USBD_StringSerial
                0x200005f4       0x1a ./USB_DEVICE/App/usbd_desc.o
                0x200005f4                USBD_StringSerial
 *fill*         0x2000060e        0x2 
 .data.USBD_LangIDDesc
                0x20000610        0x4 ./USB_DEVICE/App/usbd_desc.o
                0x20000610                USBD_LangIDDesc
 .data.USBD_FS_DeviceDesc
                0x20000614       0x12 ./USB_DEVICE/App/usbd_desc.o
                0x20000614                USBD_FS_DeviceDesc
 *fill*         0x20000626        0x2 
 .data.FS_Desc  0x20000628       0x1c ./USB_DEVICE/App/usbd_desc.o
                0x20000628                FS_Desc
 .data.HID_report_desc
                0x20000644      0x502 ./Wheel/Src/app_hid_desc.o
                0x20000644                HID_report_desc
 *fill*         0x20000b46        0x2 
 .data.hPedals  0x20000b48       0x14 ./Wheel/Src/hw_analog_input.o
                0x20000b48                hPedals
 .data.hAnalog  0x20000b5c       0x28 ./Wheel/Src/hw_analog_input.o
                0x20000b5c                hAnalog
 .data.hG29Buttons
                0x20000b84       0x1c ./Wheel/Src/hw_digital_input.o
                0x20000b84                hG29Buttons
 .data.hmlx90363
                0x20000ba0       0x40 ./Wheel/Src/hw_magnetometer.o
                0x20000ba0                hmlx90363
 .data.hButtons
                0x20000be0      0x368 ./Wheel/Src/sw_buttons.o
                0x20000be0                hButtons
 .data.hSensor  0x20000f48       0x34 ./Wheel/Src/sw_sensor.o
                0x20000f48                hSensor
 .data.hShifter
                0x20000f7c       0x24 ./Wheel/Src/sw_shifter.o
                0x20000f7c                hShifter
 *(.RamFunc)
 *(.RamFunc*)
                0x20000fa0                        . = ALIGN (0x4)
                0x20000fa0                        _edata = .

.igot.plt       0x20000fa0        0x0 load address 0x08008ac4
 .igot.plt      0x20000fa0        0x0 C:/Program Files/STMicroelectronics/STM32CubeIDE_1.16.0/STM32CubeIDE/plugins/com.st.stm32cube.ide.mcu.externaltools.gnu-tools-for-stm32.13.3.rel1.win32_1.0.0.202411081344/tools/bin/../lib/gcc/arm-none-eabi/13.3.1/thumb/v7-m/nofp/crtbegin.o
                0x20000fa0                        . = ALIGN (0x4)

.bss            0x20000fa0      0xe44 load address 0x08008ac4
                0x20000fa0                        _sbss = .
                0x20000fa0                        __bss_start__ = _sbss
 *(.bss)
 .bss           0x20000fa0       0x1c C:/Program Files/STMicroelectronics/STM32CubeIDE_1.16.0/STM32CubeIDE/plugins/com.st.stm32cube.ide.mcu.externaltools.gnu-tools-for-stm32.13.3.rel1.win32_1.0.0.202411081344/tools/bin/../lib/gcc/arm-none-eabi/13.3.1/thumb/v7-m/nofp/crtbegin.o
 *(.bss*)
 .bss.htim4     0x20000fbc       0x48 ./Core/Src/main.o
                0x20000fbc                htim4
 .bss.htim3     0x20001004       0x48 ./Core/Src/main.o
                0x20001004                htim3
 .bss.hdma_spi2_tx
                0x2000104c       0x44 ./Core/Src/main.o
                0x2000104c                hdma_spi2_tx
 .bss.hdma_spi2_rx
                0x20001090       0x44 ./Core/Src/main.o
                0x20001090                hdma_spi2_rx
 .bss.hspi2     0x200010d4       0x58 ./Core/Src/main.o
                0x200010d4                hspi2
 .bss.hdma_adc1
                0x2000112c       0x44 ./Core/Src/main.o
                0x2000112c                hdma_adc1
 .bss.hadc1     0x20001170       0x30 ./Core/Src/main.o
                0x20001170                hadc1
 .bss.uwTick    0x200011a0        0x4 ./Drivers/STM32F1xx_HAL_Driver/Src/stm32f1xx_hal.o
                0x200011a0                uwTick
 *fill*         0x200011a4        0x4 
 .bss._ZL10pidHandler
                0x200011a8      0x3e8 ./Libraries/ArduinoJoystickWithFFBLibrary/ffb_library.o
 .bss._ZL9ffbEngine
                0x20001590        0xc ./Libraries/ArduinoJoystickWithFFBLibrary/ffb_library.o
 .bss.cfgidx.0  0x2000159c        0x1 ./Middlewares/ST/STM32_USB_Device_Library/Core/Src/usbd_ctlreq.o
 *fill*         0x2000159d        0x3 
 .bss.hUsbDeviceFS
                0x200015a0      0x2c4 ./USB_DEVICE/App/usb_device.o
                0x200015a0                hUsbDeviceFS
 .bss.USBD_StrDesc
                0x20001864      0x200 ./USB_DEVICE/App/usbd_desc.o
                0x20001864                USBD_StrDesc
 .bss.mem.0     0x20001a64       0x20 ./USB_DEVICE/Target/usbd_conf.o
 .bss.hpcd_USB_FS
                0x20001a84      0x2d8 ./USB_DEVICE/Target/usbd_conf.o
                0x20001a84                hpcd_USB_FS
 .bss.in        0x20001d5c        0x4 ./Wheel/Src/steeringwheel.o
                0x20001d5c                in
 .bss.hUsbHidPid
                0x20001d60       0x68 ./Wheel/Src/steeringwheel.o
                0x20001d60                hUsbHidPid
 .bss.wheel     0x20001dc8       0x1c ./Wheel/Src/steeringwheel.o
                0x20001dc8                wheel
 *(COMMON)
                0x20001de4                        . = ALIGN (0x4)
                0x20001de4                        _ebss = .
                0x20001de4                        __bss_end__ = _ebss

._user_heap_stack
                0x20001de4      0x604 load address 0x08008ac4
                0x20001de8                        . = ALIGN (0x8)
 *fill*         0x20001de4        0x4 
                [!provide]                        PROVIDE (end = .)
                0x20001de8                        PROVIDE (_end = .)
                0x20001fe8                        . = (. + _Min_Heap_Size)
 *fill*         0x20001de8      0x200 
                0x200023e8                        . = (. + _Min_Stack_Size)
 *fill*         0x20001fe8      0x400 
                0x200023e8                        . = ALIGN (0x8)

/DISCARD/
 libc.a(*)
 libm.a(*)
 libgcc.a(*)

.ARM.attributes
                0x00000000       0x29
 *(.ARM.attributes)
 .ARM.attributes
                0x00000000       0x1d C:/Program Files/STMicroelectronics/STM32CubeIDE_1.16.0/STM32CubeIDE/plugins/com.st.stm32cube.ide.mcu.externaltools.gnu-tools-for-stm32.13.3.rel1.win32_1.0.0.202411081344/tools/bin/../lib/gcc/arm-none-eabi/13.3.1/thumb/v7-m/nofp/crti.o
 .ARM.attributes
                0x0000001d       0x2d C:/Program Files/STMicroelectronics/STM32CubeIDE_1.16.0/STM32CubeIDE/plugins/com.st.stm32cube.ide.mcu.externaltools.gnu-tools-for-stm32.13.3.rel1.win32_1.0.0.202411081344/tools/bin/../lib/gcc/arm-none-eabi/13.3.1/thumb/v7-m/nofp/crtbegin.o
 .ARM.attributes
                0x0000004a       0x2d ./Core/Src/main.o
 .ARM.attributes
                0x00000077       0x2d ./Core/Src/stm32f1xx_hal_msp.o
 .ARM.attributes
                0x000000a4       0x2d ./Core/Src/stm32f1xx_it.o
 .ARM.attributes
                0x000000d1       0x2d ./Core/Src/system_stm32f1xx.o
 .ARM.attributes
                0x000000fe       0x21 ./Core/Startup/startup_stm32f103c8tx.o
 .ARM.attributes
                0x0000011f       0x2d ./Drivers/STM32F1xx_HAL_Driver/Src/stm32f1xx_hal.o
 .ARM.attributes
                0x0000014c       0x2d ./Drivers/STM32F1xx_HAL_Driver/Src/stm32f1xx_hal_adc.o
 .ARM.attributes
                0x00000179       0x2d ./Drivers/STM32F1xx_HAL_Driver/Src/stm32f1xx_hal_cortex.o
 .ARM.attributes
                0x000001a6       0x2d ./Drivers/STM32F1xx_HAL_Driver/Src/stm32f1xx_hal_dma.o
 .ARM.attributes
                0x000001d3       0x2d ./Drivers/STM32F1xx_HAL_Driver/Src/stm32f1xx_hal_gpio.o
 .ARM.attributes
                0x00000200       0x2d ./Drivers/STM32F1xx_HAL_Driver/Src/stm32f1xx_hal_pcd.o
 .ARM.attributes
                0x0000022d       0x2d ./Drivers/STM32F1xx_HAL_Driver/Src/stm32f1xx_hal_pcd_ex.o
 .ARM.attributes
                0x0000025a       0x2d ./Drivers/STM32F1xx_HAL_Driver/Src/stm32f1xx_hal_rcc.o
 .ARM.attributes
                0x00000287       0x2d ./Drivers/STM32F1xx_HAL_Driver/Src/stm32f1xx_hal_rcc_ex.o
 .ARM.attributes
                0x000002b4       0x2d ./Drivers/STM32F1xx_HAL_Driver/Src/stm32f1xx_hal_spi.o
 .ARM.attributes
                0x000002e1       0x2d ./Drivers/STM32F1xx_HAL_Driver/Src/stm32f1xx_hal_tim.o
 .ARM.attributes
                0x0000030e       0x2d ./Drivers/STM32F1xx_HAL_Driver/Src/stm32f1xx_hal_tim_ex.o
 .ARM.attributes
                0x0000033b       0x2d ./Drivers/STM32F1xx_HAL_Driver/Src/stm32f1xx_ll_usb.o
 .ARM.attributes
                0x00000368       0x2d ./Libraries/ArduinoJoystickWithFFBLibrary/PIDReportHandler.o
 .ARM.attributes
                0x00000395       0x2d ./Libraries/ArduinoJoystickWithFFBLibrary/ffb_library.o
 .ARM.attributes
                0x000003c2       0x2d ./Middlewares/ST/STM32_USB_Device_Library/Class/CustomHID/Src/usbd_customhid.o
 .ARM.attributes
                0x000003ef       0x2d ./Middlewares/ST/STM32_USB_Device_Library/Core/Src/usbd_core.o
 .ARM.attributes
                0x0000041c       0x2d ./Middlewares/ST/STM32_USB_Device_Library/Core/Src/usbd_ctlreq.o
 .ARM.attributes
                0x00000449       0x2d ./Middlewares/ST/STM32_USB_Device_Library/Core/Src/usbd_ioreq.o
 .ARM.attributes
                0x00000476       0x2d ./USB_DEVICE/App/usb_device.o
 .ARM.attributes
                0x000004a3       0x2d ./USB_DEVICE/App/usbd_custom_hid_if.o
 .ARM.attributes
                0x000004d0       0x2d ./USB_DEVICE/App/usbd_desc.o
 .ARM.attributes
                0x000004fd       0x2d ./USB_DEVICE/Target/usbd_conf.o
 .ARM.attributes
                0x0000052a       0x2d ./Wheel/Src/app_hid_desc.o
 .ARM.attributes
                0x00000557       0x2d ./Wheel/Src/app_usb_device.o
 .ARM.attributes
                0x00000584       0x2d ./Wheel/Src/hw_analog_input.o
 .ARM.attributes
                0x000005b1       0x2d ./Wheel/Src/hw_digital_input.o
 .ARM.attributes
                0x000005de       0x2d ./Wheel/Src/hw_magnetometer.o
 .ARM.attributes
                0x0000060b       0x2d ./Wheel/Src/steeringwheel.o
 .ARM.attributes
                0x00000638       0x2d ./Wheel/Src/sw_buttons.o
 .ARM.attributes
                0x00000665       0x2d ./Wheel/Src/sw_sensor.o
 .ARM.attributes
                0x00000692       0x2d ./Wheel/Src/sw_shifter.o
 .ARM.attributes
                0x000006bf       0x2d C:/Program Files/STMicroelectronics/STM32CubeIDE_1.16.0/STM32CubeIDE/plugins/com.st.stm32cube.ide.mcu.externaltools.gnu-tools-for-stm32.13.3.rel1.win32_1.0.0.202411081344/tools/bin/../lib/gcc/arm-none-eabi/13.3.1/../../../../arm-none-eabi/lib/thumb/v7-m/nofp\libc_nano.a(libc_a-memset.o)
 .ARM.attributes
                0x000006ec       0x2d C:/Program Files/STMicroelectronics/STM32CubeIDE_1.16.0/STM32CubeIDE/plugins/com.st.stm32cube.ide.mcu.externaltools.gnu-tools-for-stm32.13.3.rel1.win32_1.0.0.202411081344/tools/bin/../lib/gcc/arm-none-eabi/13.3.1/../../../../arm-none-eabi/lib/thumb/v7-m/nofp\libc_nano.a(libc_a-init.o)
 .ARM.attributes
                0x00000719       0x1d C:/Program Files/STMicroelectronics/STM32CubeIDE_1.16.0/STM32CubeIDE/plugins/com.st.stm32cube.ide.mcu.externaltools.gnu-tools-for-stm32.13.3.rel1.win32_1.0.0.202411081344/tools/bin/../lib/gcc/arm-none-eabi/13.3.1/thumb/v7-m/nofp\libgcc.a(_arm_addsubsf3.o)
 .ARM.attributes
                0x00000736       0x1d C:/Program Files/STMicroelectronics/STM32CubeIDE_1.16.0/STM32CubeIDE/plugins/com.st.stm32cube.ide.mcu.externaltools.gnu-tools-for-stm32.13.3.rel1.win32_1.0.0.202411081344/tools/bin/../lib/gcc/arm-none-eabi/13.3.1/thumb/v7-m/nofp\libgcc.a(_arm_muldivsf3.o)
 .ARM.attributes
                0x00000753       0x1d C:/Program Files/STMicroelectronics/STM32CubeIDE_1.16.0/STM32CubeIDE/plugins/com.st.stm32cube.ide.mcu.externaltools.gnu-tools-for-stm32.13.3.rel1.win32_1.0.0.202411081344/tools/bin/../lib/gcc/arm-none-eabi/13.3.1/thumb/v7-m/nofp\libgcc.a(_arm_cmpsf2.o)
 .ARM.attributes
                0x00000770       0x1d C:/Program Files/STMicroelectronics/STM32CubeIDE_1.16.0/STM32CubeIDE/plugins/com.st.stm32cube.ide.mcu.externaltools.gnu-tools-for-stm32.13.3.rel1.win32_1.0.0.202411081344/tools/bin/../lib/gcc/arm-none-eabi/13.3.1/thumb/v7-m/nofp\libgcc.a(_arm_fixsfsi.o)
 .ARM.attributes
                0x0000078d       0x1d C:/Program Files/STMicroelectronics/STM32CubeIDE_1.16.0/STM32CubeIDE/plugins/com.st.stm32cube.ide.mcu.externaltools.gnu-tools-for-stm32.13.3.rel1.win32_1.0.0.202411081344/tools/bin/../lib/gcc/arm-none-eabi/13.3.1/thumb/v7-m/nofp/crtn.o
OUTPUT(g29-MB-Replacement.elf elf32-littlearm)
LOAD linker stubs
LOAD C:/Program Files/STMicroelectronics/STM32CubeIDE_1.16.0/STM32CubeIDE/plugins/com.st.stm32cube.ide.mcu.externaltools.gnu-tools-for-stm32.13.3.rel1.win32_1.0.0.202411081344/tools/bin/../lib/gcc/arm-none-eabi/13.3.1/../../../../arm-none-eabi/lib/thumb/v7-m/nofp\libc.a
LOAD C:/Program Files/STMicroelectronics/STM32CubeIDE_1.16.0/STM32CubeIDE/plugins/com.st.stm32cube.ide.mcu.externaltools.gnu-tools-for-stm32.13.3.rel1.win32_1.0.0.202411081344/tools/bin/../lib/gcc/arm-none-eabi/13.3.1/../../../../arm-none-eabi/lib/thumb/v7-m/nofp\libm.a
LOAD C:/Program Files/STMicroelectronics/STM32CubeIDE_1.16.0/STM32CubeIDE/plugins/com.st.stm32cube.ide.mcu.externaltools.gnu-tools-for-stm32.13.3.rel1.win32_1.0.0.202411081344/tools/bin/../lib/gcc/arm-none-eabi/13.3.1/thumb/v7-m/nofp\libgcc.a

.debug_info     0x00000000    0x231c0
 .debug_info    0x00000000     0x1864 ./Core/Src/main.o
 .debug_info    0x00001864     0x1254 ./Core/Src/stm32f1xx_hal_msp.o
 .debug_info    0x00002ab8      0xcb4 ./Core/Src/stm32f1xx_it.o
 .debug_info    0x0000376c      0x231 ./Core/Src/system_stm32f1xx.o
 .debug_info    0x0000399d       0x30 ./Core/Startup/startup_stm32f103c8tx.o
 .debug_info    0x000039cd      0x7a6 ./Drivers/STM32F1xx_HAL_Driver/Src/stm32f1xx_hal.o
 .debug_info    0x00004173      0xedd ./Drivers/STM32F1xx_HAL_Driver/Src/stm32f1xx_hal_adc.o
 .debug_info    0x00005050      0xcdd ./Drivers/STM32F1xx_HAL_Driver/Src/stm32f1xx_hal_cortex.o
 .debug_info    0x00005d2d      0x7f6 ./Drivers/STM32F1xx_HAL_Driver/Src/stm32f1xx_hal_dma.o
 .debug_info    0x00006523      0x608 ./Drivers/STM32F1xx_HAL_Driver/Src/stm32f1xx_hal_gpio.o
 .debug_info    0x00006b2b     0x1cc0 ./Drivers/STM32F1xx_HAL_Driver/Src/stm32f1xx_hal_pcd.o
 .debug_info    0x000087eb      0x6d6 ./Drivers/STM32F1xx_HAL_Driver/Src/stm32f1xx_hal_pcd_ex.o
 .debug_info    0x00008ec1      0x9c2 ./Drivers/STM32F1xx_HAL_Driver/Src/stm32f1xx_hal_rcc.o
 .debug_info    0x00009883      0x424 ./Drivers/STM32F1xx_HAL_Driver/Src/stm32f1xx_hal_rcc_ex.o
 .debug_info    0x00009ca7     0x1ba7 ./Drivers/STM32F1xx_HAL_Driver/Src/stm32f1xx_hal_spi.o
 .debug_info    0x0000b84e     0x3c13 ./Drivers/STM32F1xx_HAL_Driver/Src/stm32f1xx_hal_tim.o
 .debug_info    0x0000f461     0x1ab0 ./Drivers/STM32F1xx_HAL_Driver/Src/stm32f1xx_hal_tim_ex.o
 .debug_info    0x00010f11     0x1b1e ./Drivers/STM32F1xx_HAL_Driver/Src/stm32f1xx_ll_usb.o
 .debug_info    0x00012a2f     0x1227 ./Libraries/ArduinoJoystickWithFFBLibrary/PIDReportHandler.o
 .debug_info    0x00013c56     0x13b1 ./Libraries/ArduinoJoystickWithFFBLibrary/ffb_library.o
 .debug_info    0x00015007      0xe66 ./Middlewares/ST/STM32_USB_Device_Library/Class/CustomHID/Src/usbd_customhid.o
 .debug_info    0x00015e6d      0xdf6 ./Middlewares/ST/STM32_USB_Device_Library/Core/Src/usbd_core.o
 .debug_info    0x00016c63     0x10a9 ./Middlewares/ST/STM32_USB_Device_Library/Core/Src/usbd_ctlreq.o
 .debug_info    0x00017d0c      0x838 ./Middlewares/ST/STM32_USB_Device_Library/Core/Src/usbd_ioreq.o
 .debug_info    0x00018544      0x6bd ./USB_DEVICE/App/usb_device.o
 .debug_info    0x00018c01      0x1e5 ./USB_DEVICE/App/usbd_custom_hid_if.o
 .debug_info    0x00018de6      0x5d2 ./USB_DEVICE/App/usbd_desc.o
 .debug_info    0x000193b8     0x1d41 ./USB_DEVICE/Target/usbd_conf.o
 .debug_info    0x0001b0f9       0xba ./Wheel/Src/app_hid_desc.o
 .debug_info    0x0001b1b3     0x1f72 ./Wheel/Src/app_usb_device.o
 .debug_info    0x0001d125      0x8d9 ./Wheel/Src/hw_analog_input.o
 .debug_info    0x0001d9fe      0x3da ./Wheel/Src/hw_digital_input.o
 .debug_info    0x0001ddd8      0xfe1 ./Wheel/Src/hw_magnetometer.o
 .debug_info    0x0001edb9     0x1dd3 ./Wheel/Src/steeringwheel.o
 .debug_info    0x00020b8c      0xdce ./Wheel/Src/sw_buttons.o
 .debug_info    0x0002195a      0xf02 ./Wheel/Src/sw_sensor.o
 .debug_info    0x0002285c      0x964 ./Wheel/Src/sw_shifter.o

.debug_abbrev   0x00000000     0x5398
 .debug_abbrev  0x00000000      0x305 ./Core/Src/main.o
 .debug_abbrev  0x00000305      0x2a0 ./Core/Src/stm32f1xx_hal_msp.o
 .debug_abbrev  0x000005a5      0x215 ./Core/Src/stm32f1xx_it.o
 .debug_abbrev  0x000007ba      0x145 ./Core/Src/system_stm32f1xx.o
 .debug_abbrev  0x000008ff       0x24 ./Core/Startup/startup_stm32f103c8tx.o
 .debug_abbrev  0x00000923      0x22f ./Drivers/STM32F1xx_HAL_Driver/Src/stm32f1xx_hal.o
 .debug_abbrev  0x00000b52      0x254 ./Drivers/STM32F1xx_HAL_Driver/Src/stm32f1xx_hal_adc.o
 .debug_abbrev  0x00000da6      0x36f ./Drivers/STM32F1xx_HAL_Driver/Src/stm32f1xx_hal_cortex.o
 .debug_abbrev  0x00001115      0x246 ./Drivers/STM32F1xx_HAL_Driver/Src/stm32f1xx_hal_dma.o
 .debug_abbrev  0x0000135b      0x1f9 ./Drivers/STM32F1xx_HAL_Driver/Src/stm32f1xx_hal_gpio.o
 .debug_abbrev  0x00001554      0x313 ./Drivers/STM32F1xx_HAL_Driver/Src/stm32f1xx_hal_pcd.o
 .debug_abbrev  0x00001867      0x1a1 ./Drivers/STM32F1xx_HAL_Driver/Src/stm32f1xx_hal_pcd_ex.o
 .debug_abbrev  0x00001a08      0x2a2 ./Drivers/STM32F1xx_HAL_Driver/Src/stm32f1xx_hal_rcc.o
 .debug_abbrev  0x00001caa      0x1da ./Drivers/STM32F1xx_HAL_Driver/Src/stm32f1xx_hal_rcc_ex.o
 .debug_abbrev  0x00001e84      0x274 ./Drivers/STM32F1xx_HAL_Driver/Src/stm32f1xx_hal_spi.o
 .debug_abbrev  0x000020f8      0x272 ./Drivers/STM32F1xx_HAL_Driver/Src/stm32f1xx_hal_tim.o
 .debug_abbrev  0x0000236a      0x270 ./Drivers/STM32F1xx_HAL_Driver/Src/stm32f1xx_hal_tim_ex.o
 .debug_abbrev  0x000025da      0x235 ./Drivers/STM32F1xx_HAL_Driver/Src/stm32f1xx_ll_usb.o
 .debug_abbrev  0x0000280f      0x293 ./Libraries/ArduinoJoystickWithFFBLibrary/PIDReportHandler.o
 .debug_abbrev  0x00002aa2      0x2ba ./Libraries/ArduinoJoystickWithFFBLibrary/ffb_library.o
 .debug_abbrev  0x00002d5c      0x2aa ./Middlewares/ST/STM32_USB_Device_Library/Class/CustomHID/Src/usbd_customhid.o
 .debug_abbrev  0x00003006      0x28b ./Middlewares/ST/STM32_USB_Device_Library/Core/Src/usbd_core.o
 .debug_abbrev  0x00003291      0x2ed ./Middlewares/ST/STM32_USB_Device_Library/Core/Src/usbd_ctlreq.o
 .debug_abbrev  0x0000357e      0x1aa ./Middlewares/ST/STM32_USB_Device_Library/Core/Src/usbd_ioreq.o
 .debug_abbrev  0x00003728      0x1b3 ./USB_DEVICE/App/usb_device.o
 .debug_abbrev  0x000038db      0x142 ./USB_DEVICE/App/usbd_custom_hid_if.o
 .debug_abbrev  0x00003a1d      0x222 ./USB_DEVICE/App/usbd_desc.o
 .debug_abbrev  0x00003c3f      0x330 ./USB_DEVICE/Target/usbd_conf.o
 .debug_abbrev  0x00003f6f       0x6b ./Wheel/Src/app_hid_desc.o
 .debug_abbrev  0x00003fda      0x2e7 ./Wheel/Src/app_usb_device.o
 .debug_abbrev  0x000042c1      0x221 ./Wheel/Src/hw_analog_input.o
 .debug_abbrev  0x000044e2      0x1d2 ./Wheel/Src/hw_digital_input.o
 .debug_abbrev  0x000046b4      0x26e ./Wheel/Src/hw_magnetometer.o
 .debug_abbrev  0x00004922      0x362 ./Wheel/Src/steeringwheel.o
 .debug_abbrev  0x00004c84      0x2b6 ./Wheel/Src/sw_buttons.o
 .debug_abbrev  0x00004f3a      0x235 ./Wheel/Src/sw_sensor.o
 .debug_abbrev  0x0000516f      0x229 ./Wheel/Src/sw_shifter.o

.debug_aranges  0x00000000     0x1750
 .debug_aranges
                0x00000000       0x60 ./Core/Src/main.o
 .debug_aranges
                0x00000060       0x50 ./Core/Src/stm32f1xx_hal_msp.o
 .debug_aranges
                0x000000b0       0xa0 ./Core/Src/stm32f1xx_it.o
 .debug_aranges
                0x00000150       0x28 ./Core/Src/system_stm32f1xx.o
 .debug_aranges
                0x00000178       0x28 ./Core/Startup/startup_stm32f103c8tx.o
 .debug_aranges
                0x000001a0       0xe0 ./Drivers/STM32F1xx_HAL_Driver/Src/stm32f1xx_hal.o
 .debug_aranges
                0x00000280       0xf0 ./Drivers/STM32F1xx_HAL_Driver/Src/stm32f1xx_hal_adc.o
 .debug_aranges
                0x00000370       0xc0 ./Drivers/STM32F1xx_HAL_Driver/Src/stm32f1xx_hal_cortex.o
 .debug_aranges
                0x00000430       0x80 ./Drivers/STM32F1xx_HAL_Driver/Src/stm32f1xx_hal_dma.o
 .debug_aranges
                0x000004b0       0x58 ./Drivers/STM32F1xx_HAL_Driver/Src/stm32f1xx_hal_gpio.o
 .debug_aranges
                0x00000508      0x140 ./Drivers/STM32F1xx_HAL_Driver/Src/stm32f1xx_hal_pcd.o
 .debug_aranges
                0x00000648       0x38 ./Drivers/STM32F1xx_HAL_Driver/Src/stm32f1xx_hal_pcd_ex.o
 .debug_aranges
                0x00000680       0x90 ./Drivers/STM32F1xx_HAL_Driver/Src/stm32f1xx_hal_rcc.o
 .debug_aranges
                0x00000710       0x30 ./Drivers/STM32F1xx_HAL_Driver/Src/stm32f1xx_hal_rcc_ex.o
 .debug_aranges
                0x00000740      0x1d0 ./Drivers/STM32F1xx_HAL_Driver/Src/stm32f1xx_hal_spi.o
 .debug_aranges
                0x00000910      0x3d0 ./Drivers/STM32F1xx_HAL_Driver/Src/stm32f1xx_hal_tim.o
 .debug_aranges
                0x00000ce0      0x168 ./Drivers/STM32F1xx_HAL_Driver/Src/stm32f1xx_hal_tim_ex.o
 .debug_aranges
                0x00000e48       0xf8 ./Drivers/STM32F1xx_HAL_Driver/Src/stm32f1xx_ll_usb.o
 .debug_aranges
                0x00000f40       0xe8 ./Libraries/ArduinoJoystickWithFFBLibrary/PIDReportHandler.o
 .debug_aranges
                0x00001028       0x88 ./Libraries/ArduinoJoystickWithFFBLibrary/ffb_library.o
 .debug_aranges