Archive member included to satisfy reference by file (symbol)

C:/Program Files/STMicroelectronics/STM32CubeIDE_1.16.0/STM32CubeIDE/plugins/com.st.stm32cube.ide.mcu.externaltools.gnu-tools-for-stm32.13.3.rel1.win32_1.0.0.202411081344/tools/bin/../lib/gcc/arm-none-eabi/13.3.1/../../../../arm-none-eabi/lib/thumb/v7-m/nofp\libc_nano.a(libc_a-exit.o)
                              C:/Program Files/STMicroelectronics/STM32CubeIDE_1.16.0/STM32CubeIDE/plugins/com.st.stm32cube.ide.mcu.externaltools.gnu-tools-for-stm32.13.3.rel1.win32_1.0.0.202411081344/tools/bin/../lib/gcc/arm-none-eabi/13.3.1/../../../../arm-none-eabi/lib/thumb/v7-m/nofp/crt0.o (exit)
C:/Program Files/STMicroelectronics/STM32CubeIDE_1.16.0/STM32CubeIDE/plugins/com.st.stm32cube.ide.mcu.externaltools.gnu-tools-for-stm32.13.3.rel1.win32_1.0.0.202411081344/tools/bin/../lib/gcc/arm-none-eabi/13.3.1/../../../../arm-none-eabi/lib/thumb/v7-m/nofp\libc_nano.a(libc_a-findfp.o)
                              C:/Program Files/STMicroelectronics/STM32CubeIDE_1.16.0/STM32CubeIDE/plugins/com.st.stm32cube.ide.mcu.externaltools.gnu-tools-for-stm32.13.3.rel1.win32_1.0.0.202411081344/tools/bin/../lib/gcc/arm-none-eabi/13.3.1/../../../../arm-none-eabi/lib/thumb/v7-m/nofp\libc_nano.a(libc_a-exit.o) (__stdio_exit_handler)
C:/Program Files/STMicroelectronics/STM32CubeIDE_1.16.0/STM32CubeIDE/plugins/com.st.stm32cube.ide.mcu.externaltools.gnu-tools-for-stm32.13.3.rel1.win32_1.0.0.202411081344/tools/bin/../lib/gcc/arm-none-eabi/13.3.1/../../../../arm-none-eabi/lib/thumb/v7-m/nofp\libc_nano.a(libc_a-fwalk.o)
                              C:/Program Files/STMicroelectronics/STM32CubeIDE_1.16.0/STM32CubeIDE/plugins/com.st.stm32cube.ide.mcu.externaltools.gnu-tools-for-stm32.13.3.rel1.win32_1.0.0.202411081344/tools/bin/../lib/gcc/arm-none-eabi/13.3.1/../../../../arm-none-eabi/lib/thumb/v7-m/nofp\libc_nano.a(libc_a-findfp.o) (_fwalk_sglue)
C:/Program Files/STMicroelectronics/STM32CubeIDE_1.16.0/STM32CubeIDE/plugins/com.st.stm32cube.ide.mcu.externaltools.gnu-tools-for-stm32.13.3.rel1.win32_1.0.0.202411081344/tools/bin/../lib/gcc/arm-none-eabi/13.3.1/../../../../arm-none-eabi/lib/thumb/v7-m/nofp\libc_nano.a(libc_a-stdio.o)
                              C:/Program Files/STMicroelectronics/STM32CubeIDE_1.16.0/STM32CubeIDE/plugins/com.st.stm32cube.ide.mcu.externaltools.gnu-tools-for-stm32.13.3.rel1.win32_1.0.0.202411081344/tools/bin/../lib/gcc/arm-none-eabi/13.3.1/../../../../arm-none-eabi/lib/thumb/v7-m/nofp\libc_nano.a(libc_a-findfp.o) (__sread)
C:/Program Files/STMicroelectronics/STM32CubeIDE_1.16.0/STM32CubeIDE/plugins/com.st.stm32cube.ide.mcu.externaltools.gnu-tools-for-stm32.13.3.rel1.win32_1.0.0.202411081344/tools/bin/../lib/gcc/arm-none-eabi/13.3.1/../../../../arm-none-eabi/lib/thumb/v7-m/nofp\libc_nano.a(libc_a-memset.o)
                              C:/Program Files/STMicroelectronics/STM32CubeIDE_1.16.0/STM32CubeIDE/plugins/com.st.stm32cube.ide.mcu.externaltools.gnu-tools-for-stm32.13.3.rel1.win32_1.0.0.202411081344/tools/bin/../lib/gcc/arm-none-eabi/13.3.1/../../../../arm-none-eabi/lib/thumb/v7-m/nofp/crt0.o (memset)
C:/Program Files/STMicroelectronics/STM32CubeIDE_1.16.0/STM32CubeIDE/plugins/com.st.stm32cube.ide.mcu.externaltools.gnu-tools-for-stm32.13.3.rel1.win32_1.0.0.202411081344/tools/bin/../lib/gcc/arm-none-eabi/13.3.1/../../../../arm-none-eabi/lib/thumb/v7-m/nofp\libc_nano.a(libc_a-closer.o)
                              C:/Program Files/STMicroelectronics/STM32CubeIDE_1.16.0/STM32CubeIDE/plugins/com.st.stm32cube.ide.mcu.externaltools.gnu-tools-for-stm32.13.3.rel1.win32_1.0.0.202411081344/tools/bin/../lib/gcc/arm-none-eabi/13.3.1/../../../../arm-none-eabi/lib/thumb/v7-m/nofp\libc_nano.a(libc_a-stdio.o) (_close_r)
C:/Program Files/STMicroelectronics/STM32CubeIDE_1.16.0/STM32CubeIDE/plugins/com.st.stm32cube.ide.mcu.externaltools.gnu-tools-for-stm32.13.3.rel1.win32_1.0.0.202411081344/tools/bin/../lib/gcc/arm-none-eabi/13.3.1/../../../../arm-none-eabi/lib/thumb/v7-m/nofp\libc_nano.a(libc_a-reent.o)
                              C:/Program Files/STMicroelectronics/STM32CubeIDE_1.16.0/STM32CubeIDE/plugins/com.st.stm32cube.ide.mcu.externaltools.gnu-tools-for-stm32.13.3.rel1.win32_1.0.0.202411081344/tools/bin/../lib/gcc/arm-none-eabi/13.3.1/../../../../arm-none-eabi/lib/thumb/v7-m/nofp\libc_nano.a(libc_a-closer.o) (errno)
C:/Program Files/STMicroelectronics/STM32CubeIDE_1.16.0/STM32CubeIDE/plugins/com.st.stm32cube.ide.mcu.externaltools.gnu-tools-for-stm32.13.3.rel1.win32_1.0.0.202411081344/tools/bin/../lib/gcc/arm-none-eabi/13.3.1/../../../../arm-none-eabi/lib/thumb/v7-m/nofp\libc_nano.a(libc_a-impure.o)
                              C:/Program Files/STMicroelectronics/STM32CubeIDE_1.16.0/STM32CubeIDE/plugins/com.st.stm32cube.ide.mcu.externaltools.gnu-tools-for-stm32.13.3.rel1.win32_1.0.0.202411081344/tools/bin/../lib/gcc/arm-none-eabi/13.3.1/../../../../arm-none-eabi/lib/thumb/v7-m/nofp\libc_nano.a(libc_a-reent.o) (_impure_ptr)
[...]
Memory Configuration

Name             Origin             Length             Attributes
RAM              0x20000000         0x00005000         xrw
FLASH            0x08000000         0x00010000         xr
*default*        0x00000000         0xffffffff

Linker script and memory map

LOAD C:/Program Files/STMicroelectronics/STM32CubeIDE_1.16.0/STM32CubeIDE/plugins/com.st.stm32cube.ide.mcu.externaltools.gnu-tools-for-stm32.13.3.rel1.win32_1.0.0.202411081344/tools/bin/../lib/gcc/arm-none-eabi/13.3.1/thumb/v7-m/nofp/crti.o
LOAD C:/Program Files/STMicroelectronics/STM32CubeIDE_1.16.0/STM32CubeIDE/plugins/com.st.stm32cube.ide.mcu.externaltools.gnu-tools-for-stm32.13.3.rel1.win32_1.0.0.202411081344/tools/bin/../lib/gcc/arm-none-eabi/13.3.1/thumb/v7-m/nofp/crtbegin.o
LOAD C:/Program Files/STMicroelectronics/STM32CubeIDE_1.16.0/STM32CubeIDE/plugins/com.st.stm32cube.ide.mcu.externaltools.gnu-tools-for-stm32.13.3.rel1.win32_1.0.0.202411081344/tools/bin/../lib/gcc/arm-none-eabi/13.3.1/../../../../arm-none-eabi/lib/thumb/v7-m/nofp/crt0.o
LOAD ./Core/Src/main.o
LOAD ./Core/Src/stm32f1xx_hal_msp.o
LOAD ./Core/Src/stm32f1xx_it.o
LOAD ./Core/Src/syscalls.o
LOAD ./Core/Src/sysmem.o
LOAD ./Core/Src/system_stm32f1xx.o
LOAD ./Core/Startup/startup_stm32f103c8tx.o
LOAD ./Drivers/STM32F1xx_HAL_Driver/Src/stm32f1xx_hal.o
LOAD ./Drivers/STM32F1xx_HAL_Driver/Src/stm32f1xx_hal_adc.o
LOAD ./Drivers/STM32F1xx_HAL_Driver/Src/stm32f1xx_hal_adc_ex.o
LOAD ./Drivers/STM32F1xx_HAL_Driver/Src/stm32f1xx_hal_cortex.o
LOAD ./Drivers/STM32F1xx_HAL_Driver/Src/stm32f1xx_hal_dma.o
LOAD ./Drivers/STM32F1xx_HAL_Driver/Src/stm32f1xx_hal_exti.o
LOAD ./Drivers/STM32F1xx_HAL_Driver/Src/stm32f1xx_hal_flash.o
LOAD ./Drivers/STM32F1xx_HAL_Driver/Src/stm32f1xx_hal_flash_ex.o
LOAD ./Drivers/STM32F1xx_HAL_Driver/Src/stm32f1xx_hal_gpio.o
LOAD ./Drivers/STM32F1xx_HAL_Driver/Src/stm32f1xx_hal_gpio_ex.o
LOAD ./Drivers/STM32F1xx_HAL_Driver/Src/stm32f1xx_hal_pcd.o
LOAD ./Drivers/STM32F1xx_HAL_Driver/Src/stm32f1xx_hal_pcd_ex.o
LOAD ./Drivers/STM32F1xx_HAL_Driver/Src/stm32f1xx_hal_pwr.o
LOAD ./Drivers/STM32F1xx_HAL_Driver/Src/stm32f1xx_hal_rcc.o
LOAD ./Drivers/STM32F1xx_HAL_Driver/Src/stm32f1xx_hal_rcc_ex.o
LOAD ./Drivers/STM32F1xx_HAL_Driver/Src/stm32f1xx_hal_spi.o
LOAD ./Drivers/STM32F1xx_HAL_Driver/Src/stm32f1xx_hal_tim.o
LOAD ./Drivers/STM32F1xx_HAL_Driver/Src/stm32f1xx_hal_tim_ex.o
LOAD ./Drivers/STM32F1xx_HAL_Driver/Src/stm32f1xx_ll_usb.o
LOAD ./Middlewares/ST/STM32_USB_Device_Library/Class/CustomHID/Src/usbd_customhid.o
LOAD ./Middlewares/ST/STM32_USB_Device_Library/Core/Src/usbd_core.o
LOAD ./Middlewares/ST/STM32_USB_Device_Library/Core/Src/usbd_ctlreq.o
LOAD ./Middlewares/ST/STM32_USB_Device_Library/Core/Src/usbd_ioreq.o
LOAD ./USB_DEVICE/App/usb_device.o
LOAD ./USB_DEVICE/App/usbd_custom_hid_if.o
LOAD ./USB_DEVICE/App/usbd_desc.o
LOAD ./USB_DEVICE/Target/usbd_conf.o
LOAD ./Wheel/Src/app_usb_hid.o
LOAD ./Wheel/Src/hw_analog_input.o
LOAD ./Wheel/Src/hw_digital_input.o
LOAD ./Wheel/Src/hw_magnetometer.o
LOAD ./Wheel/Src/steeringwheel.o
LOAD ./Wheel/Src/sw_buttons.o
LOAD ./Wheel/Src/sw_sensor.o
LOAD ./Wheel/Src/util.o
START GROUP
LOAD C:/Program Files/STMicroelectronics/STM32CubeIDE_1.16.0/STM32CubeIDE/plugins/com.st.stm32cube.ide.mcu.externaltools.gnu-tools-for-stm32.13.3.rel1.win32_1.0.0.202411081344/tools/bin/../lib/gcc/arm-none-eabi/13.3.1/../../../../arm-none-eabi/lib/thumb/v7-m/nofp\libc_nano.a
LOAD C:/Program Files/STMicroelectronics/STM32CubeIDE_1.16.0/STM32CubeIDE/plugins/com.st.stm32cube.ide.mcu.externaltools.gnu-tools-for-stm32.13.3.rel1.win32_1.0.0.202411081344/tools/bin/../lib/gcc/arm-none-eabi/13.3.1/../../../../arm-none-eabi/lib/thumb/v7-m/nofp\libm.a
END GROUP
START GROUP
LOAD C:/Program Files/STMicroelectronics/STM32CubeIDE_1.16.0/STM32CubeIDE/plugins/com.st.stm32cube.ide.mcu.externaltools.gnu-tools-for-stm32.13.3.rel1.win32_1.0.0.202411081344/tools/bin/../lib/gcc/arm-none-eabi/13.3.1/thumb/v7-m/nofp\libgcc.a
LOAD C:/Program Files/STMicroelectronics/STM32CubeIDE_1.16.0/STM32CubeIDE/plugins/com.st.stm32cube.ide.mcu.externaltools.gnu-tools-for-stm32.13.3.rel1.win32_1.0.0.202411081344/tools/bin/../lib/gcc/arm-none-eabi/13.3.1/../../../../arm-none-eabi/lib/thumb/v7-m/nofp\libc_nano.a
END GROUP
START GROUP
LOAD C:/Program Files/STMicroelectronics/STM32CubeIDE_1.16.0/STM32CubeIDE/plugins/com.st.stm32cube.ide.mcu.externaltools.gnu-tools-for-stm32.13.3.rel1.win32_1.0.0.202411081344/tools/bin/../lib/gcc/arm-none-eabi/13.3.1/thumb/v7-m/nofp\libgcc.a
LOAD C:/Program Files/STMicroelectronics/STM32CubeIDE_1.16.0/STM32CubeIDE/plugins/com.st.stm32cube.ide.mcu.externaltools.gnu-tools-for-stm32.13.3.rel1.win32_1.0.0.202411081344/tools/bin/../lib/gcc/arm-none-eabi/13.3.1/../../../../arm-none-eabi/lib/thumb/v7-m/nofp\libc_nano.a
LOAD C:/Program Files/STMicroelectronics/STM32CubeIDE_1.16.0/STM32CubeIDE/plugins/com.st.stm32cube.ide.mcu.externaltools.gnu-tools-for-stm32.13.3.rel1.win32_1.0.0.202411081344/tools/bin/../lib/gcc/arm-none-eabi/13.3.1/../../../../arm-none-eabi/lib/thumb/v7-m/nofp\libnosys.a
END GROUP
START GROUP
LOAD C:/Program Files/STMicroelectronics/STM32CubeIDE_1.16.0/STM32CubeIDE/plugins/com.st.stm32cube.ide.mcu.externaltools.gnu-tools-for-stm32.13.3.rel1.win32_1.0.0.202411081344/tools/bin/../lib/gcc/arm-none-eabi/13.3.1/thumb/v7-m/nofp\libgcc.a
LOAD C:/Program Files/STMicroelectronics/STM32CubeIDE_1.16.0/STM32CubeIDE/plugins/com.st.stm32cube.ide.mcu.externaltools.gnu-tools-for-stm32.13.3.rel1.win32_1.0.0.202411081344/tools/bin/../lib/gcc/arm-none-eabi/13.3.1/../../../../arm-none-eabi/lib/thumb/v7-m/nofp\libc_nano.a
LOAD C:/Program Files/STMicroelectronics/STM32CubeIDE_1.16.0/STM32CubeIDE/plugins/com.st.stm32cube.ide.mcu.externaltools.gnu-tools-for-stm32.13.3.rel1.win32_1.0.0.202411081344/tools/bin/../lib/gcc/arm-none-eabi/13.3.1/../../../../arm-none-eabi/lib/thumb/v7-m/nofp\libnosys.a
END GROUP
LOAD C:/Program Files/STMicroelectronics/STM32CubeIDE_1.16.0/STM32CubeIDE/plugins/com.st.stm32cube.ide.mcu.externaltools.gnu-tools-for-stm32.13.3.rel1.win32_1.0.0.202411081344/tools/bin/../lib/gcc/arm-none-eabi/13.3.1/thumb/v7-m/nofp/crtend.o
LOAD C:/Program Files/STMicroelectronics/STM32CubeIDE_1.16.0/STM32CubeIDE/plugins/com.st.stm32cube.ide.mcu.externaltools.gnu-tools-for-stm32.13.3.rel1.win32_1.0.0.202411081344/tools/bin/../lib/gcc/arm-none-eabi/13.3.1/thumb/v7-m/nofp/crtn.o
                0x20005000                        _estack = (ORIGIN (RAM) + LENGTH (RAM))
                0x00000200                        _Min_Heap_Size = 0x200
                0x00000400                        _Min_Stack_Size = 0x400

.isr_vector     0x08000000      0x10c
                0x08000000                        . = ALIGN (0x4)
 *(.isr_vector)
 .isr_vector    0x08000000      0x10c ./Core/Startup/startup_stm32f103c8tx.o
                0x08000000                g_pfnVectors
                0x0800010c                        . = ALIGN (0x4)

.text           0x0800010c     0xbb30
                0x0800010c                        . = ALIGN (0x4)
 *(.text)
 .text          0x0800010c       0x40 C:/Program Files/STMicroelectronics/STM32CubeIDE_1.16.0/STM32CubeIDE/plugins/com.st.stm32cube.ide.mcu.externaltools.gnu-tools-for-stm32.13.3.rel1.win32_1.0.0.202411081344/tools/bin/../lib/gcc/arm-none-eabi/13.3.1/thumb/v7-m/nofp/crtbegin.o
 .text          0x0800014c      0x21c C:/Program Files/STMicroelectronics/STM32CubeIDE_1.16.0/STM32CubeIDE/plugins/com.st.stm32cube.ide.mcu.externaltools.gnu-tools-for-stm32.13.3.rel1.win32_1.0.0.202411081344/tools/bin/../lib/gcc/arm-none-eabi/13.3.1/thumb/v7-m/nofp\libgcc.a(_arm_addsubsf3.o)
                0x0800014c                __aeabi_frsub
                0x08000154                __subsf3
                0x08000154                __aeabi_fsub
                0x08000158                __aeabi_fadd
                0x08000158                __addsf3
                0x080002b8                __aeabi_ui2f
                0x080002b8                __floatunsisf
                0x080002c0                __aeabi_i2f
                0x080002c0                __floatsisf
                0x080002dc                __aeabi_ul2f
                0x080002dc                __floatundisf
                0x080002ec                __aeabi_l2f
                0x080002ec                __floatdisf
 .text          0x08000368      0x2a0 C:/Program Files/STMicroelectronics/STM32CubeIDE_1.16.0/STM32CubeIDE/plugins/com.st.stm32cube.ide.mcu.externaltools.gnu-tools-for-stm32.13.3.rel1.win32_1.0.0.202411081344/tools/bin/../lib/gcc/arm-none-eabi/13.3.1/thumb/v7-m/nofp\libgcc.a(_arm_muldivsf3.o)
                0x08000368                __mulsf3
                0x08000368                __aeabi_fmul
                0x080004d0                __aeabi_fdiv
                0x080004d0                __divsf3
 .text          0x08000608       0x4c C:/Program Files/STMicroelectronics/STM32CubeIDE_1.16.0/STM32CubeIDE/plugins/com.st.stm32cube.ide.mcu.externaltools.gnu-tools-for-stm32.13.3.rel1.win32_1.0.0.202411081344/tools/bin/../lib/gcc/arm-none-eabi/13.3.1/thumb/v7-m/nofp\libgcc.a(_arm_fixsfsi.o)
                0x08000608                __aeabi_f2iz
                0x08000608                __fixsfsi
 *(.text*)
 .text.main     0x08000654       0x30 ./Core/Src/main.o
                0x08000654                main
 .text.SystemClock_Config
                0x08000684       0xba ./Core/Src/main.o
                0x08000684                SystemClock_Config
 .text.MX_ADC1_Init
                0x0800073e       0xf8 ./Core/Src/main.o
 .text.MX_SPI2_Init
                0x08000836       0xb8 ./Core/Src/main.o
 .text.MX_TIM3_Init
                0x080008ee       0xf2 ./Core/Src/main.o
 .text.MX_TIM4_Init
                0x080009e0       0xce ./Core/Src/main.o
 .text.MX_DMA_Init
                0x08000aae       0x68 ./Core/Src/main.o
 .text.MX_GPIO_Init
                0x08000b16      0x1b4 ./Core/Src/main.o
 .text.Error_Handler
                0x08000cca        0xc ./Core/Src/main.o
                0x08000cca                Error_Handler
 .text.HAL_MspInit
                0x08000cd6       0x88 ./Core/Src/stm32f1xx_hal_msp.o
                0x08000cd6                HAL_MspInit
 .text.HAL_ADC_MspInit
                0x08000d5e      0x178 ./Core/Src/stm32f1xx_hal_msp.o
                0x08000d5e                HAL_ADC_MspInit
 .text.HAL_SPI_MspInit
                0x08000ed6      0x1ec ./Core/Src/stm32f1xx_hal_msp.o
                0x08000ed6                HAL_SPI_MspInit
 .text.HAL_TIM_Base_MspInit
                0x080010c2       0xa6 ./Core/Src/stm32f1xx_hal_msp.o
                0x080010c2                HAL_TIM_Base_MspInit
 .text.NMI_Handler
                0x08001168        0x8 ./Core/Src/stm32f1xx_it.o
                0x08001168                NMI_Handler
 .text.HardFault_Handler
                0x08001170        0x8 ./Core/Src/stm32f1xx_it.o
                0x08001170                HardFault_Handler
 .text.MemManage_Handler
                0x08001178        0x8 ./Core/Src/stm32f1xx_it.o
                0x08001178                MemManage_Handler
 .text.BusFault_Handler
                0x08001180        0x8 ./Core/Src/stm32f1xx_it.o
                0x08001180                BusFault_Handler
 .text.UsageFault_Handler
                0x08001188        0x8 ./Core/Src/stm32f1xx_it.o
                0x08001188                UsageFault_Handler
 .text.SVC_Handler
                0x08001190        0xc ./Core/Src/stm32f1xx_it.o
                0x08001190                SVC_Handler
 .text.DebugMon_Handler
                0x0800119c        0xc ./Core/Src/stm32f1xx_it.o
                0x0800119c                DebugMon_Handler
 .text.PendSV_Handler
                0x080011a8        0xc ./Core/Src/stm32f1xx_it.o
                0x080011a8                PendSV_Handler
 .text.SysTick_Handler
                0x080011b4        0xc ./Core/Src/stm32f1xx_it.o
                0x080011b4                SysTick_Handler
 .text.EXTI0_IRQHandler
                0x080011c0        0xe ./Core/Src/stm32f1xx_it.o
                0x080011c0                EXTI0_IRQHandler
 .text.EXTI1_IRQHandler
                0x080011ce        0xe ./Core/Src/stm32f1xx_it.o
                0x080011ce                EXTI1_IRQHandler
 .text.DMA1_Channel1_IRQHandler
                0x080011dc       0x14 ./Core/Src/stm32f1xx_it.o
                0x080011dc                DMA1_Channel1_IRQHandler
 .text.DMA1_Channel4_IRQHandler
                0x080011f0       0x14 ./Core/Src/stm32f1xx_it.o
                0x080011f0                DMA1_Channel4_IRQHandler
 .text.DMA1_Channel5_IRQHandler
                0x08001204       0x14 ./Core/Src/stm32f1xx_it.o
                0x08001204                DMA1_Channel5_IRQHandler
 .text.USB_LP_CAN1_RX0_IRQHandler
                0x08001218       0x14 ./Core/Src/stm32f1xx_it.o
                0x08001218                USB_LP_CAN1_RX0_IRQHandler
 .text.TIM3_IRQHandler
                0x0800122c       0x14 ./Core/Src/stm32f1xx_it.o
                0x0800122c                TIM3_IRQHandler
 .text.TIM4_IRQHandler
                0x08001240       0x14 ./Core/Src/stm32f1xx_it.o
                0x08001240                TIM4_IRQHandler
 .text.SystemInit
                0x08001254        0xc ./Core/Src/system_stm32f1xx.o
                0x08001254                SystemInit
 .text.Reset_Handler
                0x08001260       0x48 ./Core/Startup/startup_stm32f103c8tx.o
                0x08001260                Reset_Handler
 .text.Default_Handler
                0x080012a8        0x2 ./Core/Startup/startup_stm32f103c8tx.o
                0x080012a8                RTC_Alarm_IRQHandler
                0x080012a8                EXTI2_IRQHandler
                0x080012a8                TIM1_CC_IRQHandler
                0x080012a8                PVD_IRQHandler
                0x080012a8                EXTI3_IRQHandler
                0x080012a8                I2C2_EV_IRQHandler
                0x080012a8                ADC1_2_IRQHandler
                0x080012a8                SPI1_IRQHandler
                0x080012a8                TAMPER_IRQHandler
                0x080012a8                USART3_IRQHandler
                0x080012a8                RTC_IRQHandler
                0x080012a8                DMA1_Channel7_IRQHandler
                0x080012a8                CAN1_RX1_IRQHandler
                0x080012a8                I2C1_EV_IRQHandler
                0x080012a8                DMA1_Channel6_IRQHandler
                0x080012a8                RCC_IRQHandler
                0x080012a8                TIM1_TRG_COM_IRQHandler
                0x080012a8                Default_Handler
                0x080012a8                EXTI15_10_IRQHandler
                0x080012a8                EXTI9_5_IRQHandler
                0x080012a8                SPI2_IRQHandler
                0x080012a8                EXTI4_IRQHandler
                0x080012a8                USB_HP_CAN1_TX_IRQHandler
                0x080012a8                DMA1_Channel3_IRQHandler
                0x080012a8                TIM1_UP_IRQHandler
                0x080012a8                WWDG_IRQHandler
                0x080012a8                TIM2_IRQHandler
                0x080012a8                TIM1_BRK_IRQHandler
                0x080012a8                USART2_IRQHandler
                0x080012a8                I2C2_ER_IRQHandler
                0x080012a8                DMA1_Channel2_IRQHandler
                0x080012a8                CAN1_SCE_IRQHandler
                0x080012a8                FLASH_IRQHandler
                0x080012a8                USART1_IRQHandler
                0x080012a8                I2C1_ER_IRQHandler
                0x080012a8                USBWakeUp_IRQHandler
 .text.HAL_Init
                0x080012aa       0x32 ./Drivers/STM32F1xx_HAL_Driver/Src/stm32f1xx_hal.o
                0x080012aa                HAL_Init
 .text.HAL_InitTick
                0x080012dc       0x66 ./Drivers/STM32F1xx_HAL_Driver/Src/stm32f1xx_hal.o
                0x080012dc                HAL_InitTick
 .text.HAL_IncTick
                0x08001342       0x2e ./Drivers/STM32F1xx_HAL_Driver/Src/stm32f1xx_hal.o
                0x08001342                HAL_IncTick
 .text.HAL_GetTick
                0x08001370       0x16 ./Drivers/STM32F1xx_HAL_Driver/Src/stm32f1xx_hal.o
                0x08001370                HAL_GetTick
 .text.HAL_Delay
                0x08001386       0x48 ./Drivers/STM32F1xx_HAL_Driver/Src/stm32f1xx_hal.o
                0x08001386                HAL_Delay
 .text.HAL_ADC_Init
                0x080013ce      0x1b4 ./Drivers/STM32F1xx_HAL_Driver/Src/stm32f1xx_hal_adc.o
                0x080013ce                HAL_ADC_Init
 .text.HAL_ADC_Start_DMA
                0x08001582      0x1e8 ./Drivers/STM32F1xx_HAL_Driver/Src/stm32f1xx_hal_adc.o
                0x08001582                HAL_ADC_Start_DMA
 .text.HAL_ADC_Stop_DMA
                0x0800176a       0x98 ./Drivers/STM32F1xx_HAL_Driver/Src/stm32f1xx_hal_adc.o
                0x0800176a                HAL_ADC_Stop_DMA
 .text.HAL_ADC_ConvHalfCpltCallback
                0x08001802       0x12 ./Drivers/STM32F1xx_HAL_Driver/Src/stm32f1xx_hal_adc.o
                0x08001802                HAL_ADC_ConvHalfCpltCallback
 .text.HAL_ADC_ErrorCallback
                0x08001814       0x12 ./Drivers/STM32F1xx_HAL_Driver/Src/stm32f1xx_hal_adc.o
                0x08001814                HAL_ADC_ErrorCallback
 .text.HAL_ADC_ConfigChannel
                0x08001826      0x1f6 ./Drivers/STM32F1xx_HAL_Driver/Src/stm32f1xx_hal_adc.o
                0x08001826                HAL_ADC_ConfigChannel
 .text.ADC_Enable
                0x08001a1c       0xb6 ./Drivers/STM32F1xx_HAL_Driver/Src/stm32f1xx_hal_adc.o
                0x08001a1c                ADC_Enable
 .text.ADC_ConversionStop_Disable
                0x08001ad2       0x82 ./Drivers/STM32F1xx_HAL_Driver/Src/stm32f1xx_hal_adc.o
                0x08001ad2                ADC_ConversionStop_Disable
 .text.ADC_DMAConvCplt
                0x08001b54       0x7c ./Drivers/STM32F1xx_HAL_Driver/Src/stm32f1xx_hal_adc.o
                0x08001b54                ADC_DMAConvCplt
 .text.ADC_DMAHalfConvCplt
                0x08001bd0       0x1c ./Drivers/STM32F1xx_HAL_Driver/Src/stm32f1xx_hal_adc.o
                0x08001bd0                ADC_DMAHalfConvCplt
 .text.ADC_DMAError
                0x08001bec       0x34 ./Drivers/STM32F1xx_HAL_Driver/Src/stm32f1xx_hal_adc.o
                0x08001bec                ADC_DMAError
 .text.__NVIC_SetPriorityGrouping
                0x08001c20       0x4e ./Drivers/STM32F1xx_HAL_Driver/Src/stm32f1xx_hal_cortex.o
 .text.__NVIC_GetPriorityGrouping
                0x08001c6e       0x1c ./Drivers/STM32F1xx_HAL_Driver/Src/stm32f1xx_hal_cortex.o
 .text.__NVIC_EnableIRQ
                0x08001c8a       0x3a ./Drivers/STM32F1xx_HAL_Driver/Src/stm32f1xx_hal_cortex.o
 .text.__NVIC_SetPriority
                0x08001cc4       0x5a ./Drivers/STM32F1xx_HAL_Driver/Src/stm32f1xx_hal_cortex.o
 .text.NVIC_EncodePriority
                0x08001d1e       0x64 ./Drivers/STM32F1xx_HAL_Driver/Src/stm32f1xx_hal_cortex.o
 .text.SysTick_Config
                0x08001d82       0x50 ./Drivers/STM32F1xx_HAL_Driver/Src/stm32f1xx_hal_cortex.o
 .text.HAL_NVIC_SetPriorityGrouping
                0x08001dd2       0x16 ./Drivers/STM32F1xx_HAL_Driver/Src/stm32f1xx_hal_cortex.o
                0x08001dd2                HAL_NVIC_SetPriorityGrouping
 .text.HAL_NVIC_SetPriority
                0x08001de8       0x38 ./Drivers/STM32F1xx_HAL_Driver/Src/stm32f1xx_hal_cortex.o
                0x08001de8                HAL_NVIC_SetPriority
 .text.HAL_NVIC_EnableIRQ
                0x08001e20       0x1c ./Drivers/STM32F1xx_HAL_Driver/Src/stm32f1xx_hal_cortex.o
                0x08001e20                HAL_NVIC_EnableIRQ
 .text.HAL_SYSTICK_Config
                0x08001e3c       0x18 ./Drivers/STM32F1xx_HAL_Driver/Src/stm32f1xx_hal_cortex.o
                0x08001e3c                HAL_SYSTICK_Config
 .text.HAL_DMA_Init
                0x08001e54       0xb8 ./Drivers/STM32F1xx_HAL_Driver/Src/stm32f1xx_hal_dma.o
                0x08001e54                HAL_DMA_Init
 .text.HAL_DMA_Start_IT
                0x08001f0c       0xc0 ./Drivers/STM32F1xx_HAL_Driver/Src/stm32f1xx_hal_dma.o
                0x08001f0c                HAL_DMA_Start_IT
 .text.HAL_DMA_Abort
                0x08001fcc       0x76 ./Drivers/STM32F1xx_HAL_Driver/Src/stm32f1xx_hal_dma.o
                0x08001fcc                HAL_DMA_Abort
 .text.HAL_DMA_IRQHandler
                0x08002042      0x228 ./Drivers/STM32F1xx_HAL_Driver/Src/stm32f1xx_hal_dma.o
                0x08002042                HAL_DMA_IRQHandler
 .text.DMA_SetConfig
                0x0800226a       0x5a ./Drivers/STM32F1xx_HAL_Driver/Src/stm32f1xx_hal_dma.o
 .text.HAL_GPIO_Init
                0x080022c4      0x390 ./Drivers/STM32F1xx_HAL_Driver/Src/stm32f1xx_hal_gpio.o
                0x080022c4                HAL_GPIO_Init
 .text.HAL_GPIO_ReadPin
                0x08002654       0x2e ./Drivers/STM32F1xx_HAL_Driver/Src/stm32f1xx_hal_gpio.o
                0x08002654                HAL_GPIO_ReadPin
 .text.HAL_GPIO_WritePin
                0x08002682       0x30 ./Drivers/STM32F1xx_HAL_Driver/Src/stm32f1xx_hal_gpio.o
                0x08002682                HAL_GPIO_WritePin
 .text.HAL_GPIO_EXTI_IRQHandler
                0x080026b2       0x38 ./Drivers/STM32F1xx_HAL_Driver/Src/stm32f1xx_hal_gpio.o
                0x080026b2                HAL_GPIO_EXTI_IRQHandler
 .text.HAL_PCD_Init
                0x080026ea      0x1ec ./Drivers/STM32F1xx_HAL_Driver/Src/stm32f1xx_hal_pcd.o
                0x080026ea                HAL_PCD_Init
 .text.HAL_PCD_Start
                0x080028d6       0x4c ./Drivers/STM32F1xx_HAL_Driver/Src/stm32f1xx_hal_pcd.o
                0x080028d6                HAL_PCD_Start
 .text.HAL_PCD_IRQHandler
                0x08002922      0x260 ./Drivers/STM32F1xx_HAL_Driver/Src/stm32f1xx_hal_pcd.o
                0x08002922                HAL_PCD_IRQHandler
 .text.HAL_PCD_SetAddress
                0x08002b82       0x48 ./Drivers/STM32F1xx_HAL_Driver/Src/stm32f1xx_hal_pcd.o
                0x08002b82                HAL_PCD_SetAddress
 .text.HAL_PCD_EP_Open
                0x08002bca       0xba ./Drivers/STM32F1xx_HAL_Driver/Src/stm32f1xx_hal_pcd.o
                0x08002bca                HAL_PCD_EP_Open
 .text.HAL_PCD_EP_Close
                0x08002c84       0x90 ./Drivers/STM32F1xx_HAL_Driver/Src/stm32f1xx_hal_pcd.o
                0x08002c84                HAL_PCD_EP_Close
 .text.HAL_PCD_EP_Receive
                0x08002d14       0x62 ./Drivers/STM32F1xx_HAL_Driver/Src/stm32f1xx_hal_pcd.o
                0x08002d14                HAL_PCD_EP_Receive
 .text.HAL_PCD_EP_Transmit
                0x08002d76       0x6e ./Drivers/STM32F1xx_HAL_Driver/Src/stm32f1xx_hal_pcd.o
                0x08002d76                HAL_PCD_EP_Transmit
 .text.HAL_PCD_EP_SetStall
                0x08002de4       0xc0 ./Drivers/STM32F1xx_HAL_Driver/Src/stm32f1xx_hal_pcd.o
                0x08002de4                HAL_PCD_EP_SetStall
 .text.HAL_PCD_EP_ClrStall
                0x08002ea4       0xa8 ./Drivers/STM32F1xx_HAL_Driver/Src/stm32f1xx_hal_pcd.o
                0x08002ea4                HAL_PCD_EP_ClrStall
 .text.PCD_EP_ISR_Handler
                0x08002f4c      0x79e ./Drivers/STM32F1xx_HAL_Driver/Src/stm32f1xx_hal_pcd.o
 .text.HAL_PCD_EP_DB_Receive
                0x080036ea      0x21a ./Drivers/STM32F1xx_HAL_Driver/Src/stm32f1xx_hal_pcd.o
 .text.HAL_PCD_EP_DB_Transmit
                0x08003904      0x7f4 ./Drivers/STM32F1xx_HAL_Driver/Src/stm32f1xx_hal_pcd.o
 .text.HAL_PCDEx_PMAConfig
                0x080040f8       0x84 ./Drivers/STM32F1xx_HAL_Driver/Src/stm32f1xx_hal_pcd_ex.o
                0x080040f8                HAL_PCDEx_PMAConfig
 .text.HAL_RCC_OscConfig
                0x0800417c      0x69e ./Drivers/STM32F1xx_HAL_Driver/Src/stm32f1xx_hal_rcc.o
                0x0800417c                HAL_RCC_OscConfig
 .text.HAL_RCC_ClockConfig
                0x0800481a      0x266 ./Drivers/STM32F1xx_HAL_Driver/Src/stm32f1xx_hal_rcc.o
                0x0800481a                HAL_RCC_ClockConfig
 .text.HAL_RCC_GetSysClockFreq
                0x08004a80       0xc2 ./Drivers/STM32F1xx_HAL_Driver/Src/stm32f1xx_hal_rcc.o
                0x08004a80                HAL_RCC_GetSysClockFreq
 .text.RCC_Delay
                0x08004b42       0x40 ./Drivers/STM32F1xx_HAL_Driver/Src/stm32f1xx_hal_rcc.o
 .text.HAL_RCCEx_PeriphCLKConfig
                0x08004b82      0x1e4 ./Drivers/STM32F1xx_HAL_Driver/Src/stm32f1xx_hal_rcc_ex.o
                0x08004b82                HAL_RCCEx_PeriphCLKConfig
 .text.HAL_SPI_Init
                0x08004d66      0x108 ./Drivers/STM32F1xx_HAL_Driver/Src/stm32f1xx_hal_spi.o
                0x08004d66                HAL_SPI_Init
 .text.HAL_SPI_Transmit
                0x08004e6e      0x288 ./Drivers/STM32F1xx_HAL_Driver/Src/stm32f1xx_hal_spi.o
                0x08004e6e                HAL_SPI_Transmit
 .text.HAL_SPI_TransmitReceive_DMA
                0x080050f6      0x202 ./Drivers/STM32F1xx_HAL_Driver/Src/stm32f1xx_hal_spi.o
                0x080050f6                HAL_SPI_TransmitReceive_DMA
 .text.HAL_SPI_RxCpltCallback
                0x080052f8       0x12 ./Drivers/STM32F1xx_HAL_Driver/Src/stm32f1xx_hal_spi.o
                0x080052f8                HAL_SPI_RxCpltCallback
 .text.HAL_SPI_RxHalfCpltCallback
                0x0800530a       0x12 ./Drivers/STM32F1xx_HAL_Driver/Src/stm32f1xx_hal_spi.o
                0x0800530a                HAL_SPI_RxHalfCpltCallback
 .text.HAL_SPI_TxRxHalfCpltCallback
                0x0800531c       0x12 ./Drivers/STM32F1xx_HAL_Driver/Src/stm32f1xx_hal_spi.o
                0x0800531c                HAL_SPI_TxRxHalfCpltCallback
 .text.HAL_SPI_ErrorCallback
                0x0800532e       0x12 ./Drivers/STM32F1xx_HAL_Driver/Src/stm32f1xx_hal_spi.o
                0x0800532e                HAL_SPI_ErrorCallback
 .text.SPI_DMAReceiveCplt
                0x08005340       0xa6 ./Drivers/STM32F1xx_HAL_Driver/Src/stm32f1xx_hal_spi.o
 .text.SPI_DMATransmitReceiveCplt
                0x080053e6       0x8e ./Drivers/STM32F1xx_HAL_Driver/Src/stm32f1xx_hal_spi.o
 .text.SPI_DMAHalfReceiveCplt
                0x08005474       0x1c ./Drivers/STM32F1xx_HAL_Driver/Src/stm32f1xx_hal_spi.o
 .text.SPI_DMAHalfTransmitReceiveCplt
                0x08005490       0x1c ./Drivers/STM32F1xx_HAL_Driver/Src/stm32f1xx_hal_spi.o
 .text.SPI_DMAError
                0x080054ac       0x40 ./Drivers/STM32F1xx_HAL_Driver/Src/stm32f1xx_hal_spi.o
 .text.SPI_WaitFlagStateUntilTimeout
                0x080054ec      0x110 ./Drivers/STM32F1xx_HAL_Driver/Src/stm32f1xx_hal_spi.o
 .text.SPI_EndRxTransaction
                0x080055fc       0xa4 ./Drivers/STM32F1xx_HAL_Driver/Src/stm32f1xx_hal_spi.o
 .text.SPI_EndRxTxTransaction
                0x080056a0       0x62 ./Drivers/STM32F1xx_HAL_Driver/Src/stm32f1xx_hal_spi.o
 .text.HAL_TIM_Base_Init
                0x08005702       0x9e ./Drivers/STM32F1xx_HAL_Driver/Src/stm32f1xx_hal_tim.o
                0x08005702                HAL_TIM_Base_Init
 .text.HAL_TIM_Base_Start_IT
                0x080057a0       0xaa ./Drivers/STM32F1xx_HAL_Driver/Src/stm32f1xx_hal_tim.o
                0x080057a0                HAL_TIM_Base_Start_IT
 .text.HAL_TIM_Base_Stop_IT
                0x0800584a       0x5c ./Drivers/STM32F1xx_HAL_Driver/Src/stm32f1xx_hal_tim.o
                0x0800584a                HAL_TIM_Base_Stop_IT
 .text.HAL_TIM_IRQHandler
                0x080058a6      0x1e0 ./Drivers/STM32F1xx_HAL_Driver/Src/stm32f1xx_hal_tim.o
                0x080058a6                HAL_TIM_IRQHandler
 .text.HAL_TIM_ConfigClockSource
                0x08005a86      0x18e ./Drivers/STM32F1xx_HAL_Driver/Src/stm32f1xx_hal_tim.o
                0x08005a86                HAL_TIM_ConfigClockSource
 .text.HAL_TIM_OC_DelayElapsedCallback
                0x08005c14       0x12 ./Drivers/STM32F1xx_HAL_Driver/Src/stm32f1xx_hal_tim.o
                0x08005c14                HAL_TIM_OC_DelayElapsedCallback
 .text.HAL_TIM_IC_CaptureCallback
                0x08005c26       0x12 ./Drivers/STM32F1xx_HAL_Driver/Src/stm32f1xx_hal_tim.o
                0x08005c26                HAL_TIM_IC_CaptureCallback
 .text.HAL_TIM_PWM_PulseFinishedCallback
                0x08005c38       0x12 ./Drivers/STM32F1xx_HAL_Driver/Src/stm32f1xx_hal_tim.o
                0x08005c38                HAL_TIM_PWM_PulseFinishedCallback
 .text.HAL_TIM_TriggerCallback
                0x08005c4a       0x12 ./Drivers/STM32F1xx_HAL_Driver/Src/stm32f1xx_hal_tim.o
                0x08005c4a                HAL_TIM_TriggerCallback
 .text.TIM_Base_SetConfig
                0x08005c5c       0xfa ./Drivers/STM32F1xx_HAL_Driver/Src/stm32f1xx_hal_tim.o
                0x08005c5c                TIM_Base_SetConfig
 .text.TIM_TI1_ConfigInputStage
                0x08005d56       0x5c ./Drivers/STM32F1xx_HAL_Driver/Src/stm32f1xx_hal_tim.o
 .text.TIM_TI2_ConfigInputStage
                0x08005db2       0x5e ./Drivers/STM32F1xx_HAL_Driver/Src/stm32f1xx_hal_tim.o
 .text.TIM_ITRx_SetConfig
                0x08005e10       0x34 ./Drivers/STM32F1xx_HAL_Driver/Src/stm32f1xx_hal_tim.o
 .text.TIM_ETR_SetConfig
                0x08005e44       0x3e ./Drivers/STM32F1xx_HAL_Driver/Src/stm32f1xx_hal_tim.o
                0x08005e44                TIM_ETR_SetConfig
 .text.HAL_TIMEx_MasterConfigSynchronization
                0x08005e82       0xc2 ./Drivers/STM32F1xx_HAL_Driver/Src/stm32f1xx_hal_tim_ex.o
                0x08005e82                HAL_TIMEx_MasterConfigSynchronization
 .text.HAL_TIMEx_CommutCallback
                0x08005f44       0x12 ./Drivers/STM32F1xx_HAL_Driver/Src/stm32f1xx_hal_tim_ex.o
                0x08005f44                HAL_TIMEx_CommutCallback
 .text.HAL_TIMEx_BreakCallback
                0x08005f56       0x12 ./Drivers/STM32F1xx_HAL_Driver/Src/stm32f1xx_hal_tim_ex.o
                0x08005f56                HAL_TIMEx_BreakCallback
 .text.USB_CoreInit
                0x08005f68       0x1a ./Drivers/STM32F1xx_HAL_Driver/Src/stm32f1xx_ll_usb.o
                0x08005f68                USB_CoreInit
 .text.USB_EnableGlobalInt
                0x08005f82       0x2c ./Drivers/STM32F1xx_HAL_Driver/Src/stm32f1xx_ll_usb.o
                0x08005f82                USB_EnableGlobalInt
 .text.USB_DisableGlobalInt
                0x08005fae       0x34 ./Drivers/STM32F1xx_HAL_Driver/Src/stm32f1xx_ll_usb.o
                0x08005fae                USB_DisableGlobalInt
 .text.USB_SetCurrentMode
                0x08005fe2       0x18 ./Drivers/STM32F1xx_HAL_Driver/Src/stm32f1xx_ll_usb.o
                0x08005fe2                USB_SetCurrentMode
 .text.USB_DevInit
                0x08005ffa       0x3a ./Drivers/STM32F1xx_HAL_Driver/Src/stm32f1xx_ll_usb.o
                0x08005ffa                USB_DevInit
 .text.USB_ActivateEndpoint
                0x08006034      0x780 ./Drivers/STM32F1xx_HAL_Driver/Src/stm32f1xx_ll_usb.o
                0x08006034                USB_ActivateEndpoint
 .text.USB_DeactivateEndpoint
                0x080067b4      0x3d8 ./Drivers/STM32F1xx_HAL_Driver/Src/stm32f1xx_ll_usb.o
                0x080067b4                USB_DeactivateEndpoint
 .text.USB_EPStartXfer
                0x08006b8c     0x1762 ./Drivers/STM32F1xx_HAL_Driver/Src/stm32f1xx_ll_usb.o
                0x08006b8c                USB_EPStartXfer
 .text.USB_EPSetStall
                0x080082ee       0xa0 ./Drivers/STM32F1xx_HAL_Driver/Src/stm32f1xx_ll_usb.o
                0x080082ee                USB_EPSetStall
 .text.USB_EPClearStall
                0x0800838e      0x15a ./Drivers/STM32F1xx_HAL_Driver/Src/stm32f1xx_ll_usb.o
                0x0800838e                USB_EPClearStall
 .text.USB_SetDevAddress
                0x080084e8       0x26 ./Drivers/STM32F1xx_HAL_Driver/Src/stm32f1xx_ll_usb.o
                0x080084e8                USB_SetDevAddress
 .text.USB_DevConnect
                0x0800850e       0x14 ./Drivers/STM32F1xx_HAL_Driver/Src/stm32f1xx_ll_usb.o
                0x0800850e                USB_DevConnect
 .text.USB_DevDisconnect
                0x08008522       0x14 ./Drivers/STM32F1xx_HAL_Driver/Src/stm32f1xx_ll_usb.o
                0x08008522                USB_DevDisconnect
 .text.USB_ReadInterrupts
                0x08008536       0x1e ./Drivers/STM32F1xx_HAL_Driver/Src/stm32f1xx_ll_usb.o
                0x08008536                USB_ReadInterrupts
 .text.USB_EP0_OutStart
                0x08008554       0x16 ./Drivers/STM32F1xx_HAL_Driver/Src/stm32f1xx_ll_usb.o
                0x08008554                USB_EP0_OutStart
 .text.USB_WritePMA
                0x0800856a       0x8c ./Drivers/STM32F1xx_HAL_Driver/Src/stm32f1xx_ll_usb.o
                0x0800856a                USB_WritePMA
 .text.USB_ReadPMA
                0x080085f6       0x9e ./Drivers/STM32F1xx_HAL_Driver/Src/stm32f1xx_ll_usb.o
                0x080085f6                USB_ReadPMA
 .text.USBD_CUSTOM_HID_Init
                0x08008694       0x82 ./Middlewares/ST/STM32_USB_Device_Library/Class/CustomHID/Src/usbd_customhid.o
 .text.USBD_CUSTOM_HID_DeInit
                0x08008716       0x5c ./Middlewares/ST/STM32_USB_Device_Library/Class/CustomHID/Src/usbd_customhid.o
 *fill*         0x08008772        0x2 
 .text.USBD_CUSTOM_HID_Setup
                0x08008774      0x204 ./Middlewares/ST/STM32_USB_Device_Library/Class/CustomHID/Src/usbd_customhid.o
 .text.USBD_CUSTOM_HID_SendReport
                0x08008978       0x4a ./Middlewares/ST/STM32_USB_Device_Library/Class/CustomHID/Src/usbd_customhid.o
                0x08008978                USBD_CUSTOM_HID_SendReport
 .text.USBD_CUSTOM_HID_GetFSCfgDesc
                0x080089c2       0x20 ./Middlewares/ST/STM32_USB_Device_Library/Class/CustomHID/Src/usbd_customhid.o
 .text.USBD_CUSTOM_HID_GetHSCfgDesc
                0x080089e2       0x20 ./Middlewares/ST/STM32_USB_Device_Library/Class/CustomHID/Src/usbd_customhid.o
 .text.USBD_CUSTOM_HID_GetOtherSpeedCfgDesc
                0x08008a02       0x20 ./Middlewares/ST/STM32_USB_Device_Library/Class/CustomHID/Src/usbd_customhid.o
 .text.USBD_CUSTOM_HID_DataIn
                0x08008a22       0x22 ./Middlewares/ST/STM32_USB_Device_Library/Class/CustomHID/Src/usbd_customhid.o
 .text.USBD_CUSTOM_HID_DataOut
                0x08008a44       0x3e ./Middlewares/ST/STM32_USB_Device_Library/Class/CustomHID/Src/usbd_customhid.o
 .text.USBD_CUSTOM_HID_EP0_RxReady
                0x08008a82       0x3c ./Middlewares/ST/STM32_USB_Device_Library/Class/CustomHID/Src/usbd_customhid.o
 .text.USBD_CUSTOM_HID_GetDeviceQualifierDesc
                0x08008abe       0x20 ./Middlewares/ST/STM32_USB_Device_Library/Class/CustomHID/Src/usbd_customhid.o
 .text.USBD_CUSTOM_HID_RegisterInterface
                0x08008ade       0x2c ./Middlewares/ST/STM32_USB_Device_Library/Class/CustomHID/Src/usbd_customhid.o
                0x08008ade                USBD_CUSTOM_HID_RegisterInterface
 .text.USBD_Init
                0x08008b0a       0x56 ./Middlewares/ST/STM32_USB_Device_Library/Core/Src/usbd_core.o
                0x08008b0a                USBD_Init
 .text.USBD_RegisterClass
                0x08008b60       0x32 ./Middlewares/ST/STM32_USB_Device_Library/Core/Src/usbd_core.o
                0x08008b60                USBD_RegisterClass
 .text.USBD_Start
                0x08008b92       0x18 ./Middlewares/ST/STM32_USB_Device_Library/Core/Src/usbd_core.o
                0x08008b92                USBD_Start
 .text.USBD_RunTestMode
                0x08008baa       0x14 ./Middlewares/ST/STM32_USB_Device_Library/Core/Src/usbd_core.o
                0x08008baa                USBD_RunTestMode
 .text.USBD_SetClassConfig
                0x08008bbe       0x3e ./Middlewares/ST/STM32_USB_Device_Library/Core/Src/usbd_core.o
                0x08008bbe                USBD_SetClassConfig
 .text.USBD_ClrClassConfig
                0x08008bfc       0x26 ./Middlewares/ST/STM32_USB_Device_Library/Core/Src/usbd_core.o
                0x08008bfc                USBD_ClrClassConfig
 .text.USBD_LL_SetupStage
                0x08008c22       0x9a ./Middlewares/ST/STM32_USB_Device_Library/Core/Src/usbd_core.o
                0x08008c22                USBD_LL_SetupStage
 .text.USBD_LL_DataOutStage
                0x08008cbc       0xe2 ./Middlewares/ST/STM32_USB_Device_Library/Core/Src/usbd_core.o
                0x08008cbc                USBD_LL_DataOutStage
 .text.USBD_LL_DataInStage
                0x08008d9e      0x14a ./Middlewares/ST/STM32_USB_Device_Library/Core/Src/usbd_core.o
                0x08008d9e                USBD_LL_DataInStage
 .text.USBD_LL_Reset
                0x08008ee8       0x82 ./Middlewares/ST/STM32_USB_Device_Library/Core/Src/usbd_core.o
                0x08008ee8                USBD_LL_Reset
 .text.USBD_LL_SetSpeed
                0x08008f6a       0x1e ./Middlewares/ST/STM32_USB_Device_Library/Core/Src/usbd_core.o
                0x08008f6a                USBD_LL_SetSpeed
 .text.USBD_LL_Suspend
                0x08008f88       0x28 ./Middlewares/ST/STM32_USB_Device_Library/Core/Src/usbd_core.o
                0x08008f88                USBD_LL_Suspend
 .text.USBD_LL_Resume
                0x08008fb0       0x2a ./Middlewares/ST/STM32_USB_Device_Library/Core/Src/usbd_core.o
                0x08008fb0                USBD_LL_Resume
 .text.USBD_LL_SOF
                0x08008fda       0x34 ./Middlewares/ST/STM32_USB_Device_Library/Core/Src/usbd_core.o
                0x08008fda                USBD_LL_SOF
 *fill*         0x0800900e        0x2 
 .text.USBD_StdDevReq
                0x08009010       0xd4 ./Middlewares/ST/STM32_USB_Device_Library/Core/Src/usbd_ctlreq.o
                0x08009010                USBD_StdDevReq
 .text.USBD_StdItfReq
                0x080090e4       0x90 ./Middlewares/ST/STM32_USB_Device_Library/Core/Src/usbd_ctlreq.o
                0x080090e4                USBD_StdItfReq
 .text.USBD_StdEPReq
                0x08009174      0x2c6 ./Middlewares/ST/STM32_USB_Device_Library/Core/Src/usbd_ctlreq.o
                0x08009174                USBD_StdEPReq
 *fill*         0x0800943a        0x2 
 .text.USBD_GetDescriptor
                0x0800943c      0x2d0 ./Middlewares/ST/STM32_USB_Device_Library/Core/Src/usbd_ctlreq.o
 .text.USBD_SetAddress
                0x0800970c       0x86 ./Middlewares/ST/STM32_USB_Device_Library/Core/Src/usbd_ctlreq.o
 .text.USBD_SetConfig
                0x08009792      0x160 ./Middlewares/ST/STM32_USB_Device_Library/Core/Src/usbd_ctlreq.o
 .text.USBD_GetConfig
                0x080098f2       0x6a ./Middlewares/ST/STM32_USB_Device_Library/Core/Src/usbd_ctlreq.o
 .text.USBD_GetStatus
                0x0800995c       0x66 ./Middlewares/ST/STM32_USB_Device_Library/Core/Src/usbd_ctlreq.o
 .text.USBD_SetFeature
                0x080099c2       0x28 ./Middlewares/ST/STM32_USB_Device_Library/Core/Src/usbd_ctlreq.o
 .text.USBD_ClrFeature
                0x080099ea       0x42 ./Middlewares/ST/STM32_USB_Device_Library/Core/Src/usbd_ctlreq.o
 .text.USBD_ParseSetupRequest
                0x08009a2c       0x72 ./Middlewares/ST/STM32_USB_Device_Library/Core/Src/usbd_ctlreq.o
                0x08009a2c                USBD_ParseSetupRequest
 .text.USBD_CtlError
                0x08009a9e       0x22 ./Middlewares/ST/STM32_USB_Device_Library/Core/Src/usbd_ctlreq.o
                0x08009a9e                USBD_CtlError
 .text.USBD_GetString
                0x08009ac0       0x84 ./Middlewares/ST/STM32_USB_Device_Library/Core/Src/usbd_ctlreq.o
                0x08009ac0                USBD_GetString
 .text.USBD_GetLen
                0x08009b44       0x2e ./Middlewares/ST/STM32_USB_Device_Library/Core/Src/usbd_ctlreq.o
 .text.USBD_CtlSendData
                0x08009b72       0x38 ./Middlewares/ST/STM32_USB_Device_Library/Core/Src/usbd_ioreq.o
                0x08009b72                USBD_CtlSendData
 .text.USBD_CtlContinueSendData
                0x08009baa       0x24 ./Middlewares/ST/STM32_USB_Device_Library/Core/Src/usbd_ioreq.o
                0x08009baa                USBD_CtlContinueSendData
 .text.USBD_CtlPrepareRx
                0x08009bce       0x3c ./Middlewares/ST/STM32_USB_Device_Library/Core/Src/usbd_ioreq.o
                0x08009bce                USBD_CtlPrepareRx
 .text.USBD_CtlContinueRx
                0x08009c0a       0x24 ./Middlewares/ST/STM32_USB_Device_Library/Core/Src/usbd_ioreq.o
                0x08009c0a                USBD_CtlContinueRx
 .text.USBD_CtlSendStatus
                0x08009c2e       0x26 ./Middlewares/ST/STM32_USB_Device_Library/Core/Src/usbd_ioreq.o
                0x08009c2e                USBD_CtlSendStatus
 .text.USBD_CtlReceiveStatus
                0x08009c54       0x26 ./Middlewares/ST/STM32_USB_Device_Library/Core/Src/usbd_ioreq.o
                0x08009c54                USBD_CtlReceiveStatus
 .text.MX_USB_DEVICE_Init
                0x08009c7a       0x7a ./USB_DEVICE/App/usb_device.o
                0x08009c7a                MX_USB_DEVICE_Init
 .text.CUSTOM_HID_Init_FS
                0x08009cf4        0xe ./USB_DEVICE/App/usbd_custom_hid_if.o
 .text.CUSTOM_HID_DeInit_FS
                0x08009d02        0xe ./USB_DEVICE/App/usbd_custom_hid_if.o
 .text.CUSTOM_HID_OutEvent_FS
                0x08009d10       0x1c ./USB_DEVICE/App/usbd_custom_hid_if.o
 .text.USBD_FS_DeviceDescriptor
                0x08009d2c       0x24 ./USB_DEVICE/App/usbd_desc.o
                0x08009d2c                USBD_FS_DeviceDescriptor
 .text.USBD_FS_LangIDStrDescriptor
                0x08009d50       0x24 ./USB_DEVICE/App/usbd_desc.o
                0x08009d50                USBD_FS_LangIDStrDescriptor
 .text.USBD_FS_ProductStrDescriptor
                0x08009d74       0x50 ./USB_DEVICE/App/usbd_desc.o
                0x08009d74                USBD_FS_ProductStrDescriptor
 .text.USBD_FS_ManufacturerStrDescriptor
                0x08009dc4       0x32 ./USB_DEVICE/App/usbd_desc.o
                0x08009dc4                USBD_FS_ManufacturerStrDescriptor
 .text.USBD_FS_SerialStrDescriptor
                0x08009df6       0x26 ./USB_DEVICE/App/usbd_desc.o
                0x08009df6                USBD_FS_SerialStrDescriptor
 .text.USBD_FS_ConfigStrDescriptor
                0x08009e1c       0x50 ./USB_DEVICE/App/usbd_desc.o
                0x08009e1c                USBD_FS_ConfigStrDescriptor
 .text.USBD_FS_InterfaceStrDescriptor
                0x08009e6c       0x50 ./USB_DEVICE/App/usbd_desc.o
                0x08009e6c                USBD_FS_InterfaceStrDescriptor
 .text.Get_SerialNum
                0x08009ebc       0x60 ./USB_DEVICE/App/usbd_desc.o
 .text.IntToUnicode
                0x08009f1c       0x7c ./USB_DEVICE/App/usbd_desc.o
 .text.HAL_PCD_MspInit
                0x08009f98       0x5a ./USB_DEVICE/Target/usbd_conf.o
                0x08009f98                HAL_PCD_MspInit
 .text.HAL_PCD_SetupStageCallback
                0x08009ff2       0x24 ./USB_DEVICE/Target/usbd_conf.o
                0x08009ff2                HAL_PCD_SetupStageCallback
 .text.HAL_PCD_DataOutStageCallback
                0x0800a016       0x36 ./USB_DEVICE/Target/usbd_conf.o
                0x0800a016                HAL_PCD_DataOutStageCallback
 .text.HAL_PCD_DataInStageCallback
                0x0800a04c       0x34 ./USB_DEVICE/Target/usbd_conf.o
                0x0800a04c                HAL_PCD_DataInStageCallback
 .text.HAL_PCD_SOFCallback
                0x0800a080       0x1c ./USB_DEVICE/Target/usbd_conf.o
                0x0800a080                HAL_PCD_SOFCallback
 .text.HAL_PCD_ResetCallback
                0x0800a09c       0x3c ./USB_DEVICE/Target/usbd_conf.o
                0x0800a09c                HAL_PCD_ResetCallback
 .text.HAL_PCD_SuspendCallback
                0x0800a0d8       0x3c ./USB_DEVICE/Target/usbd_conf.o
                0x0800a0d8                HAL_PCD_SuspendCallback
 .text.HAL_PCD_ResumeCallback
                0x0800a114       0x1c ./USB_DEVICE/Target/usbd_conf.o
                0x0800a114                HAL_PCD_ResumeCallback
 .text.USBD_LL_Init
                0x0800a130       0xd2 ./USB_DEVICE/Target/usbd_conf.o
                0x0800a130                USBD_LL_Init
 .text.USBD_LL_Start
                0x0800a202       0x36 ./USB_DEVICE/Target/usbd_conf.o
                0x0800a202                USBD_LL_Start
 .text.USBD_LL_OpenEP
                0x0800a238       0x4c ./USB_DEVICE/Target/usbd_conf.o
                0x0800a238                USBD_LL_OpenEP
 .text.USBD_LL_CloseEP
                0x0800a284       0x3e ./USB_DEVICE/Target/usbd_conf.o
                0x0800a284                USBD_LL_CloseEP
 .text.USBD_LL_StallEP
                0x0800a2c2       0x3e ./USB_DEVICE/Target/usbd_conf.o
                0x0800a2c2                USBD_LL_StallEP
 .text.USBD_LL_ClearStallEP
                0x0800a300       0x3e ./USB_DEVICE/Target/usbd_conf.o
                0x0800a300                USBD_LL_ClearStallEP
 .text.USBD_LL_IsStallEP
                0x0800a33e       0x56 ./USB_DEVICE/Target/usbd_conf.o
                0x0800a33e                USBD_LL_IsStallEP
 .text.USBD_LL_SetUSBAddress
                0x0800a394       0x3e ./USB_DEVICE/Target/usbd_conf.o
                0x0800a394                USBD_LL_SetUSBAddress
 .text.USBD_LL_Transmit
                0x0800a3d2       0x46 ./USB_DEVICE/Target/usbd_conf.o
                0x0800a3d2                USBD_LL_Transmit
 .text.USBD_LL_PrepareReceive
                0x0800a418       0x46 ./USB_DEVICE/Target/usbd_conf.o
                0x0800a418                USBD_LL_PrepareReceive
 .text.USBD_static_malloc
                0x0800a45e       0x1a ./USB_DEVICE/Target/usbd_conf.o
                0x0800a45e                USBD_static_malloc
 .text.USBD_static_free
                0x0800a478       0x12 ./USB_DEVICE/Target/usbd_conf.o
                0x0800a478                USBD_static_free
 .text.HAL_PCDEx_SetConnectionState
                0x0800a48a       0x16 ./USB_DEVICE/Target/usbd_conf.o
                0x0800a48a                HAL_PCDEx_SetConnectionState
 .text.USBD_Get_USB_Status
                0x0800a4a0       0x58 ./USB_DEVICE/Target/usbd_conf.o
 .text.app_usb_hid_init
                0x0800a4f8       0x2a ./Wheel/Src/app_usb_hid.o
                0x0800a4f8                app_usb_hid_init
 .text.app_usb_hid_start
                0x0800a522       0x42 ./Wheel/Src/app_usb_hid.o
                0x0800a522                app_usb_hid_start
 .text.app_usb_hid_deferred_processing
                0x0800a564       0x54 ./Wheel/Src/app_usb_hid.o
                0x0800a564                app_usb_hid_deferred_processing
 .text.app_usb_hid_send_report
                0x0800a5b8       0xf4 ./Wheel/Src/app_usb_hid.o
                0x0800a5b8                app_usb_hid_send_report
 .text.app_usb_hid_SOF_CB
                0x0800a6ac       0x9a ./Wheel/Src/app_usb_hid.o
 .text.app_usb_hid_DataInStage_CB
                0x0800a746       0x44 ./Wheel/Src/app_usb_hid.o
 .text.Analog_INIT
                0x0800a78a       0x2a ./Wheel/Src/hw_analog_input.o
 .text.Analog_DeINIT
                0x0800a7b4       0x4a ./Wheel/Src/hw_analog_input.o
 .text.Analog_Start_CONTINIOUS_SCAN_DMA
                0x0800a7fe       0x22 ./Wheel/Src/hw_analog_input.o
 .text.Analog_Stop
                0x0800a820       0x1c ./Wheel/Src/hw_analog_input.o
 .text.Pedals_INIT
                0x0800a83c       0x2a ./Wheel/Src/hw_analog_input.o
 .text.Pedals_DeINIT
                0x0800a866       0x30 ./Wheel/Src/hw_analog_input.o
 .text.Pedals_GetState
                0x0800a896       0x4a ./Wheel/Src/hw_analog_input.o
 .text.DigitalInput_INIT
                0x0800a8e0       0x5a ./Wheel/Src/hw_digital_input.o
 .text.DigitalInput_DeINIT
                0x0800a93a       0x2c ./Wheel/Src/hw_digital_input.o
 .text.DigitalInput_ReadState
                0x0800a966       0xa2 ./Wheel/Src/hw_digital_input.o
 .text.MLX90363_INIT
                0x0800aa08       0x5a ./Wheel/Src/hw_magnetometer.o
 .text.MLX90363_DeINIT
                0x0800aa62       0x3a ./Wheel/Src/hw_magnetometer.o
 .text.MLX90363_Start_TIM
                0x0800aa9c       0x42 ./Wheel/Src/hw_magnetometer.o
 .text.MLX90363_Stop
                0x0800aade       0x1c ./Wheel/Src/hw_magnetometer.o
 .text.MLX90363_TransmitRecieve_DMA
                0x0800aafa       0x54 ./Wheel/Src/hw_magnetometer.o
 .text.MLX90363_TxRxDone_CB
                0x0800ab4e       0x30 ./Wheel/Src/hw_magnetometer.o
 .text.calculate_crc
                0x0800ab7e       0xd8 ./Wheel/Src/hw_magnetometer.o
 .text.set_Tx_GET1
                0x0800ac56       0x60 ./Wheel/Src/hw_magnetometer.o
 .text.set_Tx_NOP
                0x0800acb6       0x5c ./Wheel/Src/hw_magnetometer.o
 .text.transmit_blocking
                0x0800ad12       0x44 ./Wheel/Src/hw_magnetometer.o
 .text.reset_roll_counter
                0x0800ad56       0x30 ./Wheel/Src/hw_magnetometer.o
 .text.getData  0x0800ad86      0x12c ./Wheel/Src/hw_magnetometer.o
 .text.wheel_startup
                0x0800aeb2       0x82 ./Wheel/Src/steeringwheel.o
                0x0800aeb2                wheel_startup
 .text.init_buttons
                0x0800af34       0x98 ./Wheel/Src/steeringwheel.o
 .text.init_sensor
                0x0800afcc       0x94 ./Wheel/Src/steeringwheel.o
 .text.init_analog
                0x0800b060       0x5a ./Wheel/Src/steeringwheel.o
 .text.configure_software_exti
                0x0800b0ba       0xb4 ./Wheel/Src/steeringwheel.o
 .text.init_wheel_handle
                0x0800b16e       0x54 ./Wheel/Src/steeringwheel.o
 .text.wheel_get_all_component_states
                0x0800b1c2       0xae ./Wheel/Src/steeringwheel.o
                0x0800b1c2                wheel_get_all_component_states
 .text.HAL_GPIO_EXTI_Callback
                0x0800b270       0x3a ./Wheel/Src/steeringwheel.o
                0x0800b270                HAL_GPIO_EXTI_Callback
 .text.HAL_ADC_ConvCpltCallback
                0x0800b2aa       0x12 ./Wheel/Src/steeringwheel.o
                0x0800b2aa                HAL_ADC_ConvCpltCallback
 .text.HAL_SPI_TxRxCpltCallback
                0x0800b2bc       0x60 ./Wheel/Src/steeringwheel.o
                0x0800b2bc                HAL_SPI_TxRxCpltCallback
 .text.HAL_TIM_PeriodElapsedCallback
                0x0800b31c       0xb0 ./Wheel/Src/steeringwheel.o
                0x0800b31c                HAL_TIM_PeriodElapsedCallback
 .text.Buttons_INIT
                0x0800b3cc       0x3e ./Wheel/Src/sw_buttons.o
 .text.Buttons_DeINIT
                0x0800b40a       0x3e ./Wheel/Src/sw_buttons.o
 .text.Buttons_Start_TIM
                0x0800b448       0x1e ./Wheel/Src/sw_buttons.o
 .text.Buttons_Stop
                0x0800b466       0x1e ./Wheel/Src/sw_buttons.o
 .text.Buttons_Update
                0x0800b484       0x6c ./Wheel/Src/sw_buttons.o
 .text.Buttons_GetState
                0x0800b4f0       0x1e ./Wheel/Src/sw_buttons.o
 .text.get_debounced_state
                0x0800b50e      0x29c ./Wheel/Src/sw_buttons.o
 .text.get_current_knob_state
                0x0800b7aa       0x60 ./Wheel/Src/sw_buttons.o
 .text.read_knob_buttons_state
                0x0800b80a      0x188 ./Wheel/Src/sw_buttons.o
 .text.update_knob_buttons_state
                0x0800b992       0x56 ./Wheel/Src/sw_buttons.o
 .text.Sensor_SW_INIT
                0x0800b9e8       0x32 ./Wheel/Src/sw_sensor.o
 .text.Sensor_SW_DeINIT
                0x0800ba1a       0x30 ./Wheel/Src/sw_sensor.o
 .text.Sensor_SW_Update
                0x0800ba4a       0x46 ./Wheel/Src/sw_sensor.o
 .text.Sensor_SW_GetAxis
                0x0800ba90       0x56 ./Wheel/Src/sw_sensor.o
 .text.calculate_magnet_rotations
                0x0800bae6       0x6c ./Wheel/Src/sw_sensor.o
 .text.get_steering_pos
                0x0800bb52       0x7a ./Wheel/Src/sw_sensor.o
 .text.memset   0x0800bbcc       0x10 C:/Program Files/STMicroelectronics/STM32CubeIDE_1.16.0/STM32CubeIDE/plugins/com.st.stm32cube.ide.mcu.externaltools.gnu-tools-for-stm32.13.3.rel1.win32_1.0.0.202411081344/tools/bin/../lib/gcc/arm-none-eabi/13.3.1/../../../../arm-none-eabi/lib/thumb/v7-m/nofp\libc_nano.a(libc_a-memset.o)
                0x0800bbcc                memset
 .text.__libc_init_array
                0x0800bbdc       0x48 C:/Program Files/STMicroelectronics/STM32CubeIDE_1.16.0/STM32CubeIDE/plugins/com.st.stm32cube.ide.mcu.externaltools.gnu-tools-for-stm32.13.3.rel1.win32_1.0.0.202411081344/tools/bin/../lib/gcc/arm-none-eabi/13.3.1/../../../../arm-none-eabi/lib/thumb/v7-m/nofp\libc_nano.a(libc_a-init.o)
                0x0800bbdc                __libc_init_array
 *(.glue_7)
 .glue_7        0x0800bc24        0x0 linker stubs
 *(.glue_7t)
 .glue_7t       0x0800bc24        0x0 linker stubs
 *(.eh_frame)
 .eh_frame      0x0800bc24        0x0 C:/Program Files/STMicroelectronics/STM32CubeIDE_1.16.0/STM32CubeIDE/plugins/com.st.stm32cube.ide.mcu.externaltools.gnu-tools-for-stm32.13.3.rel1.win32_1.0.0.202411081344/tools/bin/../lib/gcc/arm-none-eabi/13.3.1/thumb/v7-m/nofp/crtbegin.o
 *(.init)
 .init          0x0800bc24        0x4 C:/Program Files/STMicroelectronics/STM32CubeIDE_1.16.0/STM32CubeIDE/plugins/com.st.stm32cube.ide.mcu.externaltools.gnu-tools-for-stm32.13.3.rel1.win32_1.0.0.202411081344/tools/bin/../lib/gcc/arm-none-eabi/13.3.1/thumb/v7-m/nofp/crti.o
                0x0800bc24                _init
 .init          0x0800bc28        0x8 C:/Program Files/STMicroelectronics/STM32CubeIDE_1.16.0/STM32CubeIDE/plugins/com.st.stm32cube.ide.mcu.externaltools.gnu-tools-for-stm32.13.3.rel1.win32_1.0.0.202411081344/tools/bin/../lib/gcc/arm-none-eabi/13.3.1/thumb/v7-m/nofp/crtn.o
 *(.fini)
 .fini          0x0800bc30        0x4 C:/Program Files/STMicroelectronics/STM32CubeIDE_1.16.0/STM32CubeIDE/plugins/com.st.stm32cube.ide.mcu.externaltools.gnu-tools-for-stm32.13.3.rel1.win32_1.0.0.202411081344/tools/bin/../lib/gcc/arm-none-eabi/13.3.1/thumb/v7-m/nofp/crti.o
                0x0800bc30                _fini
 .fini          0x0800bc34        0x8 C:/Program Files/STMicroelectronics/STM32CubeIDE_1.16.0/STM32CubeIDE/plugins/com.st.stm32cube.ide.mcu.externaltools.gnu-tools-for-stm32.13.3.rel1.win32_1.0.0.202411081344/tools/bin/../lib/gcc/arm-none-eabi/13.3.1/thumb/v7-m/nofp/crtn.o
                0x0800bc3c                        . = ALIGN (0x4)
                0x0800bc3c                        _etext = .

.vfp11_veneer   0x0800bc3c        0x0
 .vfp11_veneer  0x0800bc3c        0x0 linker stubs

.v4_bx          0x0800bc3c        0x0
 .v4_bx         0x0800bc3c        0x0 linker stubs

.iplt           0x0800bc3c        0x0
 .iplt          0x0800bc3c        0x0 C:/Program Files/STMicroelectronics/STM32CubeIDE_1.16.0/STM32CubeIDE/plugins/com.st.stm32cube.ide.mcu.externaltools.gnu-tools-for-stm32.13.3.rel1.win32_1.0.0.202411081344/tools/bin/../lib/gcc/arm-none-eabi/13.3.1/thumb/v7-m/nofp/crtbegin.o

.rodata         0x0800bc3c      0x1b4
                0x0800bc3c                        . = ALIGN (0x4)
 *(.rodata)
 .rodata        0x0800bc3c       0x5d ./USB_DEVICE/App/usbd_desc.o
 *fill*         0x0800bc99        0x3 
 .rodata        0x0800bc9c        0x8 ./Wheel/Src/sw_buttons.o
 *(.rodata*)
 .rodata.AHBPrescTable
                0x0800bca4       0x10 ./Core/Src/system_stm32f1xx.o
                0x0800bca4                AHBPrescTable
 .rodata.aPLLMULFactorTable.1
                0x0800bcb4       0x10 ./Drivers/STM32F1xx_HAL_Driver/Src/stm32f1xx_hal_rcc.o
 .rodata.aPredivFactorTable.0
                0x0800bcc4        0x2 ./Drivers/STM32F1xx_HAL_Driver/Src/stm32f1xx_hal_rcc.o
 *fill*         0x0800bcc6        0x2 
 .rodata.cba_256_TAB
                0x0800bcc8      0x100 ./Wheel/Src/hw_magnetometer.o
 .rodata.right_sequence_backwards
                0x0800bdc8       0x14 ./Wheel/Src/sw_buttons.o
                0x0800bdc8                right_sequence_backwards
 .rodata.left_sequence_backwards
                0x0800bddc       0x14 ./Wheel/Src/sw_buttons.o
                0x0800bddc                left_sequence_backwards
                0x0800bdf0                        . = ALIGN (0x4)

.ARM.extab      0x0800bdf0        0x0
                0x0800bdf0                        . = ALIGN (0x4)
 *(.ARM.extab* .gnu.linkonce.armextab.*)
                0x0800bdf0                        . = ALIGN (0x4)

.ARM            0x0800bdf0        0x0
                0x0800bdf0                        . = ALIGN (0x4)
                0x0800bdf0                        __exidx_start = .
 *(.ARM.exidx*)
                0x0800bdf0                        __exidx_end = .
                0x0800bdf0                        . = ALIGN (0x4)

.preinit_array  0x0800bdf0        0x0
                0x0800bdf0                        . = ALIGN (0x4)
                0x0800bdf0                        PROVIDE (__preinit_array_start = .)
 *(.preinit_array*)
                0x0800bdf0                        PROVIDE (__preinit_array_end = .)
                0x0800bdf0                        . = ALIGN (0x4)

.init_array     0x0800bdf0        0x4
                0x0800bdf0                        . = ALIGN (0x4)
                0x0800bdf0                        PROVIDE (__init_array_start = .)
 *(SORT_BY_NAME(.init_array.*))
 *(.init_array*)
 .init_array    0x0800bdf0        0x4 C:/Program Files/STMicroelectronics/STM32CubeIDE_1.16.0/STM32CubeIDE/plugins/com.st.stm32cube.ide.mcu.externaltools.gnu-tools-for-stm32.13.3.rel1.win32_1.0.0.202411081344/tools/bin/../lib/gcc/arm-none-eabi/13.3.1/thumb/v7-m/nofp/crtbegin.o
                0x0800bdf4                        PROVIDE (__init_array_end = .)
                0x0800bdf4                        . = ALIGN (0x4)

.fini_array     0x0800bdf4        0x4
                0x0800bdf4                        . = ALIGN (0x4)
                [!provide]                        PROVIDE (__fini_array_start = .)
 *(SORT_BY_NAME(.fini_array.*))
 *(.fini_array*)
 .fini_array    0x0800bdf4        0x4 C:/Program Files/STMicroelectronics/STM32CubeIDE_1.16.0/STM32CubeIDE/plugins/com.st.stm32cube.ide.mcu.externaltools.gnu-tools-for-stm32.13.3.rel1.win32_1.0.0.202411081344/tools/bin/../lib/gcc/arm-none-eabi/13.3.1/thumb/v7-m/nofp/crtbegin.o
                [!provide]                        PROVIDE (__fini_array_end = .)
                0x0800bdf8                        . = ALIGN (0x4)
                0x0800bdf8                        _sidata = LOADADDR (.data)

.rel.dyn        0x0800bdf8        0x0
 .rel.iplt      0x0800bdf8        0x0 C:/Program Files/STMicroelectronics/STM32CubeIDE_1.16.0/STM32CubeIDE/plugins/com.st.stm32cube.ide.mcu.externaltools.gnu-tools-for-stm32.13.3.rel1.win32_1.0.0.202411081344/tools/bin/../lib/gcc/arm-none-eabi/13.3.1/thumb/v7-m/nofp/crtbegin.o

.data           0x20000000      0x5b0 load address 0x0800bdf8
                0x20000000                        . = ALIGN (0x4)
                0x20000000                        _sdata = .
 *(.data)
 *(.data*)
 .data.SystemCoreClock
                0x20000000        0x4 ./Core/Src/system_stm32f1xx.o
                0x20000000                SystemCoreClock
 .data.uwTickPrio
                0x20000004        0x4 ./Drivers/STM32F1xx_HAL_Driver/Src/stm32f1xx_hal.o
                0x20000004                uwTickPrio
 .data.uwTickFreq
                0x20000008        0x1 ./Drivers/STM32F1xx_HAL_Driver/Src/stm32f1xx_hal.o
                0x20000008                uwTickFreq
 *fill*         0x20000009        0x3 
 .data.USBD_CUSTOM_HID
                0x2000000c       0x38 ./Middlewares/ST/STM32_USB_Device_Library/Class/CustomHID/Src/usbd_customhid.o
                0x2000000c                USBD_CUSTOM_HID
 .data.USBD_CUSTOM_HID_CfgFSDesc
                0x20000044       0x29 ./Middlewares/ST/STM32_USB_Device_Library/Class/CustomHID/Src/usbd_customhid.o
 *fill*         0x2000006d        0x3 
 .data.USBD_CUSTOM_HID_CfgHSDesc
                0x20000070       0x29 ./Middlewares/ST/STM32_USB_Device_Library/Class/CustomHID/Src/usbd_customhid.o
 *fill*         0x20000099        0x3 
 .data.USBD_CUSTOM_HID_OtherSpeedCfgDesc
                0x2000009c       0x29 ./Middlewares/ST/STM32_USB_Device_Library/Class/CustomHID/Src/usbd_customhid.o
 *fill*         0x200000c5        0x3 
 .data.USBD_CUSTOM_HID_Desc
                0x200000c8        0x9 ./Middlewares/ST/STM32_USB_Device_Library/Class/CustomHID/Src/usbd_customhid.o
 *fill*         0x200000d1        0x3 
 .data.USBD_CUSTOM_HID_DeviceQualifierDesc
                0x200000d4        0xa ./Middlewares/ST/STM32_USB_Device_Library/Class/CustomHID/Src/usbd_customhid.o
 *fill*         0x200000de        0x2 
 .data.CUSTOM_HID_ReportDesc_FS
                0x200000e0       0x3d ./USB_DEVICE/App/usbd_custom_hid_if.o
 *fill*         0x2000011d        0x3 
 .data.USBD_CustomHID_fops_FS
                0x20000120       0x10 ./USB_DEVICE/App/usbd_custom_hid_if.o
                0x20000120                USBD_CustomHID_fops_FS
 .data.FS_Desc  0x20000130       0x1c ./USB_DEVICE/App/usbd_desc.o
                0x20000130                FS_Desc
 .data.USBD_FS_DeviceDesc
                0x2000014c       0x12 ./USB_DEVICE/App/usbd_desc.o
                0x2000014c                USBD_FS_DeviceDesc
 *fill*         0x2000015e        0x2 
 .data.USBD_LangIDDesc
                0x20000160        0x4 ./USB_DEVICE/App/usbd_desc.o
                0x20000160                USBD_LangIDDesc
 .data.USBD_StringSerial
                0x20000164       0x1a ./USB_DEVICE/App/usbd_desc.o
                0x20000164                USBD_StringSerial
 *fill*         0x2000017e        0x2 
 .data.hAnalog  0x20000180       0x28 ./Wheel/Src/hw_analog_input.o
                0x20000180                hAnalog
 .data.hPedals  0x200001a8       0x14 ./Wheel/Src/hw_analog_input.o
                0x200001a8                hPedals
 .data.hG29Buttons
                0x200001bc       0x1c ./Wheel/Src/hw_digital_input.o
                0x200001bc                hG29Buttons
 .data.hmlx90363
                0x200001d8       0x40 ./Wheel/Src/hw_magnetometer.o
                0x200001d8                hmlx90363
 .data.hButtons
                0x20000218      0x368 ./Wheel/Src/sw_buttons.o
                0x20000218                hButtons
 .data.hSensor  0x20000580       0x30 ./Wheel/Src/sw_sensor.o
                0x20000580                hSensor
 *(.RamFunc)
 *(.RamFunc*)
                0x200005b0                        . = ALIGN (0x4)
                0x200005b0                        _edata = .

.igot.plt       0x200005b0        0x0 load address 0x0800c3a8
 .igot.plt      0x200005b0        0x0 C:/Program Files/STMicroelectronics/STM32CubeIDE_1.16.0/STM32CubeIDE/plugins/com.st.stm32cube.ide.mcu.externaltools.gnu-tools-for-stm32.13.3.rel1.win32_1.0.0.202411081344/tools/bin/../lib/gcc/arm-none-eabi/13.3.1/thumb/v7-m/nofp/crtbegin.o
                0x200005b0                        . = ALIGN (0x4)

.bss            0x200005b0      0x9f4 load address 0x0800c3a8
                0x200005b0                        _sbss = .
                0x200005b0                        __bss_start__ = _sbss
 *(.bss)
 .bss           0x200005b0       0x1c C:/Program Files/STMicroelectronics/STM32CubeIDE_1.16.0/STM32CubeIDE/plugins/com.st.stm32cube.ide.mcu.externaltools.gnu-tools-for-stm32.13.3.rel1.win32_1.0.0.202411081344/tools/bin/../lib/gcc/arm-none-eabi/13.3.1/thumb/v7-m/nofp/crtbegin.o
 *(.bss*)
 .bss.hadc1     0x200005cc       0x30 ./Core/Src/main.o
                0x200005cc                hadc1
 .bss.hdma_adc1
                0x200005fc       0x44 ./Core/Src/main.o
                0x200005fc                hdma_adc1
 .bss.hspi2     0x20000640       0x58 ./Core/Src/main.o
                0x20000640                hspi2
 .bss.hdma_spi2_rx
                0x20000698       0x44 ./Core/Src/main.o
                0x20000698                hdma_spi2_rx
 .bss.hdma_spi2_tx
                0x200006dc       0x44 ./Core/Src/main.o
                0x200006dc                hdma_spi2_tx
 .bss.htim3     0x20000720       0x48 ./Core/Src/main.o
                0x20000720                htim3
 .bss.htim4     0x20000768       0x48 ./Core/Src/main.o
                0x20000768                htim4
 .bss.uwTick    0x200007b0        0x4 ./Drivers/STM32F1xx_HAL_Driver/Src/stm32f1xx_hal.o
                0x200007b0                uwTick
 .bss.cfgidx.0  0x200007b4        0x1 ./Middlewares/ST/STM32_USB_Device_Library/Core/Src/usbd_ctlreq.o
 *fill*         0x200007b5        0x3 
 .bss.hUsbDeviceFS
                0x200007b8      0x2c4 ./USB_DEVICE/App/usb_device.o
                0x200007b8                hUsbDeviceFS
 .bss.USBD_StrDesc
                0x20000a7c      0x200 ./USB_DEVICE/App/usbd_desc.o
                0x20000a7c                USBD_StrDesc
 .bss.hpcd_USB_FS
                0x20000c7c      0x2d8 ./USB_DEVICE/Target/usbd_conf.o
                0x20000c7c                hpcd_USB_FS
 .bss.mem.0     0x20000f54       0x20 ./USB_DEVICE/Target/usbd_conf.o
 .bss.wheel     0x20000f74       0x18 ./Wheel/Src/steeringwheel.o
                0x20000f74                wheel
 .bss.hUsbHid   0x20000f8c       0x14 ./Wheel/Src/steeringwheel.o
                0x20000f8c                hUsbHid
 .bss.time_ms   0x20000fa0        0x4 ./Wheel/Src/steeringwheel.o
                0x20000fa0                time_ms
 *(COMMON)
                0x20000fa4                        . = ALIGN (0x4)
                0x20000fa4                        _ebss = .
                0x20000fa4                        __bss_end__ = _ebss

._user_heap_stack
                0x20000fa4      0x604 load address 0x0800c3a8
                0x20000fa8                        . = ALIGN (0x8)
 *fill*         0x20000fa4        0x4 
                [!provide]                        PROVIDE (end = .)
                0x20000fa8                        PROVIDE (_end = .)
                0x200011a8                        . = (. + _Min_Heap_Size)
 *fill*         0x20000fa8      0x200 
                0x200015a8                        . = (. + _Min_Stack_Size)
 *fill*         0x200011a8      0x400 
                0x200015a8                        . = ALIGN (0x8)

/DISCARD/
 libc.a(*)
 libm.a(*)
 libgcc.a(*)

.ARM.attributes
                0x00000000       0x29
 *(.ARM.attributes)
 .ARM.attributes
                0x00000000       0x1d C:/Program Files/STMicroelectronics/STM32CubeIDE_1.16.0/STM32CubeIDE/plugins/com.st.stm32cube.ide.mcu.externaltools.gnu-tools-for-stm32.13.3.rel1.win32_1.0.0.202411081344/tools/bin/../lib/gcc/arm-none-eabi/13.3.1/thumb/v7-m/nofp/crti.o
 .ARM.attributes
                0x0000001d       0x2d C:/Program Files/STMicroelectronics/STM32CubeIDE_1.16.0/STM32CubeIDE/plugins/com.st.stm32cube.ide.mcu.externaltools.gnu-tools-for-stm32.13.3.rel1.win32_1.0.0.202411081344/tools/bin/../lib/gcc/arm-none-eabi/13.3.1/thumb/v7-m/nofp/crtbegin.o
 .ARM.attributes
                0x0000004a       0x2d ./Core/Src/main.o
 .ARM.attributes
                0x00000077       0x2d ./Core/Src/stm32f1xx_hal_msp.o
 .ARM.attributes
                0x000000a4       0x2d ./Core/Src/stm32f1xx_it.o
 .ARM.attributes
                0x000000d1       0x2d ./Core/Src/system_stm32f1xx.o
 .ARM.attributes
                0x000000fe       0x21 ./Core/Startup/startup_stm32f103c8tx.o
 .ARM.attributes
                0x0000011f       0x2d ./Drivers/STM32F1xx_HAL_Driver/Src/stm32f1xx_hal.o
 .ARM.attributes
                0x0000014c       0x2d ./Drivers/STM32F1xx_HAL_Driver/Src/stm32f1xx_hal_adc.o
 .ARM.attributes
                0x00000179       0x2d ./Drivers/STM32F1xx_HAL_Driver/Src/stm32f1xx_hal_cortex.o
 .ARM.attributes
                0x000001a6       0x2d ./Drivers/STM32F1xx_HAL_Driver/Src/stm32f1xx_hal_dma.o
 .ARM.attributes
                0x000001d3       0x2d ./Drivers/STM32F1xx_HAL_Driver/Src/stm32f1xx_hal_gpio.o
 .ARM.attributes
                0x00000200       0x2d ./Drivers/STM32F1xx_HAL_Driver/Src/stm32f1xx_hal_pcd.o
 .ARM.attributes
                0x0000022d       0x2d ./Drivers/STM32F1xx_HAL_Driver/Src/stm32f1xx_hal_pcd_ex.o
 .ARM.attributes
                0x0000025a       0x2d ./Drivers/STM32F1xx_HAL_Driver/Src/stm32f1xx_hal_rcc.o
 .ARM.attributes
                0x00000287       0x2d ./Drivers/STM32F1xx_HAL_Driver/Src/stm32f1xx_hal_rcc_ex.o
 .ARM.attributes
                0x000002b4       0x2d ./Drivers/STM32F1xx_HAL_Driver/Src/stm32f1xx_hal_spi.o
 .ARM.attributes
                0x000002e1       0x2d ./Drivers/STM32F1xx_HAL_Driver/Src/stm32f1xx_hal_tim.o
 .ARM.attributes
                0x0000030e       0x2d ./Drivers/STM32F1xx_HAL_Driver/Src/stm32f1xx_hal_tim_ex.o
 .ARM.attributes
                0x0000033b       0x2d ./Drivers/STM32F1xx_HAL_Driver/Src/stm32f1xx_ll_usb.o
 .ARM.attributes
                0x00000368       0x2d ./Middlewares/ST/STM32_USB_Device_Library/Class/CustomHID/Src/usbd_customhid.o
 .ARM.attributes
                0x00000395       0x2d ./Middlewares/ST/STM32_USB_Device_Library/Core/Src/usbd_core.o
 .ARM.attributes
                0x000003c2       0x2d ./Middlewares/ST/STM32_USB_Device_Library/Core/Src/usbd_ctlreq.o
 .ARM.attributes
                0x000003ef       0x2d ./Middlewares/ST/STM32_USB_Device_Library/Core/Src/usbd_ioreq.o
 .ARM.attributes
                0x0000041c       0x2d ./USB_DEVICE/App/usb_device.o
 .ARM.attributes
                0x00000449       0x2d ./USB_DEVICE/App/usbd_custom_hid_if.o
 .ARM.attributes
                0x00000476       0x2d ./USB_DEVICE/App/usbd_desc.o
 .ARM.attributes
                0x000004a3       0x2d ./USB_DEVICE/Target/usbd_conf.o
 .ARM.attributes
                0x000004d0       0x2d ./Wheel/Src/app_usb_hid.o
 .ARM.attributes
                0x000004fd       0x2d ./Wheel/Src/hw_analog_input.o
 .ARM.attributes
                0x0000052a       0x2d ./Wheel/Src/hw_digital_input.o
 .ARM.attributes
                0x00000557       0x2d ./Wheel/Src/hw_magnetometer.o
 .ARM.attributes
                0x00000584       0x2d ./Wheel/Src/steeringwheel.o
 .ARM.attributes
                0x000005b1       0x2d ./Wheel/Src/sw_buttons.o
 .ARM.attributes
                0x000005de       0x2d ./Wheel/Src/sw_sensor.o
 .ARM.attributes
                0x0000060b       0x2d C:/Program Files/STMicroelectronics/STM32CubeIDE_1.16.0/STM32CubeIDE/plugins/com.st.stm32cube.ide.mcu.externaltools.gnu-tools-for-stm32.13.3.rel1.win32_1.0.0.202411081344/tools/bin/../lib/gcc/arm-none-eabi/13.3.1/../../../../arm-none-eabi/lib/thumb/v7-m/nofp\libc_nano.a(libc_a-memset.o)
 .ARM.attributes
                0x00000638       0x2d C:/Program Files/STMicroelectronics/STM32CubeIDE_1.16.0/STM32CubeIDE/plugins/com.st.stm32cube.ide.mcu.externaltools.gnu-tools-for-stm32.13.3.rel1.win32_1.0.0.202411081344/tools/bin/../lib/gcc/arm-none-eabi/13.3.1/../../../../arm-none-eabi/lib/thumb/v7-m/nofp\libc_nano.a(libc_a-init.o)
 .ARM.attributes
                0x00000665       0x1d C:/Program Files/STMicroelectronics/STM32CubeIDE_1.16.0/STM32CubeIDE/plugins/com.st.stm32cube.ide.mcu.externaltools.gnu-tools-for-stm32.13.3.rel1.win32_1.0.0.202411081344/tools/bin/../lib/gcc/arm-none-eabi/13.3.1/thumb/v7-m/nofp\libgcc.a(_arm_addsubsf3.o)
 .ARM.attributes
                0x00000682       0x1d C:/Program Files/STMicroelectronics/STM32CubeIDE_1.16.0/STM32CubeIDE/plugins/com.st.stm32cube.ide.mcu.externaltools.gnu-tools-for-stm32.13.3.rel1.win32_1.0.0.202411081344/tools/bin/../lib/gcc/arm-none-eabi/13.3.1/thumb/v7-m/nofp\libgcc.a(_arm_muldivsf3.o)
 .ARM.attributes
                0x0000069f       0x1d C:/Program Files/STMicroelectronics/STM32CubeIDE_1.16.0/STM32CubeIDE/plugins/com.st.stm32cube.ide.mcu.externaltools.gnu-tools-for-stm32.13.3.rel1.win32_1.0.0.202411081344/tools/bin/../lib/gcc/arm-none-eabi/13.3.1/thumb/v7-m/nofp\libgcc.a(_arm_fixsfsi.o)
 .ARM.attributes
                0x000006bc       0x1d C:/Program Files/STMicroelectronics/STM32CubeIDE_1.16.0/STM32CubeIDE/plugins/com.st.stm32cube.ide.mcu.externaltools.gnu-tools-for-stm32.13.3.rel1.win32_1.0.0.202411081344/tools/bin/../lib/gcc/arm-none-eabi/13.3.1/thumb/v7-m/nofp/crtn.o
OUTPUT(g29-MB-Replacement.elf elf32-littlearm)
LOAD linker stubs
LOAD C:/Program Files/STMicroelectronics/STM32CubeIDE_1.16.0/STM32CubeIDE/plugins/com.st.stm32cube.ide.mcu.externaltools.gnu-tools-for-stm32.13.3.rel1.win32_1.0.0.202411081344/tools/bin/../lib/gcc/arm-none-eabi/13.3.1/../../../../arm-none-eabi/lib/thumb/v7-m/nofp\libc.a
LOAD C:/Program Files/STMicroelectronics/STM32CubeIDE_1.16.0/STM32CubeIDE/plugins/com.st.stm32cube.ide.mcu.externaltools.gnu-tools-for-stm32.13.3.rel1.win32_1.0.0.202411081344/tools/bin/../lib/gcc/arm-none-eabi/13.3.1/../../../../arm-none-eabi/lib/thumb/v7-m/nofp\libm.a
LOAD C:/Program Files/STMicroelectronics/STM32CubeIDE_1.16.0/STM32CubeIDE/plugins/com.st.stm32cube.ide.mcu.externaltools.gnu-tools-for-stm32.13.3.rel1.win32_1.0.0.202411081344/tools/bin/../lib/gcc/arm-none-eabi/13.3.1/thumb/v7-m/nofp\libgcc.a

.debug_info     0x00000000    0x1a2d1
 .debug_info    0x00000000     0x13ac ./Core/Src/main.o
 .debug_info    0x000013ac     0x10bd ./Core/Src/stm32f1xx_hal_msp.o
 .debug_info    0x00002469      0xc2a ./Core/Src/stm32f1xx_it.o
 .debug_info    0x00003093      0x222 ./Core/Src/system_stm32f1xx.o
 .debug_info    0x000032b5       0x30 ./Core/Startup/startup_stm32f103c8tx.o
 .debug_info    0x000032e5      0x704 ./Drivers/STM32F1xx_HAL_Driver/Src/stm32f1xx_hal.o
 .debug_info    0x000039e9      0xc50 ./Drivers/STM32F1xx_HAL_Driver/Src/stm32f1xx_hal_adc.o
 .debug_info    0x00004639      0xa87 ./Drivers/STM32F1xx_HAL_Driver/Src/stm32f1xx_hal_cortex.o
 .debug_info    0x000050c0      0x6d2 ./Drivers/STM32F1xx_HAL_Driver/Src/stm32f1xx_hal_dma.o
 .debug_info    0x00005792      0x5ab ./Drivers/STM32F1xx_HAL_Driver/Src/stm32f1xx_hal_gpio.o
 .debug_info    0x00005d3d     0x16dc ./Drivers/STM32F1xx_HAL_Driver/Src/stm32f1xx_hal_pcd.o
 .debug_info    0x00007419      0x6c3 ./Drivers/STM32F1xx_HAL_Driver/Src/stm32f1xx_hal_pcd_ex.o
 .debug_info    0x00007adc      0x7d5 ./Drivers/STM32F1xx_HAL_Driver/Src/stm32f1xx_hal_rcc.o
 .debug_info    0x000082b1      0x3c0 ./Drivers/STM32F1xx_HAL_Driver/Src/stm32f1xx_hal_rcc_ex.o
 .debug_info    0x00008671     0x142d ./Drivers/STM32F1xx_HAL_Driver/Src/stm32f1xx_hal_spi.o
 .debug_info    0x00009a9e     0x2959 ./Drivers/STM32F1xx_HAL_Driver/Src/stm32f1xx_hal_tim.o
 .debug_info    0x0000c3f7     0x149b ./Drivers/STM32F1xx_HAL_Driver/Src/stm32f1xx_hal_tim_ex.o
 .debug_info    0x0000d892     0x17ae ./Drivers/STM32F1xx_HAL_Driver/Src/stm32f1xx_ll_usb.o
 .debug_info    0x0000f040      0xab5 ./Middlewares/ST/STM32_USB_Device_Library/Class/CustomHID/Src/usbd_customhid.o
 .debug_info    0x0000faf5      0xa52 ./Middlewares/ST/STM32_USB_Device_Library/Core/Src/usbd_core.o
 .debug_info    0x00010547      0x91c ./Middlewares/ST/STM32_USB_Device_Library/Core/Src/usbd_ctlreq.o
 .debug_info    0x00010e63      0x6a0 ./Middlewares/ST/STM32_USB_Device_Library/Core/Src/usbd_ioreq.o
 .debug_info    0x00011503      0x61a ./USB_DEVICE/App/usb_device.o
 .debug_info    0x00011b1d      0x1de ./USB_DEVICE/App/usbd_custom_hid_if.o
 .debug_info    0x00011cfb      0x44a ./USB_DEVICE/App/usbd_desc.o
 .debug_info    0x00012145     0x1864 ./USB_DEVICE/Target/usbd_conf.o
 .debug_info    0x000139a9     0x1a08 ./Wheel/Src/app_usb_hid.o
 .debug_info    0x000153b1      0x876 ./Wheel/Src/hw_analog_input.o
 .debug_info    0x00015c27      0x361 ./Wheel/Src/hw_digital_input.o
 .debug_info    0x00015f88      0xe18 ./Wheel/Src/hw_magnetometer.o
 .debug_info    0x00016da0     0x1ad2 ./Wheel/Src/steeringwheel.o
 .debug_info    0x00018872      0xcca ./Wheel/Src/sw_buttons.o
 .debug_info    0x0001953c      0xd95 ./Wheel/Src/sw_sensor.o

.debug_abbrev   0x00000000     0x45a4
 .debug_abbrev  0x00000000      0x2e7 ./Core/Src/main.o
 .debug_abbrev  0x000002e7      0x260 ./Core/Src/stm32f1xx_hal_msp.o
 .debug_abbrev  0x00000547      0x1f6 ./Core/Src/stm32f1xx_it.o
 .debug_abbrev  0x0000073d      0x13f ./Core/Src/system_stm32f1xx.o
 .debug_abbrev  0x0000087c       0x24 ./Core/Startup/startup_stm32f103c8tx.o
 .debug_abbrev  0x000008a0      0x201 ./Drivers/STM32F1xx_HAL_Driver/Src/stm32f1xx_hal.o
 .debug_abbrev  0x00000aa1      0x225 ./Drivers/STM32F1xx_HAL_Driver/Src/stm32f1xx_hal_adc.o
 .debug_abbrev  0x00000cc6      0x2f8 ./Drivers/STM32F1xx_HAL_Driver/Src/stm32f1xx_hal_cortex.o
 .debug_abbrev  0x00000fbe      0x20b ./Drivers/STM32F1xx_HAL_Driver/Src/stm32f1xx_hal_dma.o
 .debug_abbrev  0x000011c9      0x1ca ./Drivers/STM32F1xx_HAL_Driver/Src/stm32f1xx_hal_gpio.o
 .debug_abbrev  0x00001393      0x2d6 ./Drivers/STM32F1xx_HAL_Driver/Src/stm32f1xx_hal_pcd.o
 .debug_abbrev  0x00001669      0x189 ./Drivers/STM32F1xx_HAL_Driver/Src/stm32f1xx_hal_pcd_ex.o
 .debug_abbrev  0x000017f2      0x2b3 ./Drivers/STM32F1xx_HAL_Driver/Src/stm32f1xx_hal_rcc.o
 .debug_abbrev  0x00001aa5      0x188 ./Drivers/STM32F1xx_HAL_Driver/Src/stm32f1xx_hal_rcc_ex.o
 .debug_abbrev  0x00001c2d      0x27a ./Drivers/STM32F1xx_HAL_Driver/Src/stm32f1xx_hal_spi.o
 .debug_abbrev  0x00001ea7      0x277 ./Drivers/STM32F1xx_HAL_Driver/Src/stm32f1xx_hal_tim.o
 .debug_abbrev  0x0000211e      0x282 ./Drivers/STM32F1xx_HAL_Driver/Src/stm32f1xx_hal_tim_ex.o
 .debug_abbrev  0x000023a0      0x1de ./Drivers/STM32F1xx_HAL_Driver/Src/stm32f1xx_ll_usb.o
 .debug_abbrev  0x0000257e      0x272 ./Middlewares/ST/STM32_USB_Device_Library/Class/CustomHID/Src/usbd_customhid.o
 .debug_abbrev  0x000027f0      0x24a ./Middlewares/ST/STM32_USB_Device_Library/Core/Src/usbd_core.o
 .debug_abbrev  0x00002a3a      0x26b ./Middlewares/ST/STM32_USB_Device_Library/Core/Src/usbd_ctlreq.o
 .debug_abbrev  0x00002ca5      0x192 ./Middlewares/ST/STM32_USB_Device_Library/Core/Src/usbd_ioreq.o
 .debug_abbrev  0x00002e37      0x18d ./USB_DEVICE/App/usb_device.o
 .debug_abbrev  0x00002fc4      0x12f ./USB_DEVICE/App/usbd_custom_hid_if.o
 .debug_abbrev  0x000030f3      0x1ff ./USB_DEVICE/App/usbd_desc.o
 .debug_abbrev  0x000032f2      0x316 ./USB_DEVICE/Target/usbd_conf.o
 .debug_abbrev  0x00003608      0x281 ./Wheel/Src/app_usb_hid.o
 .debug_abbrev  0x00003889      0x1ed ./Wheel/Src/hw_analog_input.o
 .debug_abbrev  0x00003a76      0x1ac ./Wheel/Src/hw_digital_input.o
 .debug_abbrev  0x00003c22      0x238 ./Wheel/Src/hw_magnetometer.o
 .debug_abbrev  0x00003e5a      0x2ed ./Wheel/Src/steeringwheel.o
 .debug_abbrev  0x00004147      0x269 ./Wheel/Src/sw_buttons.o
 .debug_abbrev  0x000043b0      0x1f4 ./Wheel/Src/sw_sensor.o

.debug_aranges  0x00000000     0x15b8
 .debug_aranges
                0x00000000       0x60 ./Core/Src/main.o
 .debug_aranges
                0x00000060       0x50 ./Core/Src/stm32f1xx_hal_msp.o
 .debug_aranges
                0x000000b0       0xa0 ./Core/Src/stm32f1xx_it.o
 .debug_aranges
                0x00000150       0x28 ./Core/Src/system_stm32f1xx.o
 .debug_aranges
                0x00000178       0x28 ./Core/Startup/startup_stm32f103c8tx.o
 .debug_aranges
                0x000001a0       0xe0 ./Drivers/STM32F1xx_HAL_Driver/Src/stm32f1xx_hal.o
 .debug_aranges
                0x00000280       0xf0 ./Drivers/STM32F1xx_HAL_Driver/Src/stm32f1xx_hal_adc.o
 .debug_aranges
                0x00000370      0x100 ./Drivers/STM32F1xx_HAL_Driver/Src/stm32f1xx_hal_cortex.o
 .debug_aranges
                0x00000470       0x80 ./Drivers/STM32F1xx_HAL_Driver/Src/stm32f1xx_hal_dma.o
 .debug_aranges
                0x000004f0       0x58 ./Drivers/STM32F1xx_HAL_Driver/Src/stm32f1xx_hal_gpio.o
 .debug_aranges
                0x00000548      0x140 ./Drivers/STM32F1xx_HAL_Driver/Src/stm32f1xx_hal_pcd.o
 .debug_aranges
                0x00000688       0x38 ./Drivers/STM32F1xx_HAL_Driver/Src/stm32f1xx_hal_pcd_ex.o
 .debug_aranges
                0x000006c0       0x90 ./Drivers/STM32F1xx_HAL_Driver/Src/stm32f1xx_hal_rcc.o
 .debug_aranges
                0x00000750       0x30 ./Drivers/STM32F1xx_HAL_Driver/Src/stm32f1xx_hal_rcc_ex.o
 .debug_aranges
                0x00000780      0x1d0 ./Drivers/STM32F1xx_HAL_Driver/Src/stm32f1xx_hal_spi.o
 .debug_aranges
                0x00000950      0x3d0 ./Drivers/STM32F1xx_HAL_Driver/Src/stm32f1xx_hal_tim.o
 .debug_aranges
                0x00000d20      0x168 ./Drivers/STM32F1xx_HAL_Driver/Src/stm32f1xx_hal_tim_ex.o
 .debug_aranges
                0x00000e88       0xf8 ./Drivers/STM32F1xx_HAL_Driver/Src/stm32f1xx_ll_usb.o
 .debug_aranges
                0x00000f80       0x78 ./Middlewares/ST/STM32_USB_Device_Library/Class/CustomHID/Src/usbd_customhid.o
 .debug_aranges
                0x00000ff8       0xb8 ./Middlewares/ST/STM32_USB_Device_Library/Core/Src/usbd_core.o
 .debug_aranges
                0x000010b0       0x88 ./Middlewares/ST/STM32_USB_Device_Library/Core/Src/usbd_ctlreq.o
 .debug_aranges
                0x00001138       0x50 ./Middlewares/ST/STM32_USB_Device_Library/Core/Src/usbd_ioreq.o
 .debug_aranges
                0x00001188       0x20 ./USB_DEVICE/App/usb_device.o
 .debug_aranges
                0x000011a8       0x30 ./USB_DEVICE/App/usbd_custom_hid_if.o
 .debug_aranges
                0x000011d8       0x60 ./USB_DEVICE/App/usbd_desc.o
 .debug_aranges
                0x00001238      0x118 ./USB_DEVICE/Target/usbd_conf.o
 .debug_aranges
                0x00001350       0x50 ./Wheel/Src/app_usb_hid.o
 .debug_aranges
                0x000013a0       0x50 ./Wheel/Src/hw_analog_input.o
 .debug_aranges
                0x000013f0       0x30 ./Wheel/Src/hw_digital_input.o
 .debug_aranges
                0x00001420       0x78 ./Wheel/Src/hw_magnetometer.o
 .debug_aranges
                0x00001498       0x70 ./Wheel/Src/steeringwheel.o
 .debug_aranges
                0x00001508       0x68 ./Wheel/Src/sw_buttons.o
 .debug_aranges
                0x00001570       0x48 ./Wheel/Src/sw_sensor.o

.debug_rnglists
                0x00000000     0x1082
 .debug_rnglists
                0x00000000       0x49 ./Core/Src/main.o
 .debug_rnglists
                0x00000049       0x3b ./Core/Src/stm32f1xx_hal_msp.o
 .debug_rnglists
                0x00000084       0x73 ./Core/Src/stm32f1xx_it.o
 .debug_rnglists
                0x000000f7       0x1a ./Core/Src/system_stm32f1xx.o
 .debug_rnglists
                0x00000111       0x19 ./Core/Startup/startup_stm32f103c8tx.o
 .debug_rnglists
                0x0000012a       0xa3 ./Drivers/STM32F1xx_HAL_Driver/Src/stm32f1xx_hal.o
 .debug_rnglists
                0x000001cd       0xbc ./Drivers/STM32F1xx_HAL_Driver/Src/stm32f1xx_hal_adc.o
 .debug_rnglists
                0x00000289       0xbb ./Drivers/STM32F1xx_HAL_Driver/Src/stm32f1xx_hal_cortex.o
 .debug_rnglists
                0x00000344       0x64 ./Drivers/STM32F1xx_HAL_Driver/Src/stm32f1xx_hal_dma.o
 .debug_rnglists
                0x000003a8       0x3f ./Drivers/STM32F1xx_HAL_Driver/Src/stm32f1xx_hal_gpio.o
 .debug_rnglists
                0x000003e7       0xf4 ./Drivers/STM32F1xx_HAL_Driver/Src/stm32f1xx_hal_pcd.o
 .debug_rnglists
                0x000004db       0x26 ./Drivers/STM32F1xx_HAL_Driver/Src/stm32f1xx_hal_pcd_ex.o
 .debug_rnglists
                0x00000501       0x6d ./Drivers/STM32F1xx_HAL_Driver/Src/stm32f1xx_hal_rcc.o
 .debug_rnglists
                0x0000056e       0x21 ./Drivers/STM32F1xx_HAL_Driver/Src/stm32f1xx_hal_rcc_ex.o
 .debug_rnglists
                0x0000058f      0x16e ./Drivers/STM32F1xx_HAL_Driver/Src/stm32f1xx_hal_spi.o
 .debug_rnglists
                0x000006fd      0x31a ./Drivers/STM32F1xx_HAL_Driver/Src/stm32f1xx_hal_tim.o
 .debug_rnglists
                0x00000a17      0x125 ./Drivers/STM32F1xx_HAL_Driver/Src/stm32f1xx_hal_tim_ex.o
 .debug_rnglists
                0x00000b3c       0xbd ./Drivers/STM32F1xx_HAL_Driver/Src/stm32f1xx_ll_usb.o
 .debug_rnglists
                0x00000bf9       0x57 ./Middlewares/ST/STM32_USB_Device_Library/Class/CustomHID/Src/usbd_customhid.o
 .debug_rnglists
                0x00000c50       0x89 ./Middlewares/ST/STM32_USB_Device_Library/Core/Src/usbd_core.o
 .debug_rnglists
                0x00000cd9       0x68 ./Middlewares/ST/STM32_USB_Device_Library/Core/Src/usbd_ctlreq.o
 .debug_rnglists
                0x00000d41       0x37 ./Middlewares/ST/STM32_USB_Device_Library/Core/Src/usbd_ioreq.o
 .debug_rnglists
                0x00000d78       0x13 ./USB_DEVICE/App/usb_device.o
 .debug_rnglists
                0x00000d8b       0x1f ./USB_DEVICE/App/usbd_custom_hid_if.o
 .debug_rnglists
                0x00000daa       0x43 ./USB_DEVICE/App/usbd_desc.o
 .debug_rnglists
                0x00000ded       0xce ./USB_DEVICE/Target/usbd_conf.o
 .debug_rnglists
                0x00000ebb       0x39 ./Wheel/Src/app_usb_hid.o
 .debug_rnglists
                0x00000ef4       0x37 ./Wheel/Src/hw_analog_input.o
 .debug_rnglists
                0x00000f2b       0x20 ./Wheel/Src/hw_digital_input.o
 .debug_rnglists
                0x00000f4b       0x57 ./Wheel/Src/hw_magnetometer.o
 .debug_rnglists
                0x00000fa2       0x55 ./Wheel/Src/steeringwheel.o
 .debug_rnglists
                0x00000ff7       0x5a ./Wheel/Src/sw_buttons.o
 .debug_rnglists
                0x00001051       0x31 ./Wheel/Src/sw_sensor.o

.debug_macro    0x00000000    0x1c4dd
 .debug_macro   0x00000000      0x3ee ./Core/Src/main.o
 .debug_macro   0x000003ee      0xacc ./Core/Src/main.o
 .debug_macro   0x00000eba      0x22d ./Core/Src/main.o
 .debug_macro   0x000010e7       0x2e ./Core/Src/main.o
 .debug_macro   0x00001115       0x22 ./Core/Src/main.o
 .debug_macro   0x00001137       0x22 ./Core/Src/main.o
 .debug_macro   0x00001159       0x8e ./Core/Src/main.o
 .debug_macro   0x000011e7       0x51 ./Core/Src/main.o
 .debug_macro   0x00001238      0x103 ./Core/Src/main.o
 .debug_macro   0x0000133b       0x6a ./Core/Src/main.o
 .debug_macro   0x000013a5      0x1df ./Core/Src/main.o
 .debug_macro   0x00001584       0x1c ./Core/Src/main.o
 .debug_macro   0x000015a0       0x22 ./Core/Src/main.o
 .debug_macro   0x000015c2       0xbd ./Core/Src/main.o
 .debug_macro   0x0000167f      0xd23 ./Core/Src/main.o
 .debug_macro   0x000023a2     0xe09e ./Core/Src/main.o
 .debug_macro   0x00010440       0x6d ./Core/Src/main.o
 .debug_macro   0x000104ad     0x34a2 ./Core/Src/main.o
 .debug_macro   0x0001394f      0x190 ./Core/Src/main.o
 .debug_macro   0x00013adf       0x5c ./Core/Src/main.o
 .debug_macro   0x00013b3b      0x5bc ./Core/Src/main.o
 .debug_macro   0x000140f7      0x289 ./Core/Src/main.o
 .debug_macro   0x00014380      0x1cb ./Core/Src/main.o
 .debug_macro   0x0001454b      0x114 ./Core/Src/main.o
 .debug_macro   0x0001465f      0x1b2 ./Core/Src/main.o
 .debug_macro   0x00014811       0x27 ./Core/Src/main.o
 .debug_macro   0x00014838      0x136 ./Core/Src/main.o
 .debug_macro   0x0001496e      0x1bc ./Core/Src/main.o
 .debug_macro   0x00014b2a       0x34 ./Core/Src/main.o
 .debug_macro   0x00014b5e       0x3c ./Core/Src/main.o
 .debug_macro   0x00014b9a       0x57 ./Core/Src/main.o
 .debug_macro   0x00014bf1      0x46a ./Core/Src/main.o
 .debug_macro   0x0001505b      0x1b5 ./Core/Src/main.o
 .debug_macro   0x00015210       0x87 ./Core/Src/main.o
 .debug_macro   0x00015297      0x240 ./Core/Src/main.o
 .debug_macro   0x000154d7      0x140 ./Core/Src/main.o
 .debug_macro   0x00015617      0x217 ./Core/Src/main.o
 .debug_macro   0x0001582e      0x8ed ./Core/Src/main.o
 .debug_macro   0x0001611b       0xb7 ./Core/Src/main.o
 .debug_macro   0x000161d2      0x242 ./Core/Src/main.o
 .debug_macro   0x00016414       0x83 ./Core/Src/main.o
 .debug_macro   0x00016497       0x64 ./Core/Src/main.o
 .debug_macro   0x000164fb       0x61 ./Core/Src/main.o
 .debug_macro   0x0001655c       0x24 ./Core/Src/main.o
 .debug_macro   0x00016580       0x43 ./Core/Src/main.o
 .debug_macro   0x000165c3       0x34 ./Core/Src/main.o
 .debug_macro   0x000165f7       0x16 ./Core/Src/main.o
 .debug_macro   0x0001660d       0x3c ./Core/Src/main.o
 .debug_macro   0x00016649      0x370 ./Core/Src/main.o
 .debug_macro   0x000169b9       0x10 ./Core/Src/main.o
 .debug_macro   0x000169c9       0x16 ./Core/Src/main.o
 .debug_macro   0x000169df       0x4a ./Core/Src/main.o
 .debug_macro   0x00016a29       0x34 ./Core/Src/main.o
 .debug_macro   0x00016a5d       0x10 ./Core/Src/main.o
 .debug_macro   0x00016a6d       0x58 ./Core/Src/main.o
 .debug_macro   0x00016ac5       0x8e ./Core/Src/main.o
 .debug_macro   0x00016b53       0x1c ./Core/Src/main.o
 .debug_macro   0x00016b6f      0x185 ./Core/Src/main.o
 .debug_macro   0x00016cf4       0x16 ./Core/Src/main.o
 .debug_macro   0x00016d0a       0x16 ./Core/Src/main.o
 .debug_macro   0x00016d20      0x146 ./Core/Src/main.o
 .debug_macro   0x00016e66       0x16 ./Core/Src/main.o
 .debug_macro   0x00016e7c       0x16 ./Core/Src/main.o
 .debug_macro   0x00016e92       0x29 ./Core/Src/main.o
 .debug_macro   0x00016ebb       0x16 ./Core/Src/main.o
 .debug_macro   0x00016ed1       0x20 ./Core/Src/main.o
 .debug_macro   0x00016ef1       0x6c ./Core/Src/main.o
 .debug_macro   0x00016f5d      0x1c8 ./Core/Src/main.o
 .debug_macro   0x00017125       0x16 ./Core/Src/main.o
 .debug_macro   0x0001713b       0x52 ./Core/Src/main.o
 .debug_macro   0x0001718d       0x28 ./Core/Src/main.o
 .debug_macro   0x000171b5       0x1c ./Core/Src/main.o
 .debug_macro   0x000171d1       0x65 ./Core/Src/main.o
 .debug_macro   0x00017236       0x10 ./Core/Src/main.o
 .debug_macro   0x00017246      0x1ea ./Core/Src/stm32f1xx_hal_msp.o
 .debug_macro   0x00017430      0x1f4 ./Core/Src/stm32f1xx_it.o
 .debug_macro   0x00017624      0x1db ./Core/Src/system_stm32f1xx.o
 .debug_macro   0x000177ff      0x1ff ./Drivers/STM32F1xx_HAL_Driver/Src/stm32f1xx_hal.o
 .debug_macro   0x000179fe      0x1f8 ./Drivers/STM32F1xx_HAL_Driver/Src/stm32f1xx_hal_adc.o
 .debug_macro   0x00017bf6      0x1db ./Drivers/STM32F1xx_HAL_Driver/Src/stm32f1xx_hal_cortex.o
 .debug_macro   0x00017dd1      0x1db ./Drivers/STM32F1xx_HAL_Driver/Src/stm32f1xx_hal_dma.o
 .debug_macro   0x00017fac      0x246 ./Drivers/STM32F1xx_HAL_Driver/Src/stm32f1xx_hal_gpio.o
 .debug_macro   0x000181f2      0x1e7 ./Drivers/STM32F1xx_HAL_Driver/Src/stm32f1xx_hal_pcd.o
 .debug_macro   0x000183d9      0x1db ./Drivers/STM32F1xx_HAL_Driver/Src/stm32f1xx_hal_pcd_ex.o
 .debug_macro   0x000185b4      0x1ed ./Drivers/STM32F1xx_HAL_Driver/Src/stm32f1xx_hal_rcc.o
 .debug_macro   0x000187a1      0x1db ./Drivers/STM32F1xx_HAL_Driver/Src/stm32f1xx_hal_rcc_ex.o
 .debug_macro   0x0001897c      0x1e3 ./Drivers/STM32F1xx_HAL_Driver/Src/stm32f1xx_hal_spi.o
 .debug_macro   0x00018b5f      0x1dc ./Drivers/STM32F1xx_HAL_Driver/Src/stm32f1xx_hal_tim.o
 .debug_macro   0x00018d3b      0x1db ./Drivers/STM32F1xx_HAL_Driver/Src/stm32f1xx_hal_tim_ex.o
 .debug_macro   0x00018f16      0x1db ./Drivers/STM32F1xx_HAL_Driver/Src/stm32f1xx_ll_usb.o
 .debug_macro   0x000190f1      0x379 ./Middlewares/ST/STM32_USB_Device_Library/Class/CustomHID/Src/usbd_customhid.o
 .debug_macro   0x0001946a       0x9e ./Middlewares/ST/STM32_USB_Device_Library/Class/CustomHID/Src/usbd_customhid.o
 .debug_macro   0x00019508      0x112 ./Middlewares/ST/STM32_USB_Device_Library/Class/CustomHID/Src/usbd_customhid.o
 .debug_macro   0x0001961a       0x56 ./Middlewares/ST/STM32_USB_Device_Library/Class/CustomHID/Src/usbd_customhid.o
 .debug_macro   0x00019670      0x360 ./Middlewares/ST/STM32_USB_Device_Library/Core/Src/usbd_core.o
 .debug_macro   0x000199d0      0x1ce ./Middlewares/ST/STM32_USB_Device_Library/Core/Src/usbd_core.o
 .debug_macro   0x00019b9e      0x36a ./Middlewares/ST/STM32_USB_Device_Library/Core/Src/usbd_ctlreq.o
 .debug_macro   0x00019f08      0x366 ./Middlewares/ST/STM32_USB_Device_Library/Core/Src/usbd_ioreq.o
 .debug_macro   0x0001a26e      0x39a ./USB_DEVICE/App/usb_device.o
 .debug_macro   0x0001a608       0x6a ./USB_DEVICE/App/usb_device.o
 .debug_macro   0x0001a672       0x22 ./USB_DEVICE/App/usb_device.o
 .debug_macro   0x0001a694      0x37f ./USB_DEVICE/App/usbd_custom_hid_if.o
 .debug_macro   0x0001aa13      0x39d ./USB_DEVICE/App/usbd_desc.o
 .debug_macro   0x0001adb0       0x1c ./USB_DEVICE/App/usbd_desc.o
 .debug_macro   0x0001adcc      0x37d ./USB_DEVICE/Target/usbd_conf.o
 .debug_macro   0x0001b149      0x3e8 ./Wheel/Src/app_usb_hid.o
 .debug_macro   0x0001b531      0x20d ./Wheel/Src/hw_analog_input.o
 .debug_macro   0x0001b73e       0x16 ./Wheel/Src/hw_analog_input.o
 .debug_macro   0x0001b754      0x20d ./Wheel/Src/hw_digital_input.o
 .debug_macro   0x0001b961       0x10 ./Wheel/Src/hw_digital_input.o
 .debug_macro   0x0001b971      0x20d ./Wheel/Src/hw_magnetometer.o
 .debug_macro   0x0001bb7e       0x22 ./Wheel/Src/hw_magnetometer.o
 .debug_macro   0x0001bba0      0x3ec ./Wheel/Src/steeringwheel.o
 .debug_macro   0x0001bf8c      0x2e4 ./Wheel/Src/sw_buttons.o
 .debug_macro   0x0001c270       0x4c ./Wheel/Src/sw_buttons.o
 .debug_macro   0x0001c2bc       0x10 ./Wheel/Src/sw_buttons.o
 .debug_macro   0x0001c2cc      0x211 ./Wheel/Src/sw_sensor.o

.debug_line     0x00000000    0x1c3ab
 .debug_line    0x00000000      0xd70 ./Core/Src/main.o
 .debug_line    0x00000d70      0x8de ./Core/Src/stm32f1xx_hal_msp.o
 .debug_line    0x0000164e      0x8ca ./Core/Src/stm32f1xx_it.o
 .debug_line    0x00001f18      0x7da ./Core/Src/system_stm32f1xx.o
 .debug_line    0x000026f2       0x78 ./Core/Startup/startup_stm32f103c8tx.o
 .debug_line    0x0000276a      0xa0c ./Drivers/STM32F1xx_HAL_Driver/Src/stm32f1xx_hal.o
 .debug_line    0x00003176     0x1032 ./Drivers/STM32F1xx_HAL_Driver/Src/stm32f1xx_hal_adc.o
 .debug_line    0x000041a8      0xbd5 ./Drivers/STM32F1xx_HAL_Driver/Src/stm32f1xx_hal_cortex.o
 .debug_line    0x00004d7d      0xe15 ./Drivers/STM32F1xx_HAL_Driver/Src/stm32f1xx_hal_dma.o
 .debug_line    0x00005b92      0xa68 ./Drivers/STM32F1xx_HAL_Driver/Src/stm32f1xx_hal_gpio.o
 .debug_line    0x000065fa     0x1390 ./Drivers/STM32F1xx_HAL_Driver/Src/stm32f1xx_hal_pcd.o
 .debug_line    0x0000798a      0x7d5 ./Drivers/STM32F1xx_HAL_Driver/Src/stm32f1xx_hal_pcd_ex.o
 .debug_line    0x0000815f      0xece ./Drivers/STM32F1xx_HAL_Driver/Src/stm32f1xx_hal_rcc.o
 .debug_line    0x0000902d      0x977 ./Drivers/STM32F1xx_HAL_Driver/Src/stm32f1xx_hal_rcc_ex.o
 .debug_line    0x000099a4     0x1ca2 ./Drivers/STM32F1xx_HAL_Driver/Src/stm32f1xx_hal_spi.o
 .debug_line    0x0000b646     0x34fb ./Drivers/STM32F1xx_HAL_Driver/Src/stm32f1xx_hal_tim.o
 .debug_line    0x0000eb41     0x18d1 ./Drivers/STM32F1xx_HAL_Driver/Src/stm32f1xx_hal_tim_ex.o
 .debug_line    0x00010412     0x117b ./Drivers/STM32F1xx_HAL_Driver/Src/stm32f1xx_ll_usb.o
 .debug_line    0x0001158d      0xcd8 ./Middlewares/ST/STM32_USB_Device_Library/Class/CustomHID/Src/usbd_customhid.o
 .debug_line    0x00012265      0xdd7 ./Middlewares/ST/STM32_USB_Device_Library/Core/Src/usbd_core.o
 .debug_line    0x0001303c     0x1021 ./Middlewares/ST/STM32_USB_Device_Library/Core/Src/usbd_ctlreq.o
 .debug_line    0x0001405d      0xa8d ./Middlewares/ST/STM32_USB_Device_Library/Core/Src/usbd_ioreq.o
 .debug_line    0x00014aea      0xa70 ./USB_DEVICE/App/usb_device.o