../Middlewares/JakaSimonic/ForceFeedback-core-library-legacy/ffb.c:50:9:GetNextFreeEffect	0	static
../Middlewares/JakaSimonic/ForceFeedback-core-library-legacy/ffb.c:77:6:StartEffect	0	static
../Middlewares/JakaSimonic/ForceFeedback-core-library-legacy/ffb.c:85:6:StopEffect	0	static
../Middlewares/JakaSimonic/ForceFeedback-core-library-legacy/ffb.c:71:6:StopAllEffects	8	static
../Middlewares/JakaSimonic/ForceFeedback-core-library-legacy/ffb.c:94:6:FreeEffect	0	static
../Middlewares/JakaSimonic/ForceFeedback-core-library-legacy/ffb.c:105:6:FreeAllEffects	8	static
../Middlewares/JakaSimonic/ForceFeedback-core-library-legacy/ffb.c:182:6:SetRampForce	0	static
../Middlewares/JakaSimonic/ForceFeedback-core-library-legacy/ffb.c:188:6:SetConstantForce	0	static
../Middlewares/JakaSimonic/ForceFeedback-core-library-legacy/ffb.c:193:6:SetPeriodic	0	static
../Middlewares/JakaSimonic/ForceFeedback-core-library-legacy/ffb.c:201:6:SetCondition	0	static
../Middlewares/JakaSimonic/ForceFeedback-core-library-legacy/ffb.c:212:6:SetEnvelope	0	static
../Middlewares/JakaSimonic/ForceFeedback-core-library-legacy/ffb.c:220:6:FfbOnCreateNewEffect	24	static
../Middlewares/JakaSimonic/ForceFeedback-core-library-legacy/ffb.c:241:6:FfbHandle_SetEffect	0	static
../Middlewares/JakaSimonic/ForceFeedback-core-library-legacy/ffb.c:256:10:FfbOnPIDPool	8	static
../Middlewares/JakaSimonic/ForceFeedback-core-library-legacy/ffb.c:267:10:FfbOnPIDBlockLoad	0	static
../Middlewares/JakaSimonic/ForceFeedback-core-library-legacy/ffb.c:272:10:FfbOnPIDStatus	0	static
../Middlewares/JakaSimonic/ForceFeedback-core-library-legacy/ffb.c:277:6:FfbHandle_SetCustomForceData	0	static
../Middlewares/JakaSimonic/ForceFeedback-core-library-legacy/ffb.c:281:6:FfbHandle_SetDownloadForceSample	0	static
../Middlewares/JakaSimonic/ForceFeedback-core-library-legacy/ffb.c:285:6:FfbHandle_EffectOperation	8	static
../Middlewares/JakaSimonic/ForceFeedback-core-library-legacy/ffb.c:313:6:FfbHandle_BlockFree	8	static
../Middlewares/JakaSimonic/ForceFeedback-core-library-legacy/ffb.c:327:6:FfbHandle_DeviceControl	8	static
../Middlewares/JakaSimonic/ForceFeedback-core-library-legacy/ffb.c:361:6:FfbHandle_DeviceGain	0	static
../Middlewares/JakaSimonic/ForceFeedback-core-library-legacy/ffb.c:128:6:FfbOnUsbData	8	static
../Middlewares/JakaSimonic/ForceFeedback-core-library-legacy/ffb.c:367:6:FfbHandle_SetCustomForce	0	static
../Middlewares/JakaSimonic/ForceFeedback-core-library-legacy/ffb.c:372:6:FfbGetFeedbackValue	160	static
