../Middlewares/JakaSimonic/ForceFeedback-core-library-legacy/ffb.c:50:9:GetNextFreeEffect	0	static
../Middlewares/JakaSimonic/ForceFeedback-core-library-legacy/ffb.c:77:6:StartEffect	0	static
../Middlewares/JakaSimonic/ForceFeedback-core-library-legacy/ffb.c:85:6:StopEffect	0	static
../Middlewares/JakaSimonic/ForceFeedback-core-library-legacy/ffb.c:71:6:StopAllEffects	8	static
../Middlewares/JakaSimonic/ForceFeedback-core-library-legacy/ffb.c:94:6:FreeEffect	0	static
../Middlewares/JakaSimonic/ForceFeedback-core-library-legacy/ffb.c:105:6:FreeAllEffects	8	static
../Middlewares/JakaSimonic/ForceFeedback-core-library-legacy/ffb.c:183:6:SetRampForce	0	static
../Middlewares/JakaSimonic/ForceFeedback-core-library-legacy/ffb.c:189:6:SetConstantForce	0	static
../Middlewares/JakaSimonic/ForceFeedback-core-library-legacy/ffb.c:194:6:SetPeriodic	0	static
../Middlewares/JakaSimonic/ForceFeedback-core-library-legacy/ffb.c:202:6:SetCondition	0	static
../Middlewares/JakaSimonic/ForceFeedback-core-library-legacy/ffb.c:213:6:SetEnvelope	0	static
../Middlewares/JakaSimonic/ForceFeedback-core-library-legacy/ffb.c:221:6:FfbOnCreateNewEffect	24	static
../Middlewares/JakaSimonic/ForceFeedback-core-library-legacy/ffb.c:242:6:FfbHandle_SetEffect	0	static
../Middlewares/JakaSimonic/ForceFeedback-core-library-legacy/ffb.c:257:10:FfbOnPIDPool	8	static
../Middlewares/JakaSimonic/ForceFeedback-core-library-legacy/ffb.c:268:10:FfbOnPIDBlockLoad	0	static
../Middlewares/JakaSimonic/ForceFeedback-core-library-legacy/ffb.c:273:10:FfbOnPIDStatus	0	static
../Middlewares/JakaSimonic/ForceFeedback-core-library-legacy/ffb.c:278:6:FfbHandle_SetCustomForceData	0	static
../Middlewares/JakaSimonic/ForceFeedback-core-library-legacy/ffb.c:282:6:FfbHandle_SetDownloadForceSample	0	static
../Middlewares/JakaSimonic/ForceFeedback-core-library-legacy/ffb.c:286:6:FfbHandle_EffectOperation	8	static
../Middlewares/JakaSimonic/ForceFeedback-core-library-legacy/ffb.c:314:6:FfbHandle_BlockFree	8	static
../Middlewares/JakaSimonic/ForceFeedback-core-library-legacy/ffb.c:328:6:FfbHandle_DeviceControl	8	static
../Middlewares/JakaSimonic/ForceFeedback-core-library-legacy/ffb.c:362:6:FfbHandle_DeviceGain	0	static
../Middlewares/JakaSimonic/ForceFeedback-core-library-legacy/ffb.c:128:6:FfbOnUsbData	16	dynamic
../Middlewares/JakaSimonic/ForceFeedback-core-library-legacy/ffb.c:368:6:FfbHandle_SetCustomForce	0	static
../Middlewares/JakaSimonic/ForceFeedback-core-library-legacy/ffb.c:373:6:FfbGetFeedbackValue	160	static
