../Wheel/Src/app_usb_hid_pid.c:87:16:hat_switch_from_msb	8	static
../Wheel/Src/app_usb_hid_pid.c:117:16:app_usb_SOF_CB	0	static
../Wheel/Src/app_usb_hid_pid.c:201:16:app_usb_DataInStage_CB	0	static
../Wheel/Src/app_usb_hid_pid.c:228:16:app_usb_EP0_recieve_CB	8	static
../Wheel/Src/app_usb_hid_pid.c:213:16:app_usb_DataOutStage_CB	16	static
../Wheel/Src/app_usb_hid_pid.c:22:14:app_usb_hid_init	0	static
../Wheel/Src/app_usb_hid_pid.c:30:14:app_usb_start	0	static
../Wheel/Src/app_usb_hid_pid.c:39:14:app_usb_stop	0	static
../Wheel/Src/app_usb_hid_pid.c:49:6:app_usb_start_deferred_processing	8	static
../Wheel/Src/app_usb_hid_pid.c:58:6:app_usb_hid_send_report	24	static
../Wheel/Src/app_usb_hid_pid.c:134:9:USB_HID_PID_CTL_PARSER	32	static
