../Wheel/Src/hw_magnetometer.c:30:21:MLX90363_INIT	0	static
../Wheel/Src/hw_magnetometer.c:115:16:calculate_crc	0	static
../Wheel/Src/hw_magnetometer.c:130:13:set_Tx_GET1	8	static
../Wheel/Src/hw_magnetometer.c:141:13:set_Tx_NOP	8	static
../Wheel/Src/hw_magnetometer.c:167:16:getData	16	static
../Wheel/Src/hw_magnetometer.c:85:21:MLX90363_TxRxDone_CB	8	static
../Wheel/Src/hw_magnetometer.c:72:21:MLX90363_TransmitRecieve_DMA	16	static
../Wheel/Src/hw_magnetometer.c:67:21:MLX90363_Stop	8	static
../Wheel/Src/hw_magnetometer.c:43:21:MLX90363_DeINIT	8	static
../Wheel/Src/hw_magnetometer.c:152:13:transmit_blocking	8	static
../Wheel/Src/hw_magnetometer.c:159:13:reset_roll_counter	8	static
../Wheel/Src/hw_magnetometer.c:54:21:MLX90363_Start_TIM	16	static
