../Wheel/Src/steeringwheel.c:110:13:init_analog	40	static
../Wheel/Src/steeringwheel.c:126:13:configure_software_exti	0	static
../Wheel/Src/steeringwheel.c:137:13:init_wheel_handle	0	static
../Wheel/Src/steeringwheel.c:75:13:init_buttons	32	static
../Wheel/Src/steeringwheel.c:93:13:init_sensor	32	static
../Wheel/Src/steeringwheel.c:36:6:wheel_startup	8	static
../Wheel/Src/steeringwheel.c:146:14:wheel_get_all_component_states	8	static
../Wheel/Src/steeringwheel.c:166:6:HAL_GPIO_EXTI_Callback	8	static
../Wheel/Src/steeringwheel.c:177:6:HAL_ADC_ConvCpltCallback	0	static
../Wheel/Src/steeringwheel.c:182:6:HAL_SPI_TxRxCpltCallback	8	static
../Wheel/Src/steeringwheel.c:192:6:HAL_TIM_PeriodElapsedCallback	8	static
