../Wheel/Src/steeringwheel.c:39:6:wheel_startup	8	static,ignoring_inline_asm
../Wheel/Src/steeringwheel.c:60:13:init_buttons	32	static
../Wheel/Src/steeringwheel.c:78:13:init_sensor	32	static
../Wheel/Src/steeringwheel.c:95:13:init_analog	16	static
../Wheel/Src/steeringwheel.c:105:13:configure_software_exti	16	static
../Wheel/Src/steeringwheel.c:116:13:init_wheel_handle	4	static
../Wheel/Src/steeringwheel.c:124:14:wheel_get_all_component_states	8	static
../Wheel/Src/steeringwheel.c:143:6:HAL_GPIO_EXTI_Callback	16	static
../Wheel/Src/steeringwheel.c:152:6:HAL_ADC_ConvCpltCallback	16	static
../Wheel/Src/steeringwheel.c:157:6:HAL_SPI_TxRxCpltCallback	16	static
../Wheel/Src/steeringwheel.c:167:6:HAL_TIM_PeriodElapsedCallback	16	static
