../Wheel/Src/sw_buttons.c:27:21:Buttons_INIT	0	static
../Wheel/Src/sw_buttons.c:36:21:Buttons_DeINIT	8	static
../Wheel/Src/sw_buttons.c:74:13:get_debounced_state	56	static
../Wheel/Src/sw_buttons.c:122:13:get_current_knob_state	0	static
../Wheel/Src/sw_buttons.c:68:21:Buttons_GetState	8	static
../Wheel/Src/sw_buttons.c:138:13:read_knob_button_state	24	static
../Wheel/Src/sw_buttons.c:181:13:update_knob_button_state	8	static
../Wheel/Src/sw_buttons.c:55:21:Buttons_Update	8	static,ignoring_inline_asm
../Wheel/Src/sw_buttons.c:50:21:Buttons_Stop	8	static
../Wheel/Src/sw_buttons.c:45:21:Buttons_Start_TIM	8	static
