../tinyusb/src/tusb.c:66:19:tusb_time_delay_ms_api	16	static
../tinyusb/src/tusb.c:73:20:tusb_app_virt_to_phys	0	static
../tinyusb/src/tusb.c:77:20:tusb_app_phys_to_virt	0	static
../tinyusb/src/tusb.c:84:6:tusb_rhport_init	8	static,ignoring_inline_asm
../tinyusb/src/tusb.c:131:6:tusb_inited	0	static
../tinyusb/src/tusb.c:149:6:tusb_int_handler	0	static
../tinyusb/src/tusb.c:166:6:tusb_deinit	16	static,ignoring_inline_asm
../tinyusb/src/tusb.c:193:16:tu_desc_find	0	static
../tinyusb/src/tusb.c:203:16:tu_desc_find2	0	static
../tinyusb/src/tusb.c:213:16:tu_desc_find3	4	static
../tinyusb/src/tusb.c:227:6:tu_edpt_claim	0	static
../tinyusb/src/tusb.c:244:6:tu_edpt_release	0	static
../tinyusb/src/tusb.c:295:6:tu_bind_driver_to_ep_itf	12	static,ignoring_inline_asm
../tinyusb/src/tusb.c:323:6:tu_edpt_stream_init	16	static
../tinyusb/src/tusb.c:393:6:tu_edpt_stream_write_zlp_if_needed	16	static,ignoring_inline_asm
../tinyusb/src/tusb.c:401:10:tu_edpt_stream_write_xfer	24	static,ignoring_inline_asm
../tinyusb/src/tusb.c:425:10:tu_edpt_stream_write	32	static,ignoring_inline_asm
../tinyusb/src/tusb.c:437:10:tu_edpt_stream_write_available	0	static
../tinyusb/src/tusb.c:444:10:tu_edpt_stream_read_xfer	24	static,ignoring_inline_asm
../tinyusb/src/tusb.c:468:10:tu_edpt_stream_read	32	static,ignoring_inline_asm
