C:/Users/raffi/STM32CubeIDE/workspace_1.16.0/g29-MB-Replacement/ffb-lib/include/ffb/ffb_effect.h:21:8:ffb::Effect::Effect()	16	static
C:\Program Files\STMicroelectronics\STM32CubeIDE_1.16.0\STM32CubeIDE\plugins\com.st.stm32cube.ide.mcu.externaltools.gnu-tools-for-stm32.13.3.rel1.win32_1.0.0.202411081344\tools\arm-none-eabi\include\c++\13.3.1\array:94:12:std::array<ffb::Effect, 20>::array()	16	static
../ffb-lib/src/ffb_calculator.cpp:41:1:ffb::Calculator::Calculator(uint8_t, ffb::TimeSource)	24	static
../ffb-lib/src/ffb_calculator.cpp:57:6:void ffb::Calculator::setFrictionRampupPct(uint8_t)	0	static
../ffb-lib/src/ffb_calculator.cpp:68:21:ffb::EffectFilterPreset& ffb::Calculator::filterPreset(uint8_t)	0	static
../ffb-lib/src/ffb_calculator.cpp:73:6:void ffb::Calculator::setAxisState(uint8_t, const ffb::AxisState&)	0	static
../ffb-lib/src/ffb_calculator.cpp:79:9:int32_t ffb::Calculator::getAxisTorque(uint8_t) const	0	static
../ffb-lib/src/ffb_calculator.cpp:86:9:int32_t ffb::Calculator::findFreeEffect(uint8_t)	0	static
../ffb-lib/src/ffb_calculator.cpp:97:6:void ffb::Calculator::freeEffect(uint16_t)	120	static
../ffb-lib/src/ffb_calculator.cpp:401:7:float ffb::Calculator::speedRampupPct() const	8	static
../ffb-lib/src/ffb_calculator.cpp:405:9:int32_t ffb::Calculator::calcConditionEffectForce(ffb::Effect*, float, uint8_t, uint8_t, float, float)	40	static
../ffb-lib/src/ffb_calculator.cpp:280:9:int32_t ffb::Calculator::calcComponentForce(ffb::Effect*, int32_t, uint8_t)	64	static
../ffb-lib/src/ffb_calculator.cpp:432:9:int32_t ffb::Calculator::getEnvelopeMagnitude(ffb::Effect*)	16	static
../ffb-lib/src/ffb_calculator.cpp:158:9:int32_t ffb::Calculator::calcNonConditionEffectForce(ffb::Effect*)	40	static
../ffb-lib/src/ffb_calculator.cpp:108:6:void ffb::Calculator::calculate()	40	static
../ffb-lib/src/ffb_calculator.cpp:455:6:void ffb::Calculator::setFilters(ffb::Effect*)	40	static
../ffb-lib/src/ffb_calculator.cpp:45:6:void ffb::Calculator::setSamplerate(float)	16	static
../ffb-lib/src/ffb_calculator.cpp:498:6:void ffb::Calculator::updateFiltersForType(uint8_t)	16	static
../ffb-lib/src/ffb_calculator.cpp:61:6:void ffb::Calculator::setFilterProfileId(uint8_t)	8	static
