C:/Users/raffi/STM32CubeIDE/workspace_1.16.0/g29-MB-Replacement/ffb-lib/include/ffb/ffb_defs.h:202:10:bool ffb::FFB_Effect_Condition::isActive() const	0	static
../ffb-lib/src/ffb_parser.cpp:35:1:ffb::HidParser::HidParser(ffb::Calculator&, uint8_t)	4	static
../ffb-lib/src/ffb_parser.cpp:52:6:void ffb::HidParser::setActive(bool)	0	static
../ffb-lib/src/ffb_parser.cpp:57:6:void ffb::HidParser::setGain(uint8_t)	0	static
../ffb-lib/src/ffb_parser.cpp:61:6:void ffb::HidParser::resetAll()	16	static
../ffb-lib/src/ffb_parser.cpp:69:6:void ffb::HidParser::sendStatusReport()	8	static
../ffb-lib/src/ffb_parser.cpp:157:10:uint16_t ffb::HidParser::hidGet(uint8_t, uint8_t*, uint16_t)	0	static
C:/Users/raffi/STM32CubeIDE/workspace_1.16.0/g29-MB-Replacement/ffb-lib/include/ffb/ffb_effect.h:21:8:ffb::Effect::Effect()	16	static
../ffb-lib/src/ffb_parser.cpp:176:6:void ffb::HidParser::newEffect(const ffb::FFB_CreateNewEffect_Feature_Data_t*)	120	static
../ffb-lib/src/ffb_parser.cpp:197:6:void ffb::HidParser::controlCmd(uint8_t)	16	static
../ffb-lib/src/ffb_parser.cpp:209:6:void ffb::HidParser::setEffect(const ffb::FFB_SetEffect_t*)	32	static
../ffb-lib/src/ffb_parser.cpp:288:6:void ffb::HidParser::setCondition(const ffb::FFB_SetCondition_Data_t*)	24	static
../ffb-lib/src/ffb_parser.cpp:315:6:void ffb::HidParser::setEffectOperation(const ffb::FFB_EffOp_Data_t*)	16	static
../ffb-lib/src/ffb_parser.cpp:341:6:void ffb::HidParser::setEnvelope(const ffb::FFB_SetEnvelope_Data_t*)	0	static
../ffb-lib/src/ffb_parser.cpp:353:6:void ffb::HidParser::setRamp(const ffb::FFB_SetRamp_Data_t*)	0	static
../ffb-lib/src/ffb_parser.cpp:363:6:void ffb::HidParser::setConstantForce(const ffb::FFB_SetConstantForce_Data_t*)	0	static
../ffb-lib/src/ffb_parser.cpp:371:6:void ffb::HidParser::setPeriodic(const ffb::FFB_SetPeriodic_Data_t*)	0	static
../ffb-lib/src/ffb_parser.cpp:85:6:void ffb::HidParser::hidOut(uint8_t, const uint8_t*, uint16_t)	40	static
