../ffb-lib/src/ffb_axis_local_c.cpp:28:6:void ffb_axis_local_config_default(ffb_axis_local_config_t*)	40	static
../ffb-lib/src/ffb_axis_local_c.cpp:47:19:ffb_axis_local_t* ffb_axis_local_create(const ffb_axis_local_config_t*)	48	static
../ffb-lib/src/ffb_axis_local_c.cpp:72:9:int32_t ffb_axis_local_compute(ffb_axis_local_t*, const ffb_axis_state_t*, float, bool)	24	static
../ffb-lib/src/ffb_axis_local_c.cpp:83:6:void ffb_axis_local_set_samplerate(ffb_axis_local_t*, float)	8	static
../ffb-lib/src/ffb_axis_local_c.cpp:89:6:void ffb_axis_local_set_idle_spring(ffb_axis_local_t*, uint8_t)	8	static
../ffb-lib/src/ffb_axis_local_c.cpp:95:6:void ffb_axis_local_set_intensities(ffb_axis_local_t*, uint8_t, uint8_t, uint8_t, uint8_t)	0	static
