../Wheel/hardware_modules/hw_analog_input.c:27:21:Analog_INIT	0	static
../Wheel/hardware_modules/hw_analog_input.c:64:21:Pedals_INIT	0	static
../Wheel/hardware_modules/hw_analog_input.c:79:21:Pedals_GetState	0	static
../Wheel/hardware_modules/hw_analog_input.c:58:21:Analog_Stop	8	static
../Wheel/hardware_modules/hw_analog_input.c:50:21:Analog_Start_CONTINIOUS_SCAN_DMA	8	static
../Wheel/hardware_modules/hw_analog_input.c:73:21:Pedals_DeINIT	0	static
../Wheel/hardware_modules/hw_analog_input.c:39:21:Analog_DeINIT	8	static
