../Core/Src/main.c:494:13:MX_GPIO_Init	64	static
../Core/Src/main.c:470:13:MX_DMA_Init	16	static
../Core/Src/main.c:580:6:Error_Handler	0	static,ignoring_inline_asm
../Core/Src/main.c:262:13:MX_SPI2_Init	8	static
../Core/Src/main.c:427:13:MX_TIM4_Init	32	static
../Core/Src/main.c:179:13:MX_ADC1_Init	24	static
../Core/Src/main.c:379:13:MX_TIM3_Init	32	static
../Core/Src/main.c:300:13:MX_TIM1_Init	96	static
../Core/Src/main.c:131:6:SystemClock_Config	88	static
../Core/Src/main.c:81:5:main	8	static
