../Core/Src/stm32f1xx_hal_msp.c:70:6:HAL_MspInit	8	static
../Core/Src/stm32f1xx_hal_msp.c:97:6:HAL_ADC_MspInit	48	static
../Core/Src/stm32f1xx_hal_msp.c:156:6:HAL_ADC_MspDeInit	8	static
../Core/Src/stm32f1xx_hal_msp.c:192:6:HAL_SPI_MspInit	40	static
../Core/Src/stm32f1xx_hal_msp.c:266:6:HAL_SPI_MspDeInit	8	static
../Core/Src/stm32f1xx_hal_msp.c:299:6:HAL_TIM_Base_MspInit	24	static
../Core/Src/stm32f1xx_hal_msp.c:343:6:HAL_TIM_MspPostInit	32	static
../Core/Src/stm32f1xx_hal_msp.c:374:6:HAL_TIM_Base_MspDeInit	8	static
