../Wheel/app_usb_hid.c:125:16:app_usb_SOF_CB	0	static
../Wheel/app_usb_hid.c:208:16:app_usb_DataInStage_CB	4	static
../Wheel/app_usb_hid.c:240:16:app_usb_EP0_recieve_CB	16	static
../Wheel/app_usb_hid.c:223:16:app_usb_DataOutStage_CB	16	static
../Wheel/app_usb_hid.c:21:14:app_usb_hid_init	0	static
../Wheel/app_usb_hid.c:29:14:app_usb_start	8	static
../Wheel/app_usb_hid.c:37:14:app_usb_stop	0	static
../Wheel/app_usb_hid.c:47:6:app_usb_start_deferred_processing	8	static
../Wheel/app_usb_hid.c:61:6:app_usb_hid_send_report	16	static
../Wheel/app_usb_hid.c:143:9:USB_HID_PID_CTL_PARSER	24	static
