../Wheel/steeringwheel.c:91:13:init_wheel_handle	0	static
../Wheel/steeringwheel.c:180:13:configure_software_exti	0	static
../Wheel/steeringwheel.c:191:13:register_initialization_error	8	static
../Wheel/steeringwheel.c:136:13:init_analog	32	static
../Wheel/steeringwheel.c:101:13:init_buttons	32	static
../Wheel/steeringwheel.c:119:13:init_sensor	32	static
../Wheel/steeringwheel.c:158:13:init_motor_driver	48	static
../Wheel/steeringwheel.c:40:6:wheel_startup	16	static
../Wheel/steeringwheel.c:201:14:wheel_get_all_component_states	16	static
../Wheel/steeringwheel.c:221:6:HAL_GPIO_EXTI_Callback	8	static
../Wheel/steeringwheel.c:232:6:HAL_ADC_ConvCpltCallback	0	static
../Wheel/steeringwheel.c:237:6:HAL_SPI_TxRxCpltCallback	8	static
../Wheel/steeringwheel.c:247:6:HAL_TIM_PeriodElapsedCallback	8	static
