Archive member included to satisfy reference by file (symbol)

C:/Program Files/STMicroelectronics/STM32CubeIDE_1.16.0/STM32CubeIDE/plugins/com.st.stm32cube.ide.mcu.externaltools.gnu-tools-for-stm32.13.3.rel1.win32_1.0.0.202411081344/tools/bin/../lib/gcc/arm-none-eabi/13.3.1/../../../../arm-none-eabi/lib/thumb/v7-m/nofp\libm.a(libm_a-wf_pow.o)
                              ./ffb-lib/src/ffb_biquad.o (powf)
C:/Program Files/STMicroelectronics/STM32CubeIDE_1.16.0/STM32CubeIDE/plugins/com.st.stm32cube.ide.mcu.externaltools.gnu-tools-for-stm32.13.3.rel1.win32_1.0.0.202411081344/tools/bin/../lib/gcc/arm-none-eabi/13.3.1/../../../../arm-none-eabi/lib/thumb/v7-m/nofp\libm.a(libm_a-wf_sqrt.o)
                              ./ffb-lib/src/ffb_biquad.o (sqrtf)
C:/Program Files/STMicroelectronics/STM32CubeIDE_1.16.0/STM32CubeIDE/plugins/com.st.stm32cube.ide.mcu.externaltools.gnu-tools-for-stm32.13.3.rel1.win32_1.0.0.202411081344/tools/bin/../lib/gcc/arm-none-eabi/13.3.1/../../../../arm-none-eabi/lib/thumb/v7-m/nofp\libm.a(libm_a-sf_sin.o)
                              ./ffb-lib/src/ffb_axis_local.o (sinf)
C:/Program Files/STMicroelectronics/STM32CubeIDE_1.16.0/STM32CubeIDE/plugins/com.st.stm32cube.ide.mcu.externaltools.gnu-tools-for-stm32.13.3.rel1.win32_1.0.0.202411081344/tools/bin/../lib/gcc/arm-none-eabi/13.3.1/../../../../arm-none-eabi/lib/thumb/v7-m/nofp\libm.a(libm_a-sf_tan.o)
                              ./ffb-lib/src/ffb_biquad.o (tanf)
C:/Program Files/STMicroelectronics/STM32CubeIDE_1.16.0/STM32CubeIDE/plugins/com.st.stm32cube.ide.mcu.externaltools.gnu-tools-for-stm32.13.3.rel1.win32_1.0.0.202411081344/tools/bin/../lib/gcc/arm-none-eabi/13.3.1/../../../../arm-none-eabi/lib/thumb/v7-m/nofp\libm.a(libm_a-sf_finite.o)
                              C:/Program Files/STMicroelectronics/STM32CubeIDE_1.16.0/STM32CubeIDE/plugins/com.st.stm32cube.ide.mcu.externaltools.gnu-tools-for-stm32.13.3.rel1.win32_1.0.0.202411081344/tools/bin/../lib/gcc/arm-none-eabi/13.3.1/../../../../arm-none-eabi/lib/thumb/v7-m/nofp\libm.a(libm_a-wf_pow.o) (finitef)
C:/Program Files/STMicroelectronics/STM32CubeIDE_1.16.0/STM32CubeIDE/plugins/com.st.stm32cube.ide.mcu.externaltools.gnu-tools-for-stm32.13.3.rel1.win32_1.0.0.202411081344/tools/bin/../lib/gcc/arm-none-eabi/13.3.1/../../../../arm-none-eabi/lib/thumb/v7-m/nofp\libm.a(libm_a-ef_sqrt.o)
                              C:/Program Files/STMicroelectronics/STM32CubeIDE_1.16.0/STM32CubeIDE/plugins/com.st.stm32cube.ide.mcu.externaltools.gnu-tools-for-stm32.13.3.rel1.win32_1.0.0.202411081344/tools/bin/../lib/gcc/arm-none-eabi/13.3.1/../../../../arm-none-eabi/lib/thumb/v7-m/nofp\libm.a(libm_a-wf_sqrt.o) (__ieee754_sqrtf)
C:/Program Files/STMicroelectronics/STM32CubeIDE_1.16.0/STM32CubeIDE/plugins/com.st.stm32cube.ide.mcu.externaltools.gnu-tools-for-stm32.13.3.rel1.win32_1.0.0.202411081344/tools/bin/../lib/gcc/arm-none-eabi/13.3.1/../../../../arm-none-eabi/lib/thumb/v7-m/nofp\libm.a(libm_a-kf_cos.o)
                              C:/Program Files/STMicroelectronics/STM32CubeIDE_1.16.0/STM32CubeIDE/plugins/com.st.stm32cube.ide.mcu.externaltools.gnu-tools-for-stm32.13.3.rel1.win32_1.0.0.202411081344/tools/bin/../lib/gcc/arm-none-eabi/13.3.1/../../../../arm-none-eabi/lib/thumb/v7-m/nofp\libm.a(libm_a-sf_sin.o) (__kernel_cosf)
C:/Program Files/STMicroelectronics/STM32CubeIDE_1.16.0/STM32CubeIDE/plugins/com.st.stm32cube.ide.mcu.externaltools.gnu-tools-for-stm32.13.3.rel1.win32_1.0.0.202411081344/tools/bin/../lib/gcc/arm-none-eabi/13.3.1/../../../../arm-none-eabi/lib/thumb/v7-m/nofp\libm.a(libm_a-kf_sin.o)
                              C:/Program Files/STMicroelectronics/STM32CubeIDE_1.16.0/STM32CubeIDE/plugins/com.st.stm32cube.ide.mcu.externaltools.gnu-tools-for-stm32.13.3.rel1.win32_1.0.0.202411081344/tools/bin/../lib/gcc/arm-none-eabi/13.3.1/../../../../arm-none-eabi/lib/thumb/v7-m/nofp\libm.a(libm_a-sf_sin.o) (__kernel_sinf)
C:/Program Files/STMicroelectronics/STM32CubeIDE_1.16.0/STM32CubeIDE/plugins/com.st.stm32cube.ide.mcu.externaltools.gnu-tools-for-stm32.13.3.rel1.win32_1.0.0.202411081344/tools/bin/../lib/gcc/arm-none-eabi/13.3.1/../../../../arm-none-eabi/lib/thumb/v7-m/nofp\libm.a(libm_a-kf_tan.o)
                              C:/Program Files/STMicroelectronics/STM32CubeIDE_1.16.0/STM32CubeIDE/plugins/com.st.stm32cube.ide.mcu.externaltools.gnu-tools-for-stm32.13.3.rel1.win32_1.0.0.202411081344/tools/bin/../lib/gcc/arm-none-eabi/13.3.1/../../../../arm-none-eabi/lib/thumb/v7-m/nofp\libm.a(libm_a-sf_tan.o) (__kernel_tanf)
C:/Program Files/STMicroelectronics/STM32CubeIDE_1.16.0/STM32CubeIDE/plugins/com.st.stm32cube.ide.mcu.externaltools.gnu-tools-for-stm32.13.3.rel1.win32_1.0.0.202411081344/tools/bin/../lib/gcc/arm-none-eabi/13.3.1/../../../../arm-none-eabi/lib/thumb/v7-m/nofp\libm.a(libm_a-ef_pow.o)
[...]
Memory Configuration

Name             Origin             Length             Attributes
RAM              0x20000000         0x00005000         xrw
FLASH            0x08000000         0x00010000         xr
*default*        0x00000000         0xffffffff

Linker script and memory map

LOAD C:/Program Files/STMicroelectronics/STM32CubeIDE_1.16.0/STM32CubeIDE/plugins/com.st.stm32cube.ide.mcu.externaltools.gnu-tools-for-stm32.13.3.rel1.win32_1.0.0.202411081344/tools/bin/../lib/gcc/arm-none-eabi/13.3.1/thumb/v7-m/nofp/crti.o
LOAD C:/Program Files/STMicroelectronics/STM32CubeIDE_1.16.0/STM32CubeIDE/plugins/com.st.stm32cube.ide.mcu.externaltools.gnu-tools-for-stm32.13.3.rel1.win32_1.0.0.202411081344/tools/bin/../lib/gcc/arm-none-eabi/13.3.1/thumb/v7-m/nofp/crtbegin.o
LOAD C:/Program Files/STMicroelectronics/STM32CubeIDE_1.16.0/STM32CubeIDE/plugins/com.st.stm32cube.ide.mcu.externaltools.gnu-tools-for-stm32.13.3.rel1.win32_1.0.0.202411081344/tools/bin/../lib/gcc/arm-none-eabi/13.3.1/../../../../arm-none-eabi/lib/thumb/v7-m/nofp/crt0.o
LOAD ./Core/Src/main.o
LOAD ./Core/Src/stm32f1xx_hal_msp.o
LOAD ./Core/Src/stm32f1xx_it.o
LOAD ./Core/Src/syscalls.o
LOAD ./Core/Src/sysmem.o
LOAD ./Core/Src/system_stm32f1xx.o
LOAD ./Core/Startup/startup_stm32f103c8tx.o
LOAD ./Drivers/STM32F1xx_HAL_Driver/Src/stm32f1xx_hal.o
LOAD ./Drivers/STM32F1xx_HAL_Driver/Src/stm32f1xx_hal_adc.o
LOAD ./Drivers/STM32F1xx_HAL_Driver/Src/stm32f1xx_hal_adc_ex.o
LOAD ./Drivers/STM32F1xx_HAL_Driver/Src/stm32f1xx_hal_cortex.o
LOAD ./Drivers/STM32F1xx_HAL_Driver/Src/stm32f1xx_hal_dma.o
LOAD ./Drivers/STM32F1xx_HAL_Driver/Src/stm32f1xx_hal_exti.o
LOAD ./Drivers/STM32F1xx_HAL_Driver/Src/stm32f1xx_hal_flash.o
LOAD ./Drivers/STM32F1xx_HAL_Driver/Src/stm32f1xx_hal_flash_ex.o
LOAD ./Drivers/STM32F1xx_HAL_Driver/Src/stm32f1xx_hal_gpio.o
LOAD ./Drivers/STM32F1xx_HAL_Driver/Src/stm32f1xx_hal_gpio_ex.o
LOAD ./Drivers/STM32F1xx_HAL_Driver/Src/stm32f1xx_hal_pwr.o
LOAD ./Drivers/STM32F1xx_HAL_Driver/Src/stm32f1xx_hal_rcc.o
LOAD ./Drivers/STM32F1xx_HAL_Driver/Src/stm32f1xx_hal_rcc_ex.o
LOAD ./Drivers/STM32F1xx_HAL_Driver/Src/stm32f1xx_hal_spi.o
LOAD ./Drivers/STM32F1xx_HAL_Driver/Src/stm32f1xx_hal_tim.o
LOAD ./Drivers/STM32F1xx_HAL_Driver/Src/stm32f1xx_hal_tim_ex.o
LOAD ./Wheel/hardware_modules/hw_analog_input.o
LOAD ./Wheel/hardware_modules/hw_digital_input.o
LOAD ./Wheel/hardware_modules/hw_magnetometer.o
LOAD ./Wheel/hardware_modules/hw_motor_driver.o
LOAD ./Wheel/software_modules/sw_actuator.o
LOAD ./Wheel/software_modules/sw_buttons.o
LOAD ./Wheel/software_modules/sw_sensor.o
LOAD ./Wheel/software_modules/sw_shifter.o
LOAD ./Wheel/steeringwheel.o
LOAD ./Wheel/util.o
LOAD ./Wheel/usb/usb_callbacks.o
LOAD ./Wheel/usb/usb_descriptors.o
LOAD ./Wheel/usb/usb_processing.o
LOAD ./ffb-lib/src/ffb_axis_local.o
LOAD ./ffb-lib/src/ffb_axis_local_c.o
LOAD ./ffb-lib/src/ffb_biquad.o
LOAD ./ffb-lib/src/ffb_c.o
LOAD ./ffb-lib/src/ffb_calculator.o
LOAD ./ffb-lib/src/ffb_descriptor.o
LOAD ./ffb-lib/src/ffb_metrics.o
LOAD ./ffb-lib/src/ffb_metrics_c.o
LOAD ./ffb-lib/src/ffb_parser.o
LOAD ./tinyusb/src/class/hid/hid_device.o
LOAD ./tinyusb/src/class/hid/hid_host.o
LOAD ./tinyusb/src/common/tusb_fifo.o
LOAD ./tinyusb/src/device/usbd.o
LOAD ./tinyusb/src/host/hub.o
LOAD ./tinyusb/src/host/usbh.o
LOAD ./tinyusb/src/portable/st/stm32_fsdev/dcd_stm32_fsdev.o
LOAD ./tinyusb/src/portable/st/stm32_fsdev/fsdev_common.o
LOAD ./tinyusb/src/portable/st/stm32_fsdev/hcd_stm32_fsdev.o
LOAD ./tinyusb/src/portable/st/typec/typec_stm32.o
LOAD ./tinyusb/src/tusb.o
LOAD ./tinyusb/src/typec/usbc.o
START GROUP
LOAD C:/Program Files/STMicroelectronics/STM32CubeIDE_1.16.0/STM32CubeIDE/plugins/com.st.stm32cube.ide.mcu.externaltools.gnu-tools-for-stm32.13.3.rel1.win32_1.0.0.202411081344/tools/bin/../lib/gcc/arm-none-eabi/13.3.1/../../../../arm-none-eabi/lib/thumb/v7-m/nofp\libstdc++_nano.a
LOAD C:/Program Files/STMicroelectronics/STM32CubeIDE_1.16.0/STM32CubeIDE/plugins/com.st.stm32cube.ide.mcu.externaltools.gnu-tools-for-stm32.13.3.rel1.win32_1.0.0.202411081344/tools/bin/../lib/gcc/arm-none-eabi/13.3.1/../../../../arm-none-eabi/lib/thumb/v7-m/nofp\libsupc++_nano.a
END GROUP
LOAD C:/Program Files/STMicroelectronics/STM32CubeIDE_1.16.0/STM32CubeIDE/plugins/com.st.stm32cube.ide.mcu.externaltools.gnu-tools-for-stm32.13.3.rel1.win32_1.0.0.202411081344/tools/bin/../lib/gcc/arm-none-eabi/13.3.1/../../../../arm-none-eabi/lib/thumb/v7-m/nofp\libstdc++_nano.a
LOAD C:/Program Files/STMicroelectronics/STM32CubeIDE_1.16.0/STM32CubeIDE/plugins/com.st.stm32cube.ide.mcu.externaltools.gnu-tools-for-stm32.13.3.rel1.win32_1.0.0.202411081344/tools/bin/../lib/gcc/arm-none-eabi/13.3.1/../../../../arm-none-eabi/lib/thumb/v7-m/nofp\libm.a
LOAD C:/Program Files/STMicroelectronics/STM32CubeIDE_1.16.0/STM32CubeIDE/plugins/com.st.stm32cube.ide.mcu.externaltools.gnu-tools-for-stm32.13.3.rel1.win32_1.0.0.202411081344/tools/bin/../lib/gcc/arm-none-eabi/13.3.1/../../../../arm-none-eabi/lib/thumb/v7-m/nofp\libc_nano.a
START GROUP
LOAD C:/Program Files/STMicroelectronics/STM32CubeIDE_1.16.0/STM32CubeIDE/plugins/com.st.stm32cube.ide.mcu.externaltools.gnu-tools-for-stm32.13.3.rel1.win32_1.0.0.202411081344/tools/bin/../lib/gcc/arm-none-eabi/13.3.1/thumb/v7-m/nofp\libgcc.a
LOAD C:/Program Files/STMicroelectronics/STM32CubeIDE_1.16.0/STM32CubeIDE/plugins/com.st.stm32cube.ide.mcu.externaltools.gnu-tools-for-stm32.13.3.rel1.win32_1.0.0.202411081344/tools/bin/../lib/gcc/arm-none-eabi/13.3.1/../../../../arm-none-eabi/lib/thumb/v7-m/nofp\libc_nano.a
END GROUP
START GROUP
LOAD C:/Program Files/STMicroelectronics/STM32CubeIDE_1.16.0/STM32CubeIDE/plugins/com.st.stm32cube.ide.mcu.externaltools.gnu-tools-for-stm32.13.3.rel1.win32_1.0.0.202411081344/tools/bin/../lib/gcc/arm-none-eabi/13.3.1/thumb/v7-m/nofp\libgcc.a
LOAD C:/Program Files/STMicroelectronics/STM32CubeIDE_1.16.0/STM32CubeIDE/plugins/com.st.stm32cube.ide.mcu.externaltools.gnu-tools-for-stm32.13.3.rel1.win32_1.0.0.202411081344/tools/bin/../lib/gcc/arm-none-eabi/13.3.1/../../../../arm-none-eabi/lib/thumb/v7-m/nofp\libc_nano.a
LOAD C:/Program Files/STMicroelectronics/STM32CubeIDE_1.16.0/STM32CubeIDE/plugins/com.st.stm32cube.ide.mcu.externaltools.gnu-tools-for-stm32.13.3.rel1.win32_1.0.0.202411081344/tools/bin/../lib/gcc/arm-none-eabi/13.3.1/../../../../arm-none-eabi/lib/thumb/v7-m/nofp\libnosys.a
END GROUP
START GROUP
LOAD C:/Program Files/STMicroelectronics/STM32CubeIDE_1.16.0/STM32CubeIDE/plugins/com.st.stm32cube.ide.mcu.externaltools.gnu-tools-for-stm32.13.3.rel1.win32_1.0.0.202411081344/tools/bin/../lib/gcc/arm-none-eabi/13.3.1/thumb/v7-m/nofp\libgcc.a
LOAD C:/Program Files/STMicroelectronics/STM32CubeIDE_1.16.0/STM32CubeIDE/plugins/com.st.stm32cube.ide.mcu.externaltools.gnu-tools-for-stm32.13.3.rel1.win32_1.0.0.202411081344/tools/bin/../lib/gcc/arm-none-eabi/13.3.1/../../../../arm-none-eabi/lib/thumb/v7-m/nofp\libc_nano.a
LOAD C:/Program Files/STMicroelectronics/STM32CubeIDE_1.16.0/STM32CubeIDE/plugins/com.st.stm32cube.ide.mcu.externaltools.gnu-tools-for-stm32.13.3.rel1.win32_1.0.0.202411081344/tools/bin/../lib/gcc/arm-none-eabi/13.3.1/../../../../arm-none-eabi/lib/thumb/v7-m/nofp\libnosys.a
END GROUP
LOAD C:/Program Files/STMicroelectronics/STM32CubeIDE_1.16.0/STM32CubeIDE/plugins/com.st.stm32cube.ide.mcu.externaltools.gnu-tools-for-stm32.13.3.rel1.win32_1.0.0.202411081344/tools/bin/../lib/gcc/arm-none-eabi/13.3.1/thumb/v7-m/nofp/crtend.o
LOAD C:/Program Files/STMicroelectronics/STM32CubeIDE_1.16.0/STM32CubeIDE/plugins/com.st.stm32cube.ide.mcu.externaltools.gnu-tools-for-stm32.13.3.rel1.win32_1.0.0.202411081344/tools/bin/../lib/gcc/arm-none-eabi/13.3.1/thumb/v7-m/nofp/crtn.o
                0x20005000                        _estack = (ORIGIN (RAM) + LENGTH (RAM))
                0x00000200                        _Min_Heap_Size = 0x200
                0x00000400                        _Min_Stack_Size = 0x400

.isr_vector     0x08000000      0x10c
                0x08000000                        . = ALIGN (0x4)
 *(.isr_vector)
 .isr_vector    0x08000000      0x10c ./Core/Startup/startup_stm32f103c8tx.o
                0x08000000                g_pfnVectors
                0x0800010c                        . = ALIGN (0x4)

.text           0x0800010c     0xaa9c
                0x0800010c                        . = ALIGN (0x4)
 *(.text)
 .text          0x0800010c       0x40 C:/Program Files/STMicroelectronics/STM32CubeIDE_1.16.0/STM32CubeIDE/plugins/com.st.stm32cube.ide.mcu.externaltools.gnu-tools-for-stm32.13.3.rel1.win32_1.0.0.202411081344/tools/bin/../lib/gcc/arm-none-eabi/13.3.1/thumb/v7-m/nofp/crtbegin.o
 .text          0x0800014c       0x10 C:/Program Files/STMicroelectronics/STM32CubeIDE_1.16.0/STM32CubeIDE/plugins/com.st.stm32cube.ide.mcu.externaltools.gnu-tools-for-stm32.13.3.rel1.win32_1.0.0.202411081344/tools/bin/../lib/gcc/arm-none-eabi/13.3.1/../../../../arm-none-eabi/lib/thumb/v7-m/nofp\libc_nano.a(libc_a-strlen.o)
                0x0800014c                strlen
 .text          0x0800015c      0x21c C:/Program Files/STMicroelectronics/STM32CubeIDE_1.16.0/STM32CubeIDE/plugins/com.st.stm32cube.ide.mcu.externaltools.gnu-tools-for-stm32.13.3.rel1.win32_1.0.0.202411081344/tools/bin/../lib/gcc/arm-none-eabi/13.3.1/thumb/v7-m/nofp\libgcc.a(_arm_addsubsf3.o)
                0x0800015c                __aeabi_frsub
                0x08000164                __subsf3
                0x08000164                __aeabi_fsub
                0x08000168                __aeabi_fadd
                0x08000168                __addsf3
                0x080002c8                __aeabi_ui2f
                0x080002c8                __floatunsisf
                0x080002d0                __aeabi_i2f
                0x080002d0                __floatsisf
                0x080002ec                __aeabi_ul2f
                0x080002ec                __floatundisf
                0x080002fc                __aeabi_l2f
                0x080002fc                __floatdisf
 .text          0x08000378      0x2a0 C:/Program Files/STMicroelectronics/STM32CubeIDE_1.16.0/STM32CubeIDE/plugins/com.st.stm32cube.ide.mcu.externaltools.gnu-tools-for-stm32.13.3.rel1.win32_1.0.0.202411081344/tools/bin/../lib/gcc/arm-none-eabi/13.3.1/thumb/v7-m/nofp\libgcc.a(_arm_muldivsf3.o)
                0x08000378                __mulsf3
                0x08000378                __aeabi_fmul
                0x080004e0                __aeabi_fdiv
                0x080004e0                __divsf3
 .text          0x08000618       0xec C:/Program Files/STMicroelectronics/STM32CubeIDE_1.16.0/STM32CubeIDE/plugins/com.st.stm32cube.ide.mcu.externaltools.gnu-tools-for-stm32.13.3.rel1.win32_1.0.0.202411081344/tools/bin/../lib/gcc/arm-none-eabi/13.3.1/thumb/v7-m/nofp\libgcc.a(_arm_cmpsf2.o)
                0x08000618                __gesf2
                0x08000618                __gtsf2
                0x08000620                __lesf2
                0x08000620                __ltsf2
                0x08000628                __nesf2
                0x08000628                __eqsf2
                0x08000628                __cmpsf2
                0x08000688                __aeabi_cfrcmple
                0x08000690                __aeabi_cfcmpeq
                0x08000690                __aeabi_cfcmple
                0x080006a0                __aeabi_fcmpeq
                0x080006b4                __aeabi_fcmplt
                0x080006c8                __aeabi_fcmple
                0x080006dc                __aeabi_fcmpge
                0x080006f0                __aeabi_fcmpgt
 .text          0x08000704       0x2c C:/Program Files/STMicroelectronics/STM32CubeIDE_1.16.0/STM32CubeIDE/plugins/com.st.stm32cube.ide.mcu.externaltools.gnu-tools-for-stm32.13.3.rel1.win32_1.0.0.202411081344/tools/bin/../lib/gcc/arm-none-eabi/13.3.1/thumb/v7-m/nofp\libgcc.a(_arm_unordsf2.o)
                0x08000704                __unordsf2
                0x08000704                __aeabi_fcmpun
 .text          0x08000730       0x4c C:/Program Files/STMicroelectronics/STM32CubeIDE_1.16.0/STM32CubeIDE/plugins/com.st.stm32cube.ide.mcu.externaltools.gnu-tools-for-stm32.13.3.rel1.win32_1.0.0.202411081344/tools/bin/../lib/gcc/arm-none-eabi/13.3.1/thumb/v7-m/nofp\libgcc.a(_arm_fixsfsi.o)
                0x08000730                __aeabi_f2iz
                0x08000730                __fixsfsi
 .text          0x0800077c       0x40 C:/Program Files/STMicroelectronics/STM32CubeIDE_1.16.0/STM32CubeIDE/plugins/com.st.stm32cube.ide.mcu.externaltools.gnu-tools-for-stm32.13.3.rel1.win32_1.0.0.202411081344/tools/bin/../lib/gcc/arm-none-eabi/13.3.1/thumb/v7-m/nofp\libgcc.a(_arm_fixunssfsi.o)
                0x0800077c                __fixunssfsi
                0x0800077c                __aeabi_f2uiz
 *(.text*)
 .text.SystemClock_Config
                0x080007bc       0x84 ./Core/Src/main.o
                0x080007bc                SystemClock_Config
 .text.startup.main
                0x08000840      0x4f0 ./Core/Src/main.o
                0x08000840                main
 .text.Error_Handler
                0x08000d30        0x4 ./Core/Src/main.o
                0x08000d30                Error_Handler
 .text.HAL_MspInit
                0x08000d34       0x44 ./Core/Src/stm32f1xx_hal_msp.o
                0x08000d34                HAL_MspInit
 .text.HAL_ADC_MspInit
                0x08000d78       0xcc ./Core/Src/stm32f1xx_hal_msp.o
                0x08000d78                HAL_ADC_MspInit
 .text.HAL_SPI_MspInit
                0x08000e44       0xf8 ./Core/Src/stm32f1xx_hal_msp.o
                0x08000e44                HAL_SPI_MspInit
 .text.HAL_TIM_Base_MspInit
                0x08000f3c       0xac ./Core/Src/stm32f1xx_hal_msp.o
                0x08000f3c                HAL_TIM_Base_MspInit
 .text.HAL_TIM_MspPostInit
                0x08000fe8       0x5c ./Core/Src/stm32f1xx_hal_msp.o
                0x08000fe8                HAL_TIM_MspPostInit
 .text.NMI_Handler
                0x08001044        0x4 ./Core/Src/stm32f1xx_it.o
                0x08001044                NMI_Handler
 .text.HardFault_Handler
                0x08001048        0x4 ./Core/Src/stm32f1xx_it.o
                0x08001048                HardFault_Handler
 .text.MemManage_Handler
                0x0800104c        0x4 ./Core/Src/stm32f1xx_it.o
                0x0800104c                MemManage_Handler
 .text.BusFault_Handler
                0x08001050        0x4 ./Core/Src/stm32f1xx_it.o
                0x08001050                BusFault_Handler
 .text.UsageFault_Handler
                0x08001054        0x4 ./Core/Src/stm32f1xx_it.o
                0x08001054                UsageFault_Handler
 .text.SVC_Handler
                0x08001058        0x4 ./Core/Src/stm32f1xx_it.o
                0x08001058                SVC_Handler
 .text.DebugMon_Handler
                0x0800105c        0x4 ./Core/Src/stm32f1xx_it.o
                0x0800105c                DebugMon_Handler
 .text.PendSV_Handler
                0x08001060        0x4 ./Core/Src/stm32f1xx_it.o
                0x08001060                PendSV_Handler
 .text.SysTick_Handler
                0x08001064        0x4 ./Core/Src/stm32f1xx_it.o
                0x08001064                SysTick_Handler
 .text.EXTI0_IRQHandler
                0x08001068        0x8 ./Core/Src/stm32f1xx_it.o
                0x08001068                EXTI0_IRQHandler
 .text.EXTI1_IRQHandler
                0x08001070        0x8 ./Core/Src/stm32f1xx_it.o
                0x08001070                EXTI1_IRQHandler
 .text.DMA1_Channel1_IRQHandler
                0x08001078        0xc ./Core/Src/stm32f1xx_it.o
                0x08001078                DMA1_Channel1_IRQHandler
 .text.DMA1_Channel4_IRQHandler
                0x08001084        0xc ./Core/Src/stm32f1xx_it.o
                0x08001084                DMA1_Channel4_IRQHandler
 .text.DMA1_Channel5_IRQHandler
                0x08001090        0xc ./Core/Src/stm32f1xx_it.o
                0x08001090                DMA1_Channel5_IRQHandler
 .text.TIM3_IRQHandler
                0x0800109c        0xc ./Core/Src/stm32f1xx_it.o
                0x0800109c                TIM3_IRQHandler
 .text.TIM4_IRQHandler
                0x080010a8        0xc ./Core/Src/stm32f1xx_it.o
                0x080010a8                TIM4_IRQHandler
 .text.USB_HP_CAN1_TX_IRQHandler
                0x080010b4        0x8 ./Core/Src/stm32f1xx_it.o
                0x080010b4                USB_HP_CAN1_TX_IRQHandler
 .text.USB_LP_CAN1_RX0_IRQHandler
                0x080010bc        0x8 ./Core/Src/stm32f1xx_it.o
                0x080010bc                USB_LP_CAN1_RX0_IRQHandler
 .text.SystemInit
                0x080010c4        0x4 ./Core/Src/system_stm32f1xx.o
                0x080010c4                SystemInit
 .text.Reset_Handler
                0x080010c8       0x48 ./Core/Startup/startup_stm32f103c8tx.o
                0x080010c8                Reset_Handler
 .text.Default_Handler
                0x08001110        0x2 ./Core/Startup/startup_stm32f103c8tx.o
                0x08001110                RTC_Alarm_IRQHandler
                0x08001110                EXTI2_IRQHandler
                0x08001110                TIM1_CC_IRQHandler
                0x08001110                PVD_IRQHandler
                0x08001110                EXTI3_IRQHandler
                0x08001110                I2C2_EV_IRQHandler
                0x08001110                ADC1_2_IRQHandler
                0x08001110                SPI1_IRQHandler
                0x08001110                TAMPER_IRQHandler
                0x08001110                USART3_IRQHandler
                0x08001110                RTC_IRQHandler
                0x08001110                DMA1_Channel7_IRQHandler
                0x08001110                CAN1_RX1_IRQHandler
                0x08001110                I2C1_EV_IRQHandler
                0x08001110                DMA1_Channel6_IRQHandler
                0x08001110                RCC_IRQHandler
                0x08001110                TIM1_TRG_COM_IRQHandler
                0x08001110                Default_Handler
                0x08001110                EXTI15_10_IRQHandler
                0x08001110                EXTI9_5_IRQHandler
                0x08001110                SPI2_IRQHandler
                0x08001110                EXTI4_IRQHandler
                0x08001110                DMA1_Channel3_IRQHandler
                0x08001110                TIM1_UP_IRQHandler
                0x08001110                WWDG_IRQHandler
                0x08001110                TIM2_IRQHandler
                0x08001110                TIM1_BRK_IRQHandler
                0x08001110                USART2_IRQHandler
                0x08001110                I2C2_ER_IRQHandler
                0x08001110                DMA1_Channel2_IRQHandler
                0x08001110                CAN1_SCE_IRQHandler
                0x08001110                FLASH_IRQHandler
                0x08001110                USART1_IRQHandler
                0x08001110                I2C1_ER_IRQHandler
                0x08001110                USBWakeUp_IRQHandler
 *fill*         0x08001112        0x2 
 .text.HAL_InitTick
                0x08001114       0x50 ./Drivers/STM32F1xx_HAL_Driver/Src/stm32f1xx_hal.o
                0x08001114                HAL_InitTick
 .text.HAL_Init
                0x08001164       0x28 ./Drivers/STM32F1xx_HAL_Driver/Src/stm32f1xx_hal.o
                0x08001164                HAL_Init
 .text.HAL_IncTick
                0x0800118c       0x1c ./Drivers/STM32F1xx_HAL_Driver/Src/stm32f1xx_hal.o
                0x0800118c                HAL_IncTick
 .text.HAL_GetTick
                0x080011a8        0xc ./Drivers/STM32F1xx_HAL_Driver/Src/stm32f1xx_hal.o
                0x080011a8                HAL_GetTick
 .text.HAL_Delay
                0x080011b4       0x28 ./Drivers/STM32F1xx_HAL_Driver/Src/stm32f1xx_hal.o
                0x080011b4                HAL_Delay
 .text.HAL_ADC_Init
                0x080011dc      0x184 ./Drivers/STM32F1xx_HAL_Driver/Src/stm32f1xx_hal_adc.o
                0x080011dc                HAL_ADC_Init
 .text.HAL_ADC_Stop_DMA
                0x08001360       0x94 ./Drivers/STM32F1xx_HAL_Driver/Src/stm32f1xx_hal_adc.o
                0x08001360                HAL_ADC_Stop_DMA
 .text.ADC_DMAConvCplt
                0x080013f4       0x50 ./Drivers/STM32F1xx_HAL_Driver/Src/stm32f1xx_hal_adc.o
                0x080013f4                ADC_DMAConvCplt
 .text.HAL_ADC_ConvHalfCpltCallback
                0x08001444        0x4 ./Drivers/STM32F1xx_HAL_Driver/Src/stm32f1xx_hal_adc.o
                0x08001444                HAL_ADC_ConvHalfCpltCallback
 .text.ADC_DMAHalfConvCplt
                0x08001448        0xc ./Drivers/STM32F1xx_HAL_Driver/Src/stm32f1xx_hal_adc.o
                0x08001448                ADC_DMAHalfConvCplt
 .text.HAL_ADC_ErrorCallback
                0x08001454        0x4 ./Drivers/STM32F1xx_HAL_Driver/Src/stm32f1xx_hal_adc.o
                0x08001454                HAL_ADC_ErrorCallback
 .text.ADC_DMAError
                0x08001458       0x1c ./Drivers/STM32F1xx_HAL_Driver/Src/stm32f1xx_hal_adc.o
                0x08001458                ADC_DMAError
 .text.HAL_ADC_ConfigChannel
                0x08001474      0x130 ./Drivers/STM32F1xx_HAL_Driver/Src/stm32f1xx_hal_adc.o
                0x08001474                HAL_ADC_ConfigChannel
 .text.ADC_Enable
                0x080015a4       0x8c ./Drivers/STM32F1xx_HAL_Driver/Src/stm32f1xx_hal_adc.o
                0x080015a4                ADC_Enable
 .text.HAL_ADC_Start_DMA
                0x08001630      0x12c ./Drivers/STM32F1xx_HAL_Driver/Src/stm32f1xx_hal_adc.o
                0x08001630                HAL_ADC_Start_DMA
 .text.HAL_NVIC_SetPriorityGrouping
                0x0800175c       0x28 ./Drivers/STM32F1xx_HAL_Driver/Src/stm32f1xx_hal_cortex.o
                0x0800175c                HAL_NVIC_SetPriorityGrouping
 .text.HAL_NVIC_SetPriority
                0x08001784       0x7c ./Drivers/STM32F1xx_HAL_Driver/Src/stm32f1xx_hal_cortex.o
                0x08001784                HAL_NVIC_SetPriority
 .text.HAL_NVIC_EnableIRQ
                0x08001800       0x1c ./Drivers/STM32F1xx_HAL_Driver/Src/stm32f1xx_hal_cortex.o
                0x08001800                HAL_NVIC_EnableIRQ
 .text.HAL_SYSTICK_Config
                0x0800181c       0x34 ./Drivers/STM32F1xx_HAL_Driver/Src/stm32f1xx_hal_cortex.o
                0x0800181c                HAL_SYSTICK_Config
 .text.HAL_DMA_Init
                0x08001850       0x78 ./Drivers/STM32F1xx_HAL_Driver/Src/stm32f1xx_hal_dma.o
                0x08001850                HAL_DMA_Init
 .text.HAL_DMA_Start_IT
                0x080018c8       0x84 ./Drivers/STM32F1xx_HAL_Driver/Src/stm32f1xx_hal_dma.o
                0x080018c8                HAL_DMA_Start_IT
 .text.HAL_DMA_Abort
                0x0800194c       0x48 ./Drivers/STM32F1xx_HAL_Driver/Src/stm32f1xx_hal_dma.o
                0x0800194c                HAL_DMA_Abort
 .text.HAL_DMA_IRQHandler
                0x08001994      0x160 ./Drivers/STM32F1xx_HAL_Driver/Src/stm32f1xx_hal_dma.o
                0x08001994                HAL_DMA_IRQHandler
 .text.HAL_GPIO_Init
                0x08001af4      0x478 ./Drivers/STM32F1xx_HAL_Driver/Src/stm32f1xx_hal_gpio.o
                0x08001af4                HAL_GPIO_Init
 .text.HAL_GPIO_ReadPin
                0x08001f6c        0xc ./Drivers/STM32F1xx_HAL_Driver/Src/stm32f1xx_hal_gpio.o
                0x08001f6c                HAL_GPIO_ReadPin
 .text.HAL_GPIO_WritePin
                0x08001f78        0x8 ./Drivers/STM32F1xx_HAL_Driver/Src/stm32f1xx_hal_gpio.o
                0x08001f78                HAL_GPIO_WritePin
 .text.HAL_GPIO_EXTI_IRQHandler
                0x08001f80       0x1c ./Drivers/STM32F1xx_HAL_Driver/Src/stm32f1xx_hal_gpio.o
                0x08001f80                HAL_GPIO_EXTI_IRQHandler
 .text.HAL_RCC_OscConfig
                0x08001f9c      0x460 ./Drivers/STM32F1xx_HAL_Driver/Src/stm32f1xx_hal_rcc.o
                0x08001f9c                HAL_RCC_OscConfig
 .text.HAL_RCC_ClockConfig
                0x080023fc      0x1dc ./Drivers/STM32F1xx_HAL_Driver/Src/stm32f1xx_hal_rcc.o
                0x080023fc                HAL_RCC_ClockConfig
 .text.HAL_RCCEx_PeriphCLKConfig
                0x080025d8      0x118 ./Drivers/STM32F1xx_HAL_Driver/Src/stm32f1xx_hal_rcc_ex.o
                0x080025d8                HAL_RCCEx_PeriphCLKConfig
 .text.SPI_WaitFlagStateUntilTimeout
                0x080026f0       0xd8 ./Drivers/STM32F1xx_HAL_Driver/Src/stm32f1xx_hal_spi.o
 .text.SPI_WaitFlagStateUntilTimeout.constprop.0
                0x080027c8       0xd4 ./Drivers/STM32F1xx_HAL_Driver/Src/stm32f1xx_hal_spi.o
 .text.HAL_SPI_Init
                0x0800289c       0xbc ./Drivers/STM32F1xx_HAL_Driver/Src/stm32f1xx_hal_spi.o
                0x0800289c                HAL_SPI_Init
 .text.HAL_SPI_Transmit
                0x08002958      0x224 ./Drivers/STM32F1xx_HAL_Driver/Src/stm32f1xx_hal_spi.o
                0x08002958                HAL_SPI_Transmit
 .text.HAL_SPI_TransmitReceive_DMA
                0x08002b7c      0x124 ./Drivers/STM32F1xx_HAL_Driver/Src/stm32f1xx_hal_spi.o
                0x08002b7c                HAL_SPI_TransmitReceive_DMA
 .text.HAL_SPI_RxCpltCallback
                0x08002ca0        0x4 ./Drivers/STM32F1xx_HAL_Driver/Src/stm32f1xx_hal_spi.o
                0x08002ca0                HAL_SPI_RxCpltCallback
 .text.HAL_SPI_RxHalfCpltCallback
                0x08002ca4        0x4 ./Drivers/STM32F1xx_HAL_Driver/Src/stm32f1xx_hal_spi.o
                0x08002ca4                HAL_SPI_RxHalfCpltCallback
 .text.SPI_DMAHalfReceiveCplt
                0x08002ca8        0xc ./Drivers/STM32F1xx_HAL_Driver/Src/stm32f1xx_hal_spi.o
 .text.HAL_SPI_TxRxHalfCpltCallback
                0x08002cb4        0x4 ./Drivers/STM32F1xx_HAL_Driver/Src/stm32f1xx_hal_spi.o
                0x08002cb4                HAL_SPI_TxRxHalfCpltCallback
 .text.SPI_DMAHalfTransmitReceiveCplt
                0x08002cb8        0xc ./Drivers/STM32F1xx_HAL_Driver/Src/stm32f1xx_hal_spi.o
 .text.HAL_SPI_ErrorCallback
                0x08002cc4        0x4 ./Drivers/STM32F1xx_HAL_Driver/Src/stm32f1xx_hal_spi.o
                0x08002cc4                HAL_SPI_ErrorCallback
 .text.SPI_DMAError
                0x08002cc8       0x24 ./Drivers/STM32F1xx_HAL_Driver/Src/stm32f1xx_hal_spi.o
 .text.SPI_DMAReceiveCplt
                0x08002cec       0xb8 ./Drivers/STM32F1xx_HAL_Driver/Src/stm32f1xx_hal_spi.o
 .text.SPI_DMATransmitReceiveCplt
                0x08002da4       0x78 ./Drivers/STM32F1xx_HAL_Driver/Src/stm32f1xx_hal_spi.o
 .text.HAL_TIM_Base_Init
                0x08002e1c       0xec ./Drivers/STM32F1xx_HAL_Driver/Src/stm32f1xx_hal_tim.o
                0x08002e1c                HAL_TIM_Base_Init
 .text.HAL_TIM_Base_Start_IT
                0x08002f08       0x5c ./Drivers/STM32F1xx_HAL_Driver/Src/stm32f1xx_hal_tim.o
                0x08002f08                HAL_TIM_Base_Start_IT
 .text.HAL_TIM_Base_Stop_IT
                0x08002f64       0x34 ./Drivers/STM32F1xx_HAL_Driver/Src/stm32f1xx_hal_tim.o
                0x08002f64                HAL_TIM_Base_Stop_IT
 .text.HAL_TIM_PWM_MspInit
                0x08002f98        0x4 ./Drivers/STM32F1xx_HAL_Driver/Src/stm32f1xx_hal_tim.o
                0x08002f98                HAL_TIM_PWM_MspInit
 .text.HAL_TIM_PWM_Init
                0x08002f9c       0xec ./Drivers/STM32F1xx_HAL_Driver/Src/stm32f1xx_hal_tim.o
                0x08002f9c                HAL_TIM_PWM_Init
 .text.HAL_TIM_PWM_Start
                0x08003088       0xb0 ./Drivers/STM32F1xx_HAL_Driver/Src/stm32f1xx_hal_tim.o
                0x08003088                HAL_TIM_PWM_Start
 .text.HAL_TIM_PWM_Stop
                0x08003138       0x8c ./Drivers/STM32F1xx_HAL_Driver/Src/stm32f1xx_hal_tim.o
                0x08003138                HAL_TIM_PWM_Stop
 .text.HAL_TIM_PWM_ConfigChannel
                0x080031c4      0x200 ./Drivers/STM32F1xx_HAL_Driver/Src/stm32f1xx_hal_tim.o
                0x080031c4                HAL_TIM_PWM_ConfigChannel
 .text.HAL_TIM_ConfigClockSource
                0x080033c4      0x154 ./Drivers/STM32F1xx_HAL_Driver/Src/stm32f1xx_hal_tim.o
                0x080033c4                HAL_TIM_ConfigClockSource
 .text.HAL_TIM_OC_DelayElapsedCallback
                0x08003518        0x4 ./Drivers/STM32F1xx_HAL_Driver/Src/stm32f1xx_hal_tim.o
                0x08003518                HAL_TIM_OC_DelayElapsedCallback
 .text.HAL_TIM_IC_CaptureCallback
                0x0800351c        0x4 ./Drivers/STM32F1xx_HAL_Driver/Src/stm32f1xx_hal_tim.o
                0x0800351c                HAL_TIM_IC_CaptureCallback
 .text.HAL_TIM_PWM_PulseFinishedCallback
                0x08003520        0x4 ./Drivers/STM32F1xx_HAL_Driver/Src/stm32f1xx_hal_tim.o
                0x08003520                HAL_TIM_PWM_PulseFinishedCallback
 .text.HAL_TIM_TriggerCallback
                0x08003524        0x4 ./Drivers/STM32F1xx_HAL_Driver/Src/stm32f1xx_hal_tim.o
                0x08003524                HAL_TIM_TriggerCallback
 .text.HAL_TIM_IRQHandler
                0x08003528      0x138 ./Drivers/STM32F1xx_HAL_Driver/Src/stm32f1xx_hal_tim.o
                0x08003528                HAL_TIM_IRQHandler
 .text.HAL_TIMEx_MasterConfigSynchronization
                0x08003660       0x6c ./Drivers/STM32F1xx_HAL_Driver/Src/stm32f1xx_hal_tim_ex.o
                0x08003660                HAL_TIMEx_MasterConfigSynchronization
 .text.HAL_TIMEx_ConfigBreakDeadTime
                0x080036cc       0x54 ./Drivers/STM32F1xx_HAL_Driver/Src/stm32f1xx_hal_tim_ex.o
                0x080036cc                HAL_TIMEx_ConfigBreakDeadTime
 .text.HAL_TIMEx_CommutCallback
                0x08003720        0x4 ./Drivers/STM32F1xx_HAL_Driver/Src/stm32f1xx_hal_tim_ex.o
                0x08003720                HAL_TIMEx_CommutCallback
 .text.HAL_TIMEx_BreakCallback
                0x08003724        0x4 ./Drivers/STM32F1xx_HAL_Driver/Src/stm32f1xx_hal_tim_ex.o
                0x08003724                HAL_TIMEx_BreakCallback
 .text.Analog_INIT
                0x08003728       0x14 ./Wheel/hardware_modules/hw_analog_input.o
 .text.Pedals_INIT
                0x0800373c       0x10 ./Wheel/hardware_modules/hw_analog_input.o
 .text.Pedals_GetState
                0x0800374c       0x20 ./Wheel/hardware_modules/hw_analog_input.o
 .text.Analog_Stop
                0x0800376c        0xc ./Wheel/hardware_modules/hw_analog_input.o
 .text.Analog_Start_CONTINIOUS_SCAN_DMA
                0x08003778       0x18 ./Wheel/hardware_modules/hw_analog_input.o
 .text.Pedals_DeINIT
                0x08003790        0x8 ./Wheel/hardware_modules/hw_analog_input.o
 .text.Analog_DeINIT
                0x08003798       0x20 ./Wheel/hardware_modules/hw_analog_input.o
 .text.DigitalInput_ReadState
                0x080037b8       0x6c ./Wheel/hardware_modules/hw_digital_input.o
 .text.DigitalInput_DeINIT
                0x08003824       0x10 ./Wheel/hardware_modules/hw_digital_input.o
 .text.DigitalInput_INIT
                0x08003834       0x2c ./Wheel/hardware_modules/hw_digital_input.o
 .text.MLX90363_Stop_TIM_POLL
                0x08003860       0x10 ./Wheel/hardware_modules/hw_magnetometer.o
 .text.MLX90363_INIT
                0x08003870       0x38 ./Wheel/hardware_modules/hw_magnetometer.o
 .text.MLX90363_DeINIT
                0x080038a8       0x1c ./Wheel/hardware_modules/hw_magnetometer.o
 .text.MLX90363_TxRxDone_CB
                0x080038c4       0xc0 ./Wheel/hardware_modules/hw_magnetometer.o
 .text.MLX90363_TransmitRecieve_DMA
                0x08003984       0x3c ./Wheel/hardware_modules/hw_magnetometer.o
 .text.MLX90363_Start_TIM_POLL
                0x080039c0       0x9c ./Wheel/hardware_modules/hw_magnetometer.o
 .text.MotorDriver_Coast
                0x08003a5c       0x2c ./Wheel/hardware_modules/hw_motor_driver.o
 .text.MotorDriver_Drive_Left
                0x08003a88       0x38 ./Wheel/hardware_modules/hw_motor_driver.o
 .text.MotorDriver_DeINIT
                0x08003ac0       0x3c ./Wheel/hardware_modules/hw_motor_driver.o
 .text.MotorDriver_INIT
                0x08003afc       0x7c ./Wheel/hardware_modules/hw_motor_driver.o
 .text.MotorDriver_Drive_Right
                0x08003b78       0x38 ./Wheel/hardware_modules/hw_motor_driver.o
 .text.Actuator_INIT
                0x08003bb0       0x14 ./Wheel/software_modules/sw_actuator.o
 .text.Actuator_DeINIT
                0x08003bc4       0x14 ./Wheel/software_modules/sw_actuator.o
 .text.Actuator_Apply_Force
                0x08003bd8       0x3c ./Wheel/software_modules/sw_actuator.o
 .text.Buttons_GetState
                0x08003c14      0x278 ./Wheel/software_modules/sw_buttons.o
 .text.Buttons_TIM_POLL_CB
                0x08003e8c      0x168 ./Wheel/software_modules/sw_buttons.o
 .text.Buttons_Stop_TIM_POLL
                0x08003ff4       0x10 ./Wheel/software_modules/sw_buttons.o
 .text.Buttons_Start_TIM_POLL
                0x08004004       0x10 ./Wheel/software_modules/sw_buttons.o
 .text.Buttons_INIT
                0x08004014       0x20 ./Wheel/software_modules/sw_buttons.o
 .text.Buttons_DeINIT
                0x08004034       0x18 ./Wheel/software_modules/sw_buttons.o
 .text.Sensor_INIT
                0x0800404c       0x20 ./Wheel/software_modules/sw_sensor.o
 .text.Sensor_Update
                0x0800406c       0x44 ./Wheel/software_modules/sw_sensor.o
 .text.Sensor_GetAxis
                0x080040b0       0xa4 ./Wheel/software_modules/sw_sensor.o
 .text.Sensor_DeINIT
                0x08004154       0x18 ./Wheel/software_modules/sw_sensor.o
 .text.Shifter_getSpeed
                0x0800416c       0x9c ./Wheel/software_modules/sw_shifter.o
 .text.Shifter_DeINIT
                0x08004208       0x28 ./Wheel/software_modules/sw_shifter.o
 .text.Shifter_INIT
                0x08004230       0x34 ./Wheel/software_modules/sw_shifter.o
 .text.wheel_startup
                0x08004264      0x538 ./Wheel/steeringwheel.o
                0x08004264                wheel_startup
 .text.wheel_get_all_component_states
                0x0800479c       0x4c ./Wheel/steeringwheel.o
                0x0800479c                wheel_get_all_component_states
 .text.HAL_GPIO_EXTI_Callback
                0x080047e8       0x14 ./Wheel/steeringwheel.o
                0x080047e8                HAL_GPIO_EXTI_Callback
 .text.HAL_ADC_ConvCpltCallback
                0x080047fc        0x4 ./Wheel/steeringwheel.o
                0x080047fc                HAL_ADC_ConvCpltCallback
 .text.HAL_SPI_TxRxCpltCallback
                0x08004800       0x28 ./Wheel/steeringwheel.o
                0x08004800                HAL_SPI_TxRxCpltCallback
 .text.HAL_TIM_PeriodElapsedCallback
                0x08004828       0x3c ./Wheel/steeringwheel.o
                0x08004828                HAL_TIM_PeriodElapsedCallback
 .text.remapf   0x08004864       0x50 ./Wheel/util.o
                0x08004864                remapf
 .text.clamp    0x080048b4       0x28 ./Wheel/util.o
                0x080048b4                clamp
 .text.tud_mount_cb
                0x080048dc       0x10 ./Wheel/usb/usb_callbacks.o
                0x080048dc                tud_mount_cb
 .text.tud_resume_cb
                0x080048ec       0x10 ./Wheel/usb/usb_callbacks.o
                0x080048ec                tud_resume_cb
 .text.tud_umount_cb
                0x080048fc       0x10 ./Wheel/usb/usb_callbacks.o
                0x080048fc                tud_umount_cb
 .text.tud_suspend_cb
                0x0800490c       0x10 ./Wheel/usb/usb_callbacks.o
                0x0800490c                tud_suspend_cb
 .text.tud_sof_cb
                0x0800491c       0x38 ./Wheel/usb/usb_callbacks.o
                0x0800491c                tud_sof_cb
 .text.tud_hid_report_complete_cb
                0x08004954       0x14 ./Wheel/usb/usb_callbacks.o
                0x08004954                tud_hid_report_complete_cb
 .text.tud_hid_set_protocol_cb
                0x08004968        0x4 ./Wheel/usb/usb_callbacks.o
                0x08004968                tud_hid_set_protocol_cb
 .text.tud_hid_get_report_cb
                0x0800496c       0x14 ./Wheel/usb/usb_callbacks.o
                0x0800496c                tud_hid_get_report_cb
 .text.tud_hid_set_report_cb
                0x08004980       0x2c ./Wheel/usb/usb_callbacks.o
                0x08004980                tud_hid_set_report_cb
 .text.tud_descriptor_device_cb
                0x080049ac        0xc ./Wheel/usb/usb_descriptors.o
                0x080049ac                tud_descriptor_device_cb
 .text.tud_hid_descriptor_report_cb
                0x080049b8       0x14 ./Wheel/usb/usb_descriptors.o
                0x080049b8                tud_hid_descriptor_report_cb
 .text.tud_descriptor_configuration_cb
                0x080049cc        0xc ./Wheel/usb/usb_descriptors.o
                0x080049cc                tud_descriptor_configuration_cb
 .text.tud_descriptor_string_cb
                0x080049d8       0x90 ./Wheel/usb/usb_descriptors.o
                0x080049d8                tud_descriptor_string_cb
 .text.usb_start_deferred_processing
                0x08004a68       0x3c ./Wheel/usb/usb_processing.o
                0x08004a68                usb_start_deferred_processing
 .text.usb_hid_send_report
                0x08004aa4       0xe0 ./Wheel/usb/usb_processing.o
                0x08004aa4                usb_hid_send_report
 .text.get_faketime_micros
                0x08004b84       0x10 ./Wheel/usb/usb_processing.o
                0x08004b84                get_faketime_micros
 .text._ZN3ffb6BiquadC2Ev
                0x08004b94       0x1c ./ffb-lib/src/ffb_biquad.o
                0x08004b94                ffb::Biquad::Biquad()
                0x08004b94                ffb::Biquad::Biquad()
 .text._ZNK3ffb6Biquad5getFcEv
                0x08004bb0        0x4 ./ffb-lib/src/ffb_biquad.o
                0x08004bb0                ffb::Biquad::getFc() const
 .text._ZN3ffb6Biquad7processEf
                0x08004bb4       0x56 ./ffb-lib/src/ffb_biquad.o
                0x08004bb4                ffb::Biquad::process(float)
 *fill*         0x08004c0a        0x2 
 .text._ZN3ffb6Biquad10calcBiquadEv
                0x08004c0c      0x740 ./ffb-lib/src/ffb_biquad.o
                0x08004c0c                ffb::Biquad::calcBiquad()
 .text._ZN3ffb6Biquad9setBiquadENS_10BiquadTypeEfff
                0x0800534c       0x3c ./ffb-lib/src/ffb_biquad.o
                0x0800534c                ffb::Biquad::setBiquad(ffb::BiquadType, float, float, float)
 .text._ZN3ffb7LibraryC2EhNS_10TimeSourceE
                0x08005388       0x28 ./ffb-lib/src/ffb_c.o
                0x08005388                ffb::Library::Library(unsigned char, ffb::TimeSource)
                0x08005388                ffb::Library::Library(unsigned char, ffb::TimeSource)
 .text.ffb_create
                0x080053b0       0x48 ./ffb-lib/src/ffb_c.o
                0x080053b0                ffb_create
 .text.ffb_hid_out
                0x080053f8       0x10 ./ffb-lib/src/ffb_c.o
                0x080053f8                ffb_hid_out
 .text.ffb_hid_get
                0x08005408       0x12 ./ffb-lib/src/ffb_c.o
                0x08005408                ffb_hid_get
 .text.ffb_calculate
                0x0800541a        0xc ./ffb-lib/src/ffb_c.o
                0x0800541a                ffb_calculate
 .text.ffb_get_axis_torque
                0x08005426        0xe ./ffb-lib/src/ffb_c.o
                0x08005426                ffb_get_axis_torque
 .text.ffb_set_axis_state_s
                0x08005434       0x2c ./ffb-lib/src/ffb_c.o
                0x08005434                ffb_set_axis_state_s
 .text.ffb_descriptor_1axis
                0x08005460        0x8 ./ffb-lib/src/ffb_c.o
                0x08005460                ffb_descriptor_1axis
 .text._ZN3ffb6EffectC2Ev
                0x08005468       0x64 ./ffb-lib/src/ffb_calculator.o
                0x08005468                ffb::Effect::Effect()
                0x08005468                ffb::Effect::Effect()
 .text._ZNSt5arrayIN3ffb6EffectELj20EEC2Ev
                0x080054cc       0x1c ./ffb-lib/src/ffb_calculator.o
                0x080054cc                std::array<ffb::Effect, 20u>::array()
                0x080054cc                std::array<ffb::Effect, 20u>::array()
 .text._ZN3ffb10CalculatorC2EhNS_10TimeSourceE
                0x080054e8       0xc4 ./ffb-lib/src/ffb_calculator.o
                0x080054e8                ffb::Calculator::Calculator(unsigned char, ffb::TimeSource)
                0x080054e8                ffb::Calculator::Calculator(unsigned char, ffb::TimeSource)
 .text._ZN3ffb10Calculator12setAxisStateEhRKNS_9AxisStateE
                0x080055ac       0x16 ./ffb-lib/src/ffb_calculator.o
                0x080055ac                ffb::Calculator::setAxisState(unsigned char, ffb::AxisState const&)
 .text._ZNK3ffb10Calculator13getAxisTorqueEh
                0x080055c2       0x12 ./ffb-lib/src/ffb_calculator.o
                0x080055c2                ffb::Calculator::getAxisTorque(unsigned char) const
 .text._ZN3ffb10Calculator14findFreeEffectEh
                0x080055d4       0x2e ./ffb-lib/src/ffb_calculator.o
                0x080055d4                ffb::Calculator::findFreeEffect(unsigned char)
 .text._ZN3ffb10Calculator10freeEffectEt
                0x08005602       0x48 ./ffb-lib/src/ffb_calculator.o
                0x08005602                ffb::Calculator::freeEffect(unsigned short)
 *fill*         0x0800564a        0x2 
 .text._ZNK3ffb10Calculator14speedRampupPctEv
                0x0800564c       0x20 ./ffb-lib/src/ffb_calculator.o
                0x0800564c                ffb::Calculator::speedRampupPct() const
 .text._ZN3ffb10Calculator24calcConditionEffectForceEPNS_6EffectEfhhff
                0x0800566c      0x104 ./ffb-lib/src/ffb_calculator.o
                0x0800566c                ffb::Calculator::calcConditionEffectForce(ffb::Effect*, float, unsigned char, unsigned char, float, float)
 .text._ZN3ffb10Calculator18calcComponentForceEPNS_6EffectElh
                0x08005770      0x35c ./ffb-lib/src/ffb_calculator.o
                0x08005770                ffb::Calculator::calcComponentForce(ffb::Effect*, long, unsigned char)
 .text._ZN3ffb10Calculator20getEnvelopeMagnitudeEPNS_6EffectE
                0x08005acc       0x6c ./ffb-lib/src/ffb_calculator.o
                0x08005acc                ffb::Calculator::getEnvelopeMagnitude(ffb::Effect*)
 .text._ZN3ffb10Calculator27calcNonConditionEffectForceEPNS_6EffectE
                0x08005b38      0x3a0 ./ffb-lib/src/ffb_calculator.o
                0x08005b38                ffb::Calculator::calcNonConditionEffectForce(ffb::Effect*)
 .text._ZN3ffb10Calculator9calculateEv
                0x08005ed8      0x100 ./ffb-lib/src/ffb_calculator.o
                0x08005ed8                ffb::Calculator::calculate()
 .text._ZN3ffb10Calculator10setFiltersEPNS_6EffectE
                0x08005fd8      0x19e ./ffb-lib/src/ffb_calculator.o
                0x08005fd8                ffb::Calculator::setFilters(ffb::Effect*)
 *fill*         0x08006176        0x2 
 .text._ZN3ffb15descriptor1AxisEPt
                0x08006178       0x10 ./ffb-lib/src/ffb_descriptor.o
                0x08006178                ffb::descriptor1Axis(unsigned short*)
 .text._ZN3ffb14MetricsBuilder13setSamplerateEf
                0x08006188       0x90 ./ffb-lib/src/ffb_metrics.o
                0x08006188                ffb::MetricsBuilder::setSamplerate(float)
 .text._ZN3ffb14MetricsBuilderC2EffNS_19MetricsFilterPresetE
                0x08006218       0x6c ./ffb-lib/src/ffb_metrics.o
                0x08006218                ffb::MetricsBuilder::MetricsBuilder(float, float, ffb::MetricsFilterPreset)
                0x08006218                ffb::MetricsBuilder::MetricsBuilder(float, float, ffb::MetricsFilterPreset)
 .text._ZNK3ffb14MetricsBuilder8scalePosEf
                0x08006284       0x4c ./ffb-lib/src/ffb_metrics.o
                0x08006284                ffb::MetricsBuilder::scalePos(float) const
 .text._ZN3ffb14MetricsBuilder6updateEf
                0x080062d0       0x5a ./ffb-lib/src/ffb_metrics.o
                0x080062d0                ffb::MetricsBuilder::update(float)
 *fill*         0x0800632a        0x2 
 .text._ZN12_GLOBAL__N_14makeEffN3ffb19MetricsFilterPresetE
                0x0800632c       0x44 ./ffb-lib/src/ffb_metrics_c.o
 .text.ffb_metrics_create
                0x08006370       0x28 ./ffb-lib/src/ffb_metrics_c.o
                0x08006370                ffb_metrics_create
 .text.ffb_metrics_update
                0x08006398       0x2a ./ffb-lib/src/ffb_metrics_c.o
                0x08006398                ffb_metrics_update
 .text._ZNK3ffb20FFB_Effect_Condition8isActiveEv
                0x080063c2       0x24 ./ffb-lib/src/ffb_parser.o
                0x080063c2                ffb::FFB_Effect_Condition::isActive() const
 .text._ZN3ffb9HidParserC2ERNS_10CalculatorEh
                0x080063e6       0x58 ./ffb-lib/src/ffb_parser.o
                0x080063e6                ffb::HidParser::HidParser(ffb::Calculator&, unsigned char)
                0x080063e6                ffb::HidParser::HidParser(ffb::Calculator&, unsigned char)
 .text._ZN3ffb9HidParser9setActiveEb
                0x0800643e        0xa ./ffb-lib/src/ffb_parser.o
                0x0800643e                ffb::HidParser::setActive(bool)
 .text._ZN3ffb9HidParser7setGainEh
                0x08006448        0x8 ./ffb-lib/src/ffb_parser.o
                0x08006448                ffb::HidParser::setGain(unsigned char)
 .text._ZN3ffb9HidParser8resetAllEv
                0x08006450       0x22 ./ffb-lib/src/ffb_parser.o
                0x08006450                ffb::HidParser::resetAll()
 .text._ZN3ffb9HidParser16sendStatusReportEv
                0x08006472       0x24 ./ffb-lib/src/ffb_parser.o
                0x08006472                ffb::HidParser::sendStatusReport()
 .text._ZN3ffb9HidParser6hidGetEhPht
                0x08006496       0x28 ./ffb-lib/src/ffb_parser.o
                0x08006496                ffb::HidParser::hidGet(unsigned char, unsigned char*, unsigned short)
 .text._ZN3ffb9HidParser9newEffectEPKNS_34FFB_CreateNewEffect_Feature_Data_tE
                0x080064be       0x6c ./ffb-lib/src/ffb_parser.o
                0x080064be                ffb::HidParser::newEffect(ffb::FFB_CreateNewEffect_Feature_Data_t const*)
 .text._ZN3ffb9HidParser10controlCmdEh
                0x0800652a       0x6c ./ffb-lib/src/ffb_parser.o
                0x0800652a                ffb::HidParser::controlCmd(unsigned char)
 *fill*         0x08006596        0x2 
 .text._ZN3ffb9HidParser9setEffectEPKNS_15FFB_SetEffect_tE
                0x08006598      0x114 ./ffb-lib/src/ffb_parser.o
                0x08006598                ffb::HidParser::setEffect(ffb::FFB_SetEffect_t const*)
 .text._ZN3ffb9HidParser12setConditionEPKNS_23FFB_SetCondition_Data_tE
                0x080066ac       0x7a ./ffb-lib/src/ffb_parser.o
                0x080066ac                ffb::HidParser::setCondition(ffb::FFB_SetCondition_Data_t const*)
 .text._ZN3ffb9HidParser18setEffectOperationEPKNS_16FFB_EffOp_Data_tE
                0x08006726       0x7c ./ffb-lib/src/ffb_parser.o
                0x08006726                ffb::HidParser::setEffectOperation(ffb::FFB_EffOp_Data_t const*)
 .text._ZN3ffb9HidParser11setEnvelopeEPKNS_22FFB_SetEnvelope_Data_tE
                0x080067a2       0x32 ./ffb-lib/src/ffb_parser.o
                0x080067a2                ffb::HidParser::setEnvelope(ffb::FFB_SetEnvelope_Data_t const*)
 .text._ZN3ffb9HidParser7setRampEPKNS_18FFB_SetRamp_Data_tE
                0x080067d4       0x24 ./ffb-lib/src/ffb_parser.o
                0x080067d4                ffb::HidParser::setRamp(ffb::FFB_SetRamp_Data_t const*)
 .text._ZN3ffb9HidParser16setConstantForceEPKNS_27FFB_SetConstantForce_Data_tE
                0x080067f8       0x1c ./ffb-lib/src/ffb_parser.o
                0x080067f8                ffb::HidParser::setConstantForce(ffb::FFB_SetConstantForce_Data_t const*)
 .text._ZN3ffb9HidParser11setPeriodicEPKNS_22FFB_SetPeriodic_Data_tE
                0x08006814       0x3c ./ffb-lib/src/ffb_parser.o
                0x08006814                ffb::HidParser::setPeriodic(ffb::FFB_SetPeriodic_Data_t const*)
 .text._ZN3ffb9HidParser6hidOutEhPKht
                0x08006850       0xe6 ./ffb-lib/src/ffb_parser.o
                0x08006850                ffb::HidParser::hidOut(unsigned char, unsigned char const*, unsigned short)
 *fill*         0x08006936        0x2 
 .text.tud_hid_set_idle_cb
                0x08006938        0x4 ./tinyusb/src/class/hid/hid_device.o
                0x08006938                tud_hid_set_idle_cb
 .text.tud_hid_report_failed_cb
                0x0800693c        0x4 ./tinyusb/src/class/hid/hid_device.o
                0x0800693c                tud_hid_report_failed_cb
 .text.tud_hid_n_report
                0x08006940       0x80 ./tinyusb/src/class/hid/hid_device.o
                0x08006940                tud_hid_n_report
 .text.hidd_init
                0x080069c0       0x14 ./tinyusb/src/class/hid/hid_device.o
                0x080069c0                hidd_init
 .text.hidd_deinit
                0x080069d4        0x4 ./tinyusb/src/class/hid/hid_device.o
                0x080069d4                hidd_deinit
 .text.hidd_reset
                0x080069d8       0x14 ./tinyusb/src/class/hid/hid_device.o
                0x080069d8                hidd_reset
 .text.hidd_open
                0x080069ec       0xbc ./tinyusb/src/class/hid/hid_device.o
                0x080069ec                hidd_open
 .text.hidd_control_xfer_cb
                0x08006aa8      0x1d8 ./tinyusb/src/class/hid/hid_device.o
                0x08006aa8                hidd_control_xfer_cb
 .text.hidd_xfer_cb
                0x08006c80       0xac ./tinyusb/src/class/hid/hid_device.o
                0x08006c80                hidd_xfer_cb
 .text.tu_fifo_clear
                0x08006d2c        0x8 ./tinyusb/src/common/tusb_fifo.o
                0x08006d2c                tu_fifo_clear
 .text.tu_hwfifo_write
                0x08006d34       0x40 ./tinyusb/src/common/tusb_fifo.o
                0x08006d34                tu_hwfifo_write
 .text.tu_hwfifo_read
                0x08006d74       0x44 ./tinyusb/src/common/tusb_fifo.o
                0x08006d74                tu_hwfifo_read
 .text.tu_fifo_read_n_access_mode
                0x08006db8      0x20c ./tinyusb/src/common/tusb_fifo.o
                0x08006db8                tu_fifo_read_n_access_mode
 .text.tu_fifo_write_n_access_mode
                0x08006fc4      0x2e4 ./tinyusb/src/common/tusb_fifo.o
                0x08006fc4                tu_fifo_write_n_access_mode
 .text.tud_vendor_control_xfer_cb
                0x080072a8        0x4 ./tinyusb/src/device/usbd.o
                0x080072a8                tud_vendor_control_xfer_cb
 .text.configuration_reset
                0x080072ac       0xa0 ./tinyusb/src/device/usbd.o
 .text.usbd_int_set
                0x0800734c       0x18 ./tinyusb/src/device/usbd.o
                0x0800734c                usbd_int_set
 .text.tud_event_hook_cb
                0x08007364        0x4 ./tinyusb/src/device/usbd.o
                0x08007364                tud_event_hook_cb
 .text.tud_descriptor_bos_cb
                0x08007368        0x4 ./tinyusb/src/device/usbd.o
                0x08007368                tud_descriptor_bos_cb
 .text.tud_descriptor_device_qualifier_cb
                0x0800736c        0x4 ./tinyusb/src/device/usbd.o
                0x0800736c                tud_descriptor_device_qualifier_cb
 .text.tud_descriptor_other_speed_configuration_cb
                0x08007370        0x4 ./tinyusb/src/device/usbd.o
                0x08007370                tud_descriptor_other_speed_configuration_cb
 .text.dcd_connect
                0x08007374        0x4 ./tinyusb/src/device/usbd.o
                0x08007374                dcd_connect
 .text.usbd_app_driver_get_cb
                0x08007378        0xc ./tinyusb/src/device/usbd.o
                0x08007378                usbd_app_driver_get_cb
 .text.tud_sof_cb_enable
                0x08007384       0x4c ./tinyusb/src/device/usbd.o
                0x08007384                tud_sof_cb_enable
 .text.tud_rhport_init
                0x080073d0       0xe0 ./tinyusb/src/device/usbd.o
                0x080073d0                tud_rhport_init
 .text.tud_control_status
                0x080074b0       0x80 ./tinyusb/src/device/usbd.o
                0x080074b0                tud_control_status
 .text.tud_control_xfer
                0x08007530      0x13c ./tinyusb/src/device/usbd.o
                0x08007530                tud_control_xfer
 .text.dcd_event_handler
                0x0800766c      0x2a4 ./tinyusb/src/device/usbd.o
                0x0800766c                dcd_event_handler
 .text.usbd_open_edpt_pair
                0x08007910       0x88 ./tinyusb/src/device/usbd.o
                0x08007910                usbd_open_edpt_pair
 .text.usbd_edpt_claim
                0x08007998       0x20 ./tinyusb/src/device/usbd.o
                0x08007998                usbd_edpt_claim
 .text.usbd_edpt_xfer
                0x080079b8       0x74 ./tinyusb/src/device/usbd.o
                0x080079b8                usbd_edpt_xfer
 .text.tud_task_ext
                0x08007a2c      0x89c ./tinyusb/src/device/usbd.o
                0x08007a2c                tud_task_ext
 .text.dcd_ep_alloc
                0x080082c8      0x3f0 ./tinyusb/src/portable/st/stm32_fsdev/dcd_stm32_fsdev.o
 .text.dcd_transmit_packet
                0x080086b8      0x124 ./tinyusb/src/portable/st/stm32_fsdev/dcd_stm32_fsdev.o
 .text.edpt_xfer.isra.0
                0x080087dc       0xd8 ./tinyusb/src/portable/st/stm32_fsdev/dcd_stm32_fsdev.o
 .text.handle_bus_reset.isra.0
                0x080088b4       0xfc ./tinyusb/src/portable/st/stm32_fsdev/dcd_stm32_fsdev.o
 .text.dcd_init
                0x080089b0       0x38 ./tinyusb/src/portable/st/stm32_fsdev/dcd_stm32_fsdev.o
                0x080089b0                dcd_init
 .text.dcd_sof_enable
                0x080089e8       0x28 ./tinyusb/src/portable/st/stm32_fsdev/dcd_stm32_fsdev.o
                0x080089e8                dcd_sof_enable
 .text.dcd_set_address
                0x08008a10       0x1c ./tinyusb/src/portable/st/stm32_fsdev/dcd_stm32_fsdev.o
                0x08008a10                dcd_set_address
 .text.dcd_int_handler
                0x08008a2c      0x428 ./tinyusb/src/portable/st/stm32_fsdev/dcd_stm32_fsdev.o
                0x08008a2c                dcd_int_handler
 .text.dcd_edpt0_status_complete
                0x08008e54       0x34 ./tinyusb/src/portable/st/stm32_fsdev/dcd_stm32_fsdev.o
                0x08008e54                dcd_edpt0_status_complete
 .text.dcd_edpt_open
                0x08008e88      0x148 ./tinyusb/src/portable/st/stm32_fsdev/dcd_stm32_fsdev.o
                0x08008e88                dcd_edpt_open
 .text.dcd_edpt_close_all
                0x08008fd0       0x9c ./tinyusb/src/portable/st/stm32_fsdev/dcd_stm32_fsdev.o
                0x08008fd0                dcd_edpt_close_all
 .text.dcd_edpt_xfer
                0x0800906c       0x34 ./tinyusb/src/portable/st/stm32_fsdev/dcd_stm32_fsdev.o
                0x0800906c                dcd_edpt_xfer
 .text.dcd_edpt_stall
                0x080090a0       0xa8 ./tinyusb/src/portable/st/stm32_fsdev/dcd_stm32_fsdev.o
                0x080090a0                dcd_edpt_stall
 .text.dcd_edpt_clear_stall
                0x08009148       0xb8 ./tinyusb/src/portable/st/stm32_fsdev/dcd_stm32_fsdev.o
                0x08009148                dcd_edpt_clear_stall
 .text.dcd_int_enable
                0x08009200       0x24 ./tinyusb/src/portable/st/stm32_fsdev/dcd_stm32_fsdev.o
                0x08009200                dcd_int_enable
 .text.dcd_int_disable
                0x08009224       0x3c ./tinyusb/src/portable/st/stm32_fsdev/dcd_stm32_fsdev.o
                0x08009224                dcd_int_disable
 .text.fsdev_core_reset
                0x08009260       0x6c ./tinyusb/src/portable/st/stm32_fsdev/fsdev_common.o
                0x08009260                fsdev_core_reset
 .text.pma_align_buffer_size
                0x080092cc       0x40 ./tinyusb/src/portable/st/stm32_fsdev/fsdev_common.o
                0x080092cc                pma_align_buffer_size
 .text.btable_set_rx_bufsize
                0x0800930c       0x40 ./tinyusb/src/portable/st/stm32_fsdev/fsdev_common.o
                0x0800930c                btable_set_rx_bufsize
 .text.tusb_rhport_init
                0x0800934c       0x38 ./tinyusb/src/tusb.o
                0x0800934c                tusb_rhport_init
 .text.tu_edpt_claim
                0x08009384       0x24 ./tinyusb/src/tusb.o
                0x08009384                tu_edpt_claim
 .text.tu_bind_driver_to_ep_itf
                0x080093a8       0x7c ./tinyusb/src/tusb.o
                0x080093a8                tu_bind_driver_to_ep_itf
 .text.powf     0x08009424       0x9a C:/Program Files/STMicroelectronics/STM32CubeIDE_1.16.0/STM32CubeIDE/plugins/com.st.stm32cube.ide.mcu.externaltools.gnu-tools-for-stm32.13.3.rel1.win32_1.0.0.202411081344/tools/bin/../lib/gcc/arm-none-eabi/13.3.1/../../../../arm-none-eabi/lib/thumb/v7-m/nofp\libm.a(libm_a-wf_pow.o)
                0x08009424                powf
 .text.sqrtf    0x080094be       0x34 C:/Program Files/STMicroelectronics/STM32CubeIDE_1.16.0/STM32CubeIDE/plugins/com.st.stm32cube.ide.mcu.externaltools.gnu-tools-for-stm32.13.3.rel1.win32_1.0.0.202411081344/tools/bin/../lib/gcc/arm-none-eabi/13.3.1/../../../../arm-none-eabi/lib/thumb/v7-m/nofp\libm.a(libm_a-wf_sqrt.o)
                0x080094be                sqrtf
 *fill*         0x080094f2        0x2 
 .text.sinf     0x080094f4       0x74 C:/Program Files/STMicroelectronics/STM32CubeIDE_1.16.0/STM32CubeIDE/plugins/com.st.stm32cube.ide.mcu.externaltools.gnu-tools-for-stm32.13.3.rel1.win32_1.0.0.202411081344/tools/bin/../lib/gcc/arm-none-eabi/13.3.1/../../../../arm-none-eabi/lib/thumb/v7-m/nofp\libm.a(libm_a-sf_sin.o)
                0x080094f4                sinf
 .text.tanf     0x08009568       0x4c C:/Program Files/STMicroelectronics/STM32CubeIDE_1.16.0/STM32CubeIDE/plugins/com.st.stm32cube.ide.mcu.externaltools.gnu-tools-for-stm32.13.3.rel1.win32_1.0.0.202411081344/tools/bin/../lib/gcc/arm-none-eabi/13.3.1/../../../../arm-none-eabi/lib/thumb/v7-m/nofp\libm.a(libm_a-sf_tan.o)
                0x08009568                tanf
 .text.finitef  0x080095b4       0x10 C:/Program Files/STMicroelectronics/STM32CubeIDE_1.16.0/STM32CubeIDE/plugins/com.st.stm32cube.ide.mcu.externaltools.gnu-tools-for-stm32.13.3.rel1.win32_1.0.0.202411081344/tools/bin/../lib/gcc/arm-none-eabi/13.3.1/../../../../arm-none-eabi/lib/thumb/v7-m/nofp\libm.a(libm_a-sf_finite.o)
                0x080095b4                finitef
 .text.__ieee754_sqrtf
                0x080095c4       0xe0 C:/Program Files/STMicroelectronics/STM32CubeIDE_1.16.0/STM32CubeIDE/plugins/com.st.stm32cube.ide.mcu.externaltools.gnu-tools-for-stm32.13.3.rel1.win32_1.0.0.202411081344/tools/bin/../lib/gcc/arm-none-eabi/13.3.1/../../../../arm-none-eabi/lib/thumb/v7-m/nofp\libm.a(libm_a-ef_sqrt.o)
                0x080095c4                __ieee754_sqrtf
 .text.__kernel_cosf
                0x080096a4      0x100 C:/Program Files/STMicroelectronics/STM32CubeIDE_1.16.0/STM32CubeIDE/plugins/com.st.stm32cube.ide.mcu.externaltools.gnu-tools-for-stm32.13.3.rel1.win32_1.0.0.202411081344/tools/bin/../lib/gcc/arm-none-eabi/13.3.1/../../../../arm-none-eabi/lib/thumb/v7-m/nofp\libm.a(libm_a-kf_cos.o)
                0x080096a4                __kernel_cosf
 .text.__kernel_sinf
                0x080097a4       0xec C:/Program Files/STMicroelectronics/STM32CubeIDE_1.16.0/STM32CubeIDE/plugins/com.st.stm32cube.ide.mcu.externaltools.gnu-tools-for-stm32.13.3.rel1.win32_1.0.0.202411081344/tools/bin/../lib/gcc/arm-none-eabi/13.3.1/../../../../arm-none-eabi/lib/thumb/v7-m/nofp\libm.a(libm_a-kf_sin.o)
                0x080097a4                __kernel_sinf
 .text.__kernel_tanf
                0x08009890      0x258 C:/Program Files/STMicroelectronics/STM32CubeIDE_1.16.0/STM32CubeIDE/plugins/com.st.stm32cube.ide.mcu.externaltools.gnu-tools-for-stm32.13.3.rel1.win32_1.0.0.202411081344/tools/bin/../lib/gcc/arm-none-eabi/13.3.1/../../../../arm-none-eabi/lib/thumb/v7-m/nofp\libm.a(libm_a-kf_tan.o)
                0x08009890                __kernel_tanf
 .text.__ieee754_powf
                0x08009ae8      0x6c0 C:/Program Files/STMicroelectronics/STM32CubeIDE_1.16.0/STM32CubeIDE/plugins/com.st.stm32cube.ide.mcu.externaltools.gnu-tools-for-stm32.13.3.rel1.win32_1.0.0.202411081344/tools/bin/../lib/gcc/arm-none-eabi/13.3.1/../../../../arm-none-eabi/lib/thumb/v7-m/nofp\libm.a(libm_a-ef_pow.o)
                0x08009ae8                __ieee754_powf
 .text.__ieee754_rem_pio2f
                0x0800a1a8      0x2cc C:/Program Files/STMicroelectronics/STM32CubeIDE_1.16.0/STM32CubeIDE/plugins/com.st.stm32cube.ide.mcu.externaltools.gnu-tools-for-stm32.13.3.rel1.win32_1.0.0.202411081344/tools/bin/../lib/gcc/arm-none-eabi/13.3.1/../../../../arm-none-eabi/lib/thumb/v7-m/nofp\libm.a(libm_a-ef_rem_pio2.o)
                0x0800a1a8                __ieee754_rem_pio2f
 .text.fabsf    0x0800a474        0x6 C:/Program Files/STMicroelectronics/STM32CubeIDE_1.16.0/STM32CubeIDE/plugins/com.st.stm32cube.ide.mcu.externaltools.gnu-tools-for-stm32.13.3.rel1.win32_1.0.0.202411081344/tools/bin/../lib/gcc/arm-none-eabi/13.3.1/../../../../arm-none-eabi/lib/thumb/v7-m/nofp\libm.a(libm_a-sf_fabs.o)
                0x0800a474                fabsf
 *fill*         0x0800a47a        0x2 
 .text.scalbnf  0x0800a47c       0x98 C:/Program Files/STMicroelectronics/STM32CubeIDE_1.16.0/STM32CubeIDE/plugins/com.st.stm32cube.ide.mcu.externaltools.gnu-tools-for-stm32.13.3.rel1.win32_1.0.0.202411081344/tools/bin/../lib/gcc/arm-none-eabi/13.3.1/../../../../arm-none-eabi/lib/thumb/v7-m/nofp\libm.a(libm_a-sf_scalbn.o)
                0x0800a47c                scalbnf
 .text.with_errnof
                0x0800a514       0x10 C:/Program Files/STMicroelectronics/STM32CubeIDE_1.16.0/STM32CubeIDE/plugins/com.st.stm32cube.ide.mcu.externaltools.gnu-tools-for-stm32.13.3.rel1.win32_1.0.0.202411081344/tools/bin/../lib/gcc/arm-none-eabi/13.3.1/../../../../arm-none-eabi/lib/thumb/v7-m/nofp\libm.a(libm_a-math_errf.o)
 .text.xflowf   0x0800a524       0x1a C:/Program Files/STMicroelectronics/STM32CubeIDE_1.16.0/STM32CubeIDE/plugins/com.st.stm32cube.ide.mcu.externaltools.gnu-tools-for-stm32.13.3.rel1.win32_1.0.0.202411081344/tools/bin/../lib/gcc/arm-none-eabi/13.3.1/../../../../arm-none-eabi/lib/thumb/v7-m/nofp\libm.a(libm_a-math_errf.o)
 .text.__math_uflowf
                0x0800a53e        0x8 C:/Program Files/STMicroelectronics/STM32CubeIDE_1.16.0/STM32CubeIDE/plugins/com.st.stm32cube.ide.mcu.externaltools.gnu-tools-for-stm32.13.3.rel1.win32_1.0.0.202411081344/tools/bin/../lib/gcc/arm-none-eabi/13.3.1/../../../../arm-none-eabi/lib/thumb/v7-m/nofp\libm.a(libm_a-math_errf.o)
                0x0800a53e                __math_uflowf
 .text.__math_oflowf
                0x0800a546        0x8 C:/Program Files/STMicroelectronics/STM32CubeIDE_1.16.0/STM32CubeIDE/plugins/com.st.stm32cube.ide.mcu.externaltools.gnu-tools-for-stm32.13.3.rel1.win32_1.0.0.202411081344/tools/bin/../lib/gcc/arm-none-eabi/13.3.1/../../../../arm-none-eabi/lib/thumb/v7-m/nofp\libm.a(libm_a-math_errf.o)
                0x0800a546                __math_oflowf
 *fill*         0x0800a54e        0x2 
 .text.__kernel_rem_pio2f
                0x0800a550      0x53c C:/Program Files/STMicroelectronics/STM32CubeIDE_1.16.0/STM32CubeIDE/plugins/com.st.stm32cube.ide.mcu.externaltools.gnu-tools-for-stm32.13.3.rel1.win32_1.0.0.202411081344/tools/bin/../lib/gcc/arm-none-eabi/13.3.1/../../../../arm-none-eabi/lib/thumb/v7-m/nofp\libm.a(libm_a-kf_rem_pio2.o)
                0x0800a550                __kernel_rem_pio2f
 .text.floorf   0x0800aa8c       0x84 C:/Program Files/STMicroelectronics/STM32CubeIDE_1.16.0/STM32CubeIDE/plugins/com.st.stm32cube.ide.mcu.externaltools.gnu-tools-for-stm32.13.3.rel1.win32_1.0.0.202411081344/tools/bin/../lib/gcc/arm-none-eabi/13.3.1/../../../../arm-none-eabi/lib/thumb/v7-m/nofp\libm.a(libm_a-sf_floor.o)
                0x0800aa8c                floorf
 .text.memset   0x0800ab10       0x10 C:/Program Files/STMicroelectronics/STM32CubeIDE_1.16.0/STM32CubeIDE/plugins/com.st.stm32cube.ide.mcu.externaltools.gnu-tools-for-stm32.13.3.rel1.win32_1.0.0.202411081344/tools/bin/../lib/gcc/arm-none-eabi/13.3.1/../../../../arm-none-eabi/lib/thumb/v7-m/nofp\libc_nano.a(libc_a-memset.o)
                0x0800ab10                memset
 .text.__errno  0x0800ab20        0xc C:/Program Files/STMicroelectronics/STM32CubeIDE_1.16.0/STM32CubeIDE/plugins/com.st.stm32cube.ide.mcu.externaltools.gnu-tools-for-stm32.13.3.rel1.win32_1.0.0.202411081344/tools/bin/../lib/gcc/arm-none-eabi/13.3.1/../../../../arm-none-eabi/lib/thumb/v7-m/nofp\libc_nano.a(libc_a-errno.o)
                0x0800ab20                __errno
 .text.__libc_init_array
                0x0800ab2c       0x48 C:/Program Files/STMicroelectronics/STM32CubeIDE_1.16.0/STM32CubeIDE/plugins/com.st.stm32cube.ide.mcu.externaltools.gnu-tools-for-stm32.13.3.rel1.win32_1.0.0.202411081344/tools/bin/../lib/gcc/arm-none-eabi/13.3.1/../../../../arm-none-eabi/lib/thumb/v7-m/nofp\libc_nano.a(libc_a-init.o)
                0x0800ab2c                __libc_init_array
 .text.memcpy   0x0800ab74       0x1c C:/Program Files/STMicroelectronics/STM32CubeIDE_1.16.0/STM32CubeIDE/plugins/com.st.stm32cube.ide.mcu.externaltools.gnu-tools-for-stm32.13.3.rel1.win32_1.0.0.202411081344/tools/bin/../lib/gcc/arm-none-eabi/13.3.1/../../../../arm-none-eabi/lib/thumb/v7-m/nofp\libc_nano.a(libc_a-memcpy-stub.o)
                0x0800ab74                memcpy
 *(.glue_7)
 .glue_7        0x0800ab90        0x0 linker stubs
 *(.glue_7t)
 .glue_7t       0x0800ab90        0x0 linker stubs
 *(.eh_frame)
 .eh_frame      0x0800ab90        0x0 C:/Program Files/STMicroelectronics/STM32CubeIDE_1.16.0/STM32CubeIDE/plugins/com.st.stm32cube.ide.mcu.externaltools.gnu-tools-for-stm32.13.3.rel1.win32_1.0.0.202411081344/tools/bin/../lib/gcc/arm-none-eabi/13.3.1/thumb/v7-m/nofp/crtbegin.o
 *(.init)
 .init          0x0800ab90        0x4 C:/Program Files/STMicroelectronics/STM32CubeIDE_1.16.0/STM32CubeIDE/plugins/com.st.stm32cube.ide.mcu.externaltools.gnu-tools-for-stm32.13.3.rel1.win32_1.0.0.202411081344/tools/bin/../lib/gcc/arm-none-eabi/13.3.1/thumb/v7-m/nofp/crti.o
                0x0800ab90                _init
 .init          0x0800ab94        0x8 C:/Program Files/STMicroelectronics/STM32CubeIDE_1.16.0/STM32CubeIDE/plugins/com.st.stm32cube.ide.mcu.externaltools.gnu-tools-for-stm32.13.3.rel1.win32_1.0.0.202411081344/tools/bin/../lib/gcc/arm-none-eabi/13.3.1/thumb/v7-m/nofp/crtn.o
 *(.fini)
 .fini          0x0800ab9c        0x4 C:/Program Files/STMicroelectronics/STM32CubeIDE_1.16.0/STM32CubeIDE/plugins/com.st.stm32cube.ide.mcu.externaltools.gnu-tools-for-stm32.13.3.rel1.win32_1.0.0.202411081344/tools/bin/../lib/gcc/arm-none-eabi/13.3.1/thumb/v7-m/nofp/crti.o
                0x0800ab9c                _fini
 .fini          0x0800aba0        0x8 C:/Program Files/STMicroelectronics/STM32CubeIDE_1.16.0/STM32CubeIDE/plugins/com.st.stm32cube.ide.mcu.externaltools.gnu-tools-for-stm32.13.3.rel1.win32_1.0.0.202411081344/tools/bin/../lib/gcc/arm-none-eabi/13.3.1/thumb/v7-m/nofp/crtn.o
                0x0800aba8                        . = ALIGN (0x4)
                0x0800aba8                        _etext = .

.vfp11_veneer   0x0800aba8        0x0
 .vfp11_veneer  0x0800aba8        0x0 linker stubs

.v4_bx          0x0800aba8        0x0
 .v4_bx         0x0800aba8        0x0 linker stubs

.iplt           0x0800aba8        0x0
 .iplt          0x0800aba8        0x0 C:/Program Files/STMicroelectronics/STM32CubeIDE_1.16.0/STM32CubeIDE/plugins/com.st.stm32cube.ide.mcu.externaltools.gnu-tools-for-stm32.13.3.rel1.win32_1.0.0.202411081344/tools/bin/../lib/gcc/arm-none-eabi/13.3.1/thumb/v7-m/nofp/crtbegin.o

.rodata         0x0800aba8      0xac0
                0x0800aba8                        . = ALIGN (0x4)
 *(.rodata)
 .rodata        0x0800aba8       0x20 ./ffb-lib/src/ffb_calculator.o
 .rodata        0x0800abc8        0x8 ./ffb-lib/src/ffb_metrics_c.o
 *(.rodata*)
 .rodata.AHBPrescTable
                0x0800abd0       0x10 ./Core/Src/system_stm32f1xx.o
                0x0800abd0                AHBPrescTable
 .rodata.aPredivFactorTable.0
                0x0800abe0        0x2 ./Drivers/STM32F1xx_HAL_Driver/Src/stm32f1xx_hal_rcc.o
 *fill*         0x0800abe2        0x2 
 .rodata.aPLLMULFactorTable.1
                0x0800abe4       0x10 ./Drivers/STM32F1xx_HAL_Driver/Src/stm32f1xx_hal_rcc.o
 .rodata.cba_256_TAB
                0x0800abf4      0x100 ./Wheel/hardware_modules/hw_magnetometer.o
 .rodata.speed_table.0
                0x0800acf4       0x14 ./Wheel/software_modules/sw_shifter.o
 .rodata.str1.4
                0x0800ad08       0x23 ./Wheel/usb/usb_descriptors.o
 *fill*         0x0800ad2b        0x1 
 .rodata.string_desc_arr
                0x0800ad2c       0x10 ./Wheel/usb/usb_descriptors.o
 .rodata.__compound_literal.0
                0x0800ad3c        0x2 ./Wheel/usb/usb_descriptors.o
 *fill*         0x0800ad3e        0x2 
 .rodata.desc_configuration
                0x0800ad40       0x29 ./Wheel/usb/usb_descriptors.o
                0x0800ad40                desc_configuration
 *fill*         0x0800ad69        0x3 
 .rodata.desc_device
                0x0800ad6c       0x12 ./Wheel/usb/usb_descriptors.o
 *fill*         0x0800ad7e        0x2 
 .rodata.hat_table.0
                0x0800ad80        0x9 ./Wheel/usb/usb_processing.o
 *fill*         0x0800ad89        0x3 
 .rodata._ZN3ffb12_GLOBAL__N_1L19hid_1ffb_desc_bytesE
                0x0800ad8c      0x4c6 ./ffb-lib/src/ffb_descriptor.o
 *fill*         0x0800b252        0x2 
 .rodata._usbd_driver
                0x0800b254       0x24 ./tinyusb/src/device/usbd.o
 .rodata.tiny   0x0800b278        0x4 C:/Program Files/STMicroelectronics/STM32CubeIDE_1.16.0/STM32CubeIDE/plugins/com.st.stm32cube.ide.mcu.externaltools.gnu-tools-for-stm32.13.3.rel1.win32_1.0.0.202411081344/tools/bin/../lib/gcc/arm-none-eabi/13.3.1/../../../../arm-none-eabi/lib/thumb/v7-m/nofp\libm.a(libm_a-ef_sqrt.o)
 .rodata.one    0x0800b27c        0x4 C:/Program Files/STMicroelectronics/STM32CubeIDE_1.16.0/STM32CubeIDE/plugins/com.st.stm32cube.ide.mcu.externaltools.gnu-tools-for-stm32.13.3.rel1.win32_1.0.0.202411081344/tools/bin/../lib/gcc/arm-none-eabi/13.3.1/../../../../arm-none-eabi/lib/thumb/v7-m/nofp\libm.a(libm_a-ef_sqrt.o)
 .rodata.dp_l   0x0800b280        0x8 C:/Program Files/STMicroelectronics/STM32CubeIDE_1.16.0/STM32CubeIDE/plugins/com.st.stm32cube.ide.mcu.externaltools.gnu-tools-for-stm32.13.3.rel1.win32_1.0.0.202411081344/tools/bin/../lib/gcc/arm-none-eabi/13.3.1/../../../../arm-none-eabi/lib/thumb/v7-m/nofp\libm.a(libm_a-ef_pow.o)
 .rodata.dp_h   0x0800b288        0x8 C:/Program Files/STMicroelectronics/STM32CubeIDE_1.16.0/STM32CubeIDE/plugins/com.st.stm32cube.ide.mcu.externaltools.gnu-tools-for-stm32.13.3.rel1.win32_1.0.0.202411081344/tools/bin/../lib/gcc/arm-none-eabi/13.3.1/../../../../arm-none-eabi/lib/thumb/v7-m/nofp\libm.a(libm_a-ef_pow.o)
 .rodata.bp     0x0800b290        0x8 C:/Program Files/STMicroelectronics/STM32CubeIDE_1.16.0/STM32CubeIDE/plugins/com.st.stm32cube.ide.mcu.externaltools.gnu-tools-for-stm32.13.3.rel1.win32_1.0.0.202411081344/tools/bin/../lib/gcc/arm-none-eabi/13.3.1/../../../../arm-none-eabi/lib/thumb/v7-m/nofp\libm.a(libm_a-ef_pow.o)
 .rodata.npio2_hw
                0x0800b298       0x80 C:/Program Files/STMicroelectronics/STM32CubeIDE_1.16.0/STM32CubeIDE/plugins/com.st.stm32cube.ide.mcu.externaltools.gnu-tools-for-stm32.13.3.rel1.win32_1.0.0.202411081344/tools/bin/../lib/gcc/arm-none-eabi/13.3.1/../../../../arm-none-eabi/lib/thumb/v7-m/nofp\libm.a(libm_a-ef_rem_pio2.o)
 .rodata.two_over_pi
                0x0800b318      0x318 C:/Program Files/STMicroelectronics/STM32CubeIDE_1.16.0/STM32CubeIDE/plugins/com.st.stm32cube.ide.mcu.externaltools.gnu-tools-for-stm32.13.3.rel1.win32_1.0.0.202411081344/tools/bin/../lib/gcc/arm-none-eabi/13.3.1/../../../../arm-none-eabi/lib/thumb/v7-m/nofp\libm.a(libm_a-ef_rem_pio2.o)
 .rodata.PIo2   0x0800b630       0x2c C:/Program Files/STMicroelectronics/STM32CubeIDE_1.16.0/STM32CubeIDE/plugins/com.st.stm32cube.ide.mcu.externaltools.gnu-tools-for-stm32.13.3.rel1.win32_1.0.0.202411081344/tools/bin/../lib/gcc/arm-none-eabi/13.3.1/../../../../arm-none-eabi/lib/thumb/v7-m/nofp\libm.a(libm_a-kf_rem_pio2.o)
 .rodata.init_jk
                0x0800b65c        0xc C:/Program Files/STMicroelectronics/STM32CubeIDE_1.16.0/STM32CubeIDE/plugins/com.st.stm32cube.ide.mcu.externaltools.gnu-tools-for-stm32.13.3.rel1.win32_1.0.0.202411081344/tools/bin/../lib/gcc/arm-none-eabi/13.3.1/../../../../arm-none-eabi/lib/thumb/v7-m/nofp\libm.a(libm_a-kf_rem_pio2.o)
                0x0800b668                        . = ALIGN (0x4)

.ARM.extab      0x0800b668        0x0
                0x0800b668                        . = ALIGN (0x4)
 *(.ARM.extab* .gnu.linkonce.armextab.*)
                0x0800b668                        . = ALIGN (0x4)

.ARM            0x0800b668        0x8
                0x0800b668                        . = ALIGN (0x4)
                0x0800b668                        __exidx_start = .
 *(.ARM.exidx*)
 .ARM.exidx     0x0800b668        0x8 C:/Program Files/STMicroelectronics/STM32CubeIDE_1.16.0/STM32CubeIDE/plugins/com.st.stm32cube.ide.mcu.externaltools.gnu-tools-for-stm32.13.3.rel1.win32_1.0.0.202411081344/tools/bin/../lib/gcc/arm-none-eabi/13.3.1/../../../../arm-none-eabi/lib/thumb/v7-m/nofp\libc_nano.a(libc_a-strlen.o)
                0x0800b670                        __exidx_end = .
                0x0800b670                        . = ALIGN (0x4)

.preinit_array  0x0800b670        0x0
                0x0800b670                        . = ALIGN (0x4)
                0x0800b670                        PROVIDE (__preinit_array_start = .)
 *(.preinit_array*)
                0x0800b670                        PROVIDE (__preinit_array_end = .)
                0x0800b670                        . = ALIGN (0x4)

.init_array     0x0800b670        0x4
                0x0800b670                        . = ALIGN (0x4)
                0x0800b670                        PROVIDE (__init_array_start = .)
 *(SORT_BY_NAME(.init_array.*))
 *(.init_array*)
 .init_array    0x0800b670        0x4 C:/Program Files/STMicroelectronics/STM32CubeIDE_1.16.0/STM32CubeIDE/plugins/com.st.stm32cube.ide.mcu.externaltools.gnu-tools-for-stm32.13.3.rel1.win32_1.0.0.202411081344/tools/bin/../lib/gcc/arm-none-eabi/13.3.1/thumb/v7-m/nofp/crtbegin.o
                0x0800b674                        PROVIDE (__init_array_end = .)
                0x0800b674                        . = ALIGN (0x4)

.fini_array     0x0800b674        0x4
                0x0800b674                        . = ALIGN (0x4)
                [!provide]                        PROVIDE (__fini_array_start = .)
 *(SORT_BY_NAME(.fini_array.*))
 *(.fini_array*)
 .fini_array    0x0800b674        0x4 C:/Program Files/STMicroelectronics/STM32CubeIDE_1.16.0/STM32CubeIDE/plugins/com.st.stm32cube.ide.mcu.externaltools.gnu-tools-for-stm32.13.3.rel1.win32_1.0.0.202411081344/tools/bin/../lib/gcc/arm-none-eabi/13.3.1/thumb/v7-m/nofp/crtbegin.o
                [!provide]                        PROVIDE (__fini_array_end = .)
                0x0800b678                        . = ALIGN (0x4)
                0x0800b678                        _sidata = LOADADDR (.data)

.rel.dyn        0x0800b678        0x0
 .rel.iplt      0x0800b678        0x0 C:/Program Files/STMicroelectronics/STM32CubeIDE_1.16.0/STM32CubeIDE/plugins/com.st.stm32cube.ide.mcu.externaltools.gnu-tools-for-stm32.13.3.rel1.win32_1.0.0.202411081344/tools/bin/../lib/gcc/arm-none-eabi/13.3.1/thumb/v7-m/nofp/crtbegin.o

.data           0x20000000      0x2f4 load address 0x0800b678
                0x20000000                        . = ALIGN (0x4)
                0x20000000                        _sdata = .
 *(.data)
 *(.data*)
 .data.SystemCoreClock
                0x20000000        0x4 ./Core/Src/system_stm32f1xx.o
                0x20000000                SystemCoreClock
 .data.uwTickFreq
                0x20000004        0x1 ./Drivers/STM32F1xx_HAL_Driver/Src/stm32f1xx_hal.o
                0x20000004                uwTickFreq
 *fill*         0x20000005        0x3 
 .data.uwTickPrio
                0x20000008        0x4 ./Drivers/STM32F1xx_HAL_Driver/Src/stm32f1xx_hal.o
                0x20000008                uwTickPrio
 .data.hPedals  0x2000000c       0x14 ./Wheel/hardware_modules/hw_analog_input.o
                0x2000000c                hPedals
 .data.hAnalog  0x20000020       0x28 ./Wheel/hardware_modules/hw_analog_input.o
                0x20000020                hAnalog
 .data.hG29Buttons
                0x20000048       0x1c ./Wheel/hardware_modules/hw_digital_input.o
                0x20000048                hG29Buttons
 .data.hmlx90363
                0x20000064       0x40 ./Wheel/hardware_modules/hw_magnetometer.o
                0x20000064                hmlx90363
 .data.hMotorDriver
                0x200000a4       0x38 ./Wheel/hardware_modules/hw_motor_driver.o
                0x200000a4                hMotorDriver
 .data.hActuator
                0x200000dc       0x10 ./Wheel/software_modules/sw_actuator.o
                0x200000dc                hActuator
 .data.hButtons
                0x200000ec      0x144 ./Wheel/software_modules/sw_buttons.o
                0x200000ec                hButtons
 .data.hSensor  0x20000230       0x34 ./Wheel/software_modules/sw_sensor.o
                0x20000230                hSensor
 .data.hShifter
                0x20000264       0x28 ./Wheel/software_modules/sw_shifter.o
                0x20000264                hShifter
 .data._usbd_qdef
                0x2000028c       0x14 ./tinyusb/src/device/usbd.o
                0x2000028c                _usbd_qdef
 .data._usbd_rhport
                0x200002a0        0x1 ./tinyusb/src/device/usbd.o
 *fill*         0x200002a1        0x3 
 .data._impure_ptr
                0x200002a4        0x4 C:/Program Files/STMicroelectronics/STM32CubeIDE_1.16.0/STM32CubeIDE/plugins/com.st.stm32cube.ide.mcu.externaltools.gnu-tools-for-stm32.13.3.rel1.win32_1.0.0.202411081344/tools/bin/../lib/gcc/arm-none-eabi/13.3.1/../../../../arm-none-eabi/lib/thumb/v7-m/nofp\libc_nano.a(libc_a-impure.o)
                0x200002a4                _impure_ptr
 .data._impure_data
                0x200002a8       0x4c C:/Program Files/STMicroelectronics/STM32CubeIDE_1.16.0/STM32CubeIDE/plugins/com.st.stm32cube.ide.mcu.externaltools.gnu-tools-for-stm32.13.3.rel1.win32_1.0.0.202411081344/tools/bin/../lib/gcc/arm-none-eabi/13.3.1/../../../../arm-none-eabi/lib/thumb/v7-m/nofp\libc_nano.a(libc_a-impure.o)
                0x200002a8                _impure_data
 *(.RamFunc)
 *(.RamFunc*)
                0x200002f4                        . = ALIGN (0x4)
                0x200002f4                        _edata = .

.igot.plt       0x200002f4        0x0 load address 0x0800b96c
 .igot.plt      0x200002f4        0x0 C:/Program Files/STMicroelectronics/STM32CubeIDE_1.16.0/STM32CubeIDE/plugins/com.st.stm32cube.ide.mcu.externaltools.gnu-tools-for-stm32.13.3.rel1.win32_1.0.0.202411081344/tools/bin/../lib/gcc/arm-none-eabi/13.3.1/thumb/v7-m/nofp/crtbegin.o
                0x200002f4                        . = ALIGN (0x4)

.bss            0x200002f8     0x1070 load address 0x0800b96c
                0x200002f8                        _sbss = .
                0x200002f8                        __bss_start__ = _sbss
 *(.bss)
 .bss           0x200002f8       0x1c C:/Program Files/STMicroelectronics/STM32CubeIDE_1.16.0/STM32CubeIDE/plugins/com.st.stm32cube.ide.mcu.externaltools.gnu-tools-for-stm32.13.3.rel1.win32_1.0.0.202411081344/tools/bin/../lib/gcc/arm-none-eabi/13.3.1/thumb/v7-m/nofp/crtbegin.o
 *(.bss*)
 .bss.htim4     0x20000314       0x48 ./Core/Src/main.o
                0x20000314                htim4
 .bss.htim3     0x2000035c       0x48 ./Core/Src/main.o
                0x2000035c                htim3
 *fill*         0x200003a4        0x4 
 .bss.htim1     0x200003a8       0x48 ./Core/Src/main.o
                0x200003a8                htim1
 .bss.hdma_spi2_tx
                0x200003f0       0x44 ./Core/Src/main.o
                0x200003f0                hdma_spi2_tx
 .bss.hdma_spi2_rx
                0x20000434       0x44 ./Core/Src/main.o
                0x20000434                hdma_spi2_rx
 .bss.hspi2     0x20000478       0x58 ./Core/Src/main.o
                0x20000478                hspi2
 .bss.hdma_adc1
                0x200004d0       0x44 ./Core/Src/main.o
                0x200004d0                hdma_adc1
 *fill*         0x20000514        0x4 
 .bss.hadc1     0x20000518       0x30 ./Core/Src/main.o
                0x20000518                hadc1
 .bss.uwTick    0x20000548        0x4 ./Drivers/STM32F1xx_HAL_Driver/Src/stm32f1xx_hal.o
                0x20000548                uwTick
 .bss.force.0   0x2000054c        0x4 ./Wheel/steeringwheel.o
 .bss.force     0x20000550        0x4 ./Wheel/steeringwheel.o
                0x20000550                force
 .bss.hFFB      0x20000554        0x4 ./Wheel/steeringwheel.o
                0x20000554                hFFB
 .bss.wheel     0x20000558       0x28 ./Wheel/steeringwheel.o
                0x20000558                wheel
 .bss._desc_str
                0x20000580       0x40 ./Wheel/usb/usb_descriptors.o
 .bss.usb_state
                0x200005c0        0xc ./Wheel/usb/usb_processing.o
                0x200005c0                usb_state
 .bss._ZN12_GLOBAL__N_19g_lib_ptrE
                0x200005cc        0x4 ./ffb-lib/src/ffb_c.o
 .bss._ZN12_GLOBAL__N_19g_createdE
                0x200005d0        0x1 ./ffb-lib/src/ffb_c.o
 *fill*         0x200005d1        0x3 
 .bss._ZN12_GLOBAL__N_19g_storageE
                0x200005d4      0x898 ./ffb-lib/src/ffb_c.o
 .bss._ZN12_GLOBAL__N_17g_countE
                0x20000e6c        0x4 ./ffb-lib/src/ffb_metrics_c.o
 .bss._ZN12_GLOBAL__N_19g_storageE
                0x20000e70       0x70 ./ffb-lib/src/ffb_metrics_c.o
 .bss._hidd_epbuf
                0x20000ee0       0xc0 ./tinyusb/src/class/hid/hid_device.o
 .bss._hidd_itf
                0x20000fa0        0xc ./tinyusb/src/class/hid/hid_device.o
 .bss._usbd_q   0x20000fac        0x4 ./tinyusb/src/device/usbd.o
 .bss._usbd_qdef_buf
                0x20000fb0       0xc0 ./tinyusb/src/device/usbd.o
                0x20000fb0                _usbd_qdef_buf
 .bss._app_driver_count
                0x20001070        0x1 ./tinyusb/src/device/usbd.o
 *fill*         0x20001071        0x3 
 .bss._app_driver
                0x20001074        0x4 ./tinyusb/src/device/usbd.o
 .bss._ctrl_epbuf
                0x20001078       0x40 ./tinyusb/src/device/usbd.o
 .bss._usbd_queued_setup
                0x200010b8        0x1 ./tinyusb/src/device/usbd.o
 *fill*         0x200010b9        0x3 
 .bss._usbd_dev
                0x200010bc       0x4c ./tinyusb/src/device/usbd.o
 .bss.ep_buf_ptr
                0x20001108        0x2 ./tinyusb/src/portable/st/stm32_fsdev/dcd_stm32_fsdev.o
 .bss.remoteWakeCountdown
                0x2000110a        0x1 ./tinyusb/src/portable/st/stm32_fsdev/dcd_stm32_fsdev.o
 *fill*         0x2000110b        0x1 
 .bss.ep_alloc_status
                0x2000110c       0x20 ./tinyusb/src/portable/st/stm32_fsdev/dcd_stm32_fsdev.o
 .bss.xfer_status
                0x2000112c      0x100 ./tinyusb/src/portable/st/stm32_fsdev/dcd_stm32_fsdev.o
 .bss._tusb_rhport_role
                0x2000122c        0x2 ./tinyusb/src/tusb.o
                0x2000122c                _tusb_rhport_role
 *fill*         0x2000122e        0x2 
 .bss.__sf      0x20001230      0x138 C:/Program Files/STMicroelectronics/STM32CubeIDE_1.16.0/STM32CubeIDE/plugins/com.st.stm32cube.ide.mcu.externaltools.gnu-tools-for-stm32.13.3.rel1.win32_1.0.0.202411081344/tools/bin/../lib/gcc/arm-none-eabi/13.3.1/../../../../arm-none-eabi/lib/thumb/v7-m/nofp\libc_nano.a(libc_a-findfp.o)
                0x20001230                __sf
 *(COMMON)
                0x20001368                        . = ALIGN (0x4)
                0x20001368                        _ebss = .
                0x20001368                        __bss_end__ = _ebss

._user_heap_stack
                0x20001368      0x600 load address 0x0800b96c
                0x20001368                        . = ALIGN (0x8)
                [!provide]                        PROVIDE (end = .)
                0x20001368                        PROVIDE (_end = .)
                0x20001568                        . = (. + _Min_Heap_Size)
 *fill*         0x20001368      0x200 
                0x20001968                        . = (. + _Min_Stack_Size)
 *fill*         0x20001568      0x400 
                0x20001968                        . = ALIGN (0x8)

/DISCARD/
 libc.a(*)
 libm.a(*)
 libgcc.a(*)

.ARM.attributes
                0x00000000       0x29
 *(.ARM.attributes)
 .ARM.attributes
                0x00000000       0x1d C:/Program Files/STMicroelectronics/STM32CubeIDE_1.16.0/STM32CubeIDE/plugins/com.st.stm32cube.ide.mcu.externaltools.gnu-tools-for-stm32.13.3.rel1.win32_1.0.0.202411081344/tools/bin/../lib/gcc/arm-none-eabi/13.3.1/thumb/v7-m/nofp/crti.o
 .ARM.attributes
                0x0000001d       0x2d C:/Program Files/STMicroelectronics/STM32CubeIDE_1.16.0/STM32CubeIDE/plugins/com.st.stm32cube.ide.mcu.externaltools.gnu-tools-for-stm32.13.3.rel1.win32_1.0.0.202411081344/tools/bin/../lib/gcc/arm-none-eabi/13.3.1/thumb/v7-m/nofp/crtbegin.o
 .ARM.attributes
                0x0000004a       0x29 ./Core/Src/main.o
 .ARM.attributes
                0x00000073       0x29 ./Core/Src/stm32f1xx_hal_msp.o
 .ARM.attributes
                0x0000009c       0x29 ./Core/Src/stm32f1xx_it.o
 .ARM.attributes
                0x000000c5       0x29 ./Core/Src/system_stm32f1xx.o
 .ARM.attributes
                0x000000ee       0x21 ./Core/Startup/startup_stm32f103c8tx.o
 .ARM.attributes
                0x0000010f       0x29 ./Drivers/STM32F1xx_HAL_Driver/Src/stm32f1xx_hal.o
 .ARM.attributes
                0x00000138       0x29 ./Drivers/STM32F1xx_HAL_Driver/Src/stm32f1xx_hal_adc.o
 .ARM.attributes
                0x00000161       0x29 ./Drivers/STM32F1xx_HAL_Driver/Src/stm32f1xx_hal_cortex.o
 .ARM.attributes
                0x0000018a       0x29 ./Drivers/STM32F1xx_HAL_Driver/Src/stm32f1xx_hal_dma.o
 .ARM.attributes
                0x000001b3       0x29 ./Drivers/STM32F1xx_HAL_Driver/Src/stm32f1xx_hal_gpio.o
 .ARM.attributes
                0x000001dc       0x29 ./Drivers/STM32F1xx_HAL_Driver/Src/stm32f1xx_hal_rcc.o
 .ARM.attributes
                0x00000205       0x29 ./Drivers/STM32F1xx_HAL_Driver/Src/stm32f1xx_hal_rcc_ex.o
 .ARM.attributes
                0x0000022e       0x29 ./Drivers/STM32F1xx_HAL_Driver/Src/stm32f1xx_hal_spi.o
 .ARM.attributes
                0x00000257       0x29 ./Drivers/STM32F1xx_HAL_Driver/Src/stm32f1xx_hal_tim.o
 .ARM.attributes
                0x00000280       0x29 ./Drivers/STM32F1xx_HAL_Driver/Src/stm32f1xx_hal_tim_ex.o
 .ARM.attributes
                0x000002a9       0x29 ./Wheel/hardware_modules/hw_analog_input.o
 .ARM.attributes
                0x000002d2       0x29 ./Wheel/hardware_modules/hw_digital_input.o
 .ARM.attributes
                0x000002fb       0x29 ./Wheel/hardware_modules/hw_magnetometer.o
 .ARM.attributes
                0x00000324       0x29 ./Wheel/hardware_modules/hw_motor_driver.o
 .ARM.attributes
                0x0000034d       0x29 ./Wheel/software_modules/sw_actuator.o
 .ARM.attributes
                0x00000376       0x29 ./Wheel/software_modules/sw_buttons.o
 .ARM.attributes
                0x0000039f       0x29 ./Wheel/software_modules/sw_sensor.o
 .ARM.attributes
                0x000003c8       0x29 ./Wheel/software_modules/sw_shifter.o
 .ARM.attributes
                0x000003f1       0x29 ./Wheel/steeringwheel.o
 .ARM.attributes
                0x0000041a       0x29 ./Wheel/util.o
 .ARM.attributes
                0x00000443       0x29 ./Wheel/usb/usb_callbacks.o
 .ARM.attributes
                0x0000046c       0x29 ./Wheel/usb/usb_descriptors.o
 .ARM.attributes
                0x00000495       0x29 ./Wheel/usb/usb_processing.o
 .ARM.attributes
                0x000004be       0x2d ./ffb-lib/src/ffb_biquad.o
 .ARM.attributes
                0x000004eb       0x2d ./ffb-lib/src/ffb_c.o
 .ARM.attributes
                0x00000518       0x2d ./ffb-lib/src/ffb_calculator.o
 .ARM.attributes
                0x00000545       0x2d ./ffb-lib/src/ffb_descriptor.o
 .ARM.attributes
                0x00000572       0x2d ./ffb-lib/src/ffb_metrics.o
 .ARM.attributes
                0x0000059f       0x2d ./ffb-lib/src/ffb_metrics_c.o
 .ARM.attributes
                0x000005cc       0x2d ./ffb-lib/src/ffb_parser.o
 .ARM.attributes
                0x000005f9       0x29 ./tinyusb/src/class/hid/hid_device.o
 .ARM.attributes
                0x00000622       0x29 ./tinyusb/src/common/tusb_fifo.o
 .ARM.attributes
                0x0000064b       0x29 ./tinyusb/src/device/usbd.o
 .ARM.attributes
                0x00000674       0x29 ./tinyusb/src/portable/st/stm32_fsdev/dcd_stm32_fsdev.o
 .ARM.attributes
                0x0000069d       0x29 ./tinyusb/src/portable/st/stm32_fsdev/fsdev_common.o
 .ARM.attributes
                0x000006c6       0x29 ./tinyusb/src/tusb.o
 .ARM.attributes
                0x000006ef       0x2d C:/Program Files/STMicroelectronics/STM32CubeIDE_1.16.0/STM32CubeIDE/plugins/com.st.stm32cube.ide.mcu.externaltools.gnu-tools-for-stm32.13.3.rel1.win32_1.0.0.202411081344/tools/bin/../lib/gcc/arm-none-eabi/13.3.1/../../../../arm-none-eabi/lib/thumb/v7-m/nofp\libm.a(libm_a-wf_pow.o)
 .ARM.attributes
                0x0000071c       0x2d C:/Program Files/STMicroelectronics/STM32CubeIDE_1.16.0/STM32CubeIDE/plugins/com.st.stm32cube.ide.mcu.externaltools.gnu-tools-for-stm32.13.3.rel1.win32_1.0.0.202411081344/tools/bin/../lib/gcc/arm-none-eabi/13.3.1/../../../../arm-none-eabi/lib/thumb/v7-m/nofp\libm.a(libm_a-wf_sqrt.o)
 .ARM.attributes
                0x00000749       0x2d C:/Program Files/STMicroelectronics/STM32CubeIDE_1.16.0/STM32CubeIDE/plugins/com.st.stm32cube.ide.mcu.externaltools.gnu-tools-for-stm32.13.3.rel1.win32_1.0.0.202411081344/tools/bin/../lib/gcc/arm-none-eabi/13.3.1/../../../../arm-none-eabi/lib/thumb/v7-m/nofp\libm.a(libm_a-sf_sin.o)
 .ARM.attributes
                0x00000776       0x2d C:/Program Files/STMicroelectronics/STM32CubeIDE_1.16.0/STM32CubeIDE/plugins/com.st.stm32cube.ide.mcu.externaltools.gnu-tools-for-stm32.13.3.rel1.win32_1.0.0.202411081344/tools/bin/../lib/gcc/arm-none-eabi/13.3.1/../../../../arm-none-eabi/lib/thumb/v7-m/nofp\libm.a(libm_a-sf_tan.o)
 .ARM.attributes
                0x000007a3       0x2d C:/Program Files/STMicroelectronics/STM32CubeIDE_1.16.0/STM32CubeIDE/plugins/com.st.stm32cube.ide.mcu.externaltools.gnu-tools-for-stm32.13.3.rel1.win32_1.0.0.202411081344/tools/bin/../lib/gcc/arm-none-eabi/13.3.1/../../../../arm-none-eabi/lib/thumb/v7-m/nofp\libm.a(libm_a-sf_finite.o)
 .ARM.attributes
                0x000007d0       0x2d C:/Program Files/STMicroelectronics/STM32CubeIDE_1.16.0/STM32CubeIDE/plugins/com.st.stm32cube.ide.mcu.externaltools.gnu-tools-for-stm32.13.3.rel1.win32_1.0.0.202411081344/tools/bin/../lib/gcc/arm-none-eabi/13.3.1/../../../../arm-none-eabi/lib/thumb/v7-m/nofp\libm.a(libm_a-ef_sqrt.o)
 .ARM.attributes
                0x000007fd       0x2d C:/Program Files/STMicroelectronics/STM32CubeIDE_1.16.0/STM32CubeIDE/plugins/com.st.stm32cube.ide.mcu.externaltools.gnu-tools-for-stm32.13.3.rel1.win32_1.0.0.202411081344/tools/bin/../lib/gcc/arm-none-eabi/13.3.1/../../../../arm-none-eabi/lib/thumb/v7-m/nofp\libm.a(libm_a-kf_cos.o)
 .ARM.attributes
                0x0000082a       0x2d C:/Program Files/STMicroelectronics/STM32CubeIDE_1.16.0/STM32CubeIDE/plugins/com.st.stm32cube.ide.mcu.externaltools.gnu-tools-for-stm32.13.3.rel1.win32_1.0.0.202411081344/tools/bin/../lib/gcc/arm-none-eabi/13.3.1/../../../../arm-none-eabi/lib/thumb/v7-m/nofp\libm.a(libm_a-kf_sin.o)
 .ARM.attributes
                0x00000857       0x2d C:/Program Files/STMicroelectronics/STM32CubeIDE_1.16.0/STM32CubeIDE/plugins/com.st.stm32cube.ide.mcu.externaltools.gnu-tools-for-stm32.13.3.rel1.win32_1.0.0.202411081344/tools/bin/../lib/gcc/arm-none-eabi/13.3.1/../../../../arm-none-eabi/lib/thumb/v7-m/nofp\libm.a(libm_a-kf_tan.o)
 .ARM.attributes
                0x00000884       0x2d C:/Program Files/STMicroelectronics/STM32CubeIDE_1.16.0/STM32CubeIDE/plugins/com.st.stm32cube.ide.mcu.externaltools.gnu-tools-for-stm32.13.3.rel1.win32_1.0.0.202411081344/tools/bin/../lib/gcc/arm-none-eabi/13.3.1/../../../../arm-none-eabi/lib/thumb/v7-m/nofp\libm.a(libm_a-ef_pow.o)
 .ARM.attributes
                0x000008b1       0x2d C:/Program Files/STMicroelectronics/STM32CubeIDE_1.16.0/STM32CubeIDE/plugins/com.st.stm32cube.ide.mcu.externaltools.gnu-tools-for-stm32.13.3.rel1.win32_1.0.0.202411081344/tools/bin/../lib/gcc/arm-none-eabi/13.3.1/../../../../arm-none-eabi/lib/thumb/v7-m/nofp\libm.a(libm_a-ef_rem_pio2.o)
 .ARM.attributes
                0x000008de       0x2d C:/Program Files/STMicroelectronics/STM32CubeIDE_1.16.0/STM32CubeIDE/plugins/com.st.stm32cube.ide.mcu.externaltools.gnu-tools-for-stm32.13.3.rel1.win32_1.0.0.202411081344/tools/bin/../lib/gcc/arm-none-eabi/13.3.1/../../../../arm-none-eabi/lib/thumb/v7-m/nofp\libm.a(libm_a-sf_fabs.o)
 .ARM.attributes
                0x0000090b       0x2d C:/Program Files/STMicroelectronics/STM32CubeIDE_1.16.0/STM32CubeIDE/plugins/com.st.stm32cube.ide.mcu.externaltools.gnu-tools-for-stm32.13.3.rel1.win32_1.0.0.202411081344/tools/bin/../lib/gcc/arm-none-eabi/13.3.1/../../../../arm-none-eabi/lib/thumb/v7-m/nofp\libm.a(libm_a-sf_scalbn.o)
 .ARM.attributes
                0x00000938       0x2d C:/Program Files/STMicroelectronics/STM32CubeIDE_1.16.0/STM32CubeIDE/plugins/com.st.stm32cube.ide.mcu.externaltools.gnu-tools-for-stm32.13.3.rel1.win32_1.0.0.202411081344/tools/bin/../lib/gcc/arm-none-eabi/13.3.1/../../../../arm-none-eabi/lib/thumb/v7-m/nofp\libm.a(libm_a-math_errf.o)
 .ARM.attributes