../tinyusb/src/device/usbd.c:82:19:tud_vendor_control_xfer_cb	0	static
../tinyusb/src/device/usbd.c:648:13:configuration_reset	24	static,ignoring_inline_asm
../tinyusb/src/device/usbd.c:1486:6:usbd_int_set	0	static
../tinyusb/src/device/usbd.c:48:19:tud_event_hook_cb	0	static
../tinyusb/src/device/usbd.c:52:19:tud_sof_cb	0	static
../tinyusb/src/device/usbd.c:56:29:tud_descriptor_bos_cb	0	static
../tinyusb/src/device/usbd.c:60:29:tud_descriptor_device_qualifier_cb	0	static
../tinyusb/src/device/usbd.c:64:29:tud_descriptor_other_speed_configuration_cb	0	static
../tinyusb/src/device/usbd.c:69:19:tud_mount_cb	0	static
../tinyusb/src/device/usbd.c:72:19:tud_umount_cb	0	static
../tinyusb/src/device/usbd.c:75:19:tud_suspend_cb	0	static
../tinyusb/src/device/usbd.c:79:19:tud_resume_cb	0	static
../tinyusb/src/device/usbd.c:87:19:dcd_deinit	0	static
../tinyusb/src/device/usbd.c:92:19:dcd_connect	0	static
../tinyusb/src/device/usbd.c:96:19:dcd_disconnect	0	static
../tinyusb/src/device/usbd.c:100:19:dcd_dcache_clean	0	static
../tinyusb/src/device/usbd.c:105:19:dcd_dcache_invalidate	0	static
../tinyusb/src/device/usbd.c:110:19:dcd_dcache_clean_invalidate	0	static
../tinyusb/src/device/usbd.c:457:41:usbd_app_driver_get_cb	0	static
../tinyusb/src/device/usbd.c:462:19:dcd_edpt_xfer_fifo	0	static
../tinyusb/src/device/usbd.c:467:19:dcd_configure	0	static
../tinyusb/src/device/usbd.c:493:14:tud_speed_get	0	static
../tinyusb/src/device/usbd.c:497:6:tud_connected	0	static
../tinyusb/src/device/usbd.c:501:6:tud_mounted	0	static
../tinyusb/src/device/usbd.c:505:6:tud_suspended	0	static
../tinyusb/src/device/usbd.c:509:6:tud_remote_wakeup	8	static
../tinyusb/src/device/usbd.c:516:6:tud_disconnect	8	static
../tinyusb/src/device/usbd.c:521:6:tud_connect	8	static
../tinyusb/src/device/usbd.c:526:6:tud_sof_cb_enable	0	static
../tinyusb/src/device/usbd.c:530:6:tud_inited	0	static
../tinyusb/src/device/usbd.c:534:6:tud_configure	8	static
../tinyusb/src/device/usbd.c:538:6:tud_rhport_init	40	static,ignoring_inline_asm
../tinyusb/src/device/usbd.c:604:6:tud_deinit	32	static,ignoring_inline_asm
../tinyusb/src/device/usbd.c:664:6:tud_task_event_ready	0	static
../tinyusb/src/device/usbd.c:828:19:dcd_edpt0_status_complete	0	static
../tinyusb/src/device/usbd.c:833:10:usbd_get_ctrl_buf	0	static
../tinyusb/src/device/usbd.c:867:6:tud_control_status	16	static,ignoring_inline_asm
../tinyusb/src/device/usbd.c:874:6:tud_control_xfer	32	static,ignoring_inline_asm
../tinyusb/src/device/usbd.c:1387:24:dcd_event_handler	40	static,ignoring_inline_asm
../tinyusb/src/device/usbd.c:1494:6:usbd_spin_lock	8	static
../tinyusb/src/device/usbd.c:1497:6:usbd_spin_unlock	0	static
../tinyusb/src/device/usbd.c:1502:6:usbd_open_edpt_pair	32	static,ignoring_inline_asm
../tinyusb/src/device/usbd.c:1523:6:usbd_defer_func	32	static,ignoring_inline_asm
../tinyusb/src/device/usbd.c:1538:6:usbd_edpt_open	0	static,ignoring_inline_asm
../tinyusb/src/device/usbd.c:1547:6:usbd_edpt_claim	0	static
../tinyusb/src/device/usbd.c:1558:6:usbd_edpt_release	0	static
../tinyusb/src/device/usbd.c:1566:6:usbd_edpt_xfer	24	static,ignoring_inline_asm
../tinyusb/src/device/usbd.c:686:6:tud_task_ext	96	static,ignoring_inline_asm
../tinyusb/src/device/usbd.c:1604:6:usbd_edpt_xfer_fifo	24	static,ignoring_inline_asm
../tinyusb/src/device/usbd.c:1640:6:usbd_edpt_busy	0	static
../tinyusb/src/device/usbd.c:1649:6:usbd_edpt_stall	8	static
../tinyusb/src/device/usbd.c:1661:6:usbd_edpt_clear_stall	8	static
../tinyusb/src/device/usbd.c:1673:6:usbd_edpt_stalled	0	static
../tinyusb/src/device/usbd.c:1686:6:usbd_edpt_close	0	static
../tinyusb/src/device/usbd.c:1705:6:usbd_sof_enable	4	static
../tinyusb/src/device/usbd.c:1722:6:usbd_edpt_iso_alloc	0	static,ignoring_inline_asm
../tinyusb/src/device/usbd.c:1734:6:usbd_edpt_iso_activate	4	static,ignoring_inline_asm
