../tinyusb/src/portable/st/stm32_fsdev/dcd_stm32_fsdev.c:466:16:dcd_ep_alloc	4	static,ignoring_inline_asm
../tinyusb/src/portable/st/stm32_fsdev/dcd_stm32_fsdev.c:666:13:dcd_transmit_packet	40	static,ignoring_inline_asm
../tinyusb/src/portable/st/stm32_fsdev/dcd_stm32_fsdev.c:703:13:edpt_xfer.isra	16	static,ignoring_inline_asm
../tinyusb/src/portable/st/stm32_fsdev/dcd_stm32_fsdev.c:219:13:handle_bus_reset.isra	24	static,ignoring_inline_asm
../tinyusb/src/portable/st/stm32_fsdev/dcd_stm32_fsdev.c:159:6:dcd_init	8	static
../tinyusb/src/portable/st/stm32_fsdev/dcd_stm32_fsdev.c:183:6:dcd_deinit	8	static
../tinyusb/src/portable/st/stm32_fsdev/dcd_stm32_fsdev.c:191:6:dcd_sof_enable	0	static
../tinyusb/src/portable/st/stm32_fsdev/dcd_stm32_fsdev.c:202:6:dcd_set_address	0	static
../tinyusb/src/portable/st/stm32_fsdev/dcd_stm32_fsdev.c:212:6:dcd_remote_wakeup	0	static
../tinyusb/src/portable/st/stm32_fsdev/dcd_stm32_fsdev.c:341:6:dcd_int_handler	88	static,ignoring_inline_asm
../tinyusb/src/portable/st/stm32_fsdev/dcd_stm32_fsdev.c:426:6:dcd_edpt0_status_complete	0	static
../tinyusb/src/portable/st/stm32_fsdev/dcd_stm32_fsdev.c:532:6:dcd_edpt_open	32	static,ignoring_inline_asm
../tinyusb/src/portable/st/stm32_fsdev/dcd_stm32_fsdev.c:581:6:dcd_edpt_close_all	12	static,ignoring_inline_asm
../tinyusb/src/portable/st/stm32_fsdev/dcd_stm32_fsdev.c:600:6:dcd_edpt_iso_alloc	32	static,ignoring_inline_asm
../tinyusb/src/portable/st/stm32_fsdev/dcd_stm32_fsdev.c:629:6:dcd_edpt_iso_activate	12	static,ignoring_inline_asm
../tinyusb/src/portable/st/stm32_fsdev/dcd_stm32_fsdev.c:736:6:dcd_edpt_xfer	12	static
../tinyusb/src/portable/st/stm32_fsdev/dcd_stm32_fsdev.c:750:6:dcd_edpt_xfer_fifo	12	static
../tinyusb/src/portable/st/stm32_fsdev/dcd_stm32_fsdev.c:764:6:dcd_edpt_stall	8	static,ignoring_inline_asm
../tinyusb/src/portable/st/stm32_fsdev/dcd_stm32_fsdev.c:778:6:dcd_edpt_clear_stall	8	static,ignoring_inline_asm
../tinyusb/src/portable/st/stm32_fsdev/dcd_stm32_fsdev.c:796:6:dcd_int_enable	0	static,ignoring_inline_asm
../tinyusb/src/portable/st/stm32_fsdev/dcd_stm32_fsdev.c:800:6:dcd_int_disable	0	static,ignoring_inline_asm
